model_config:
%s
{
    "model": {
        "n_groups": [
            4
        ],
        "patch_size": 7,
        "in_chans": 200,
        "num_classes": 16,
        "depths": [
            1
        ],
        "dims": [
            64
        ],
        "split_ratio": 0,
        "forward_type": "v3noz",
        "spe_branch": 1,
        "mlp_ratio": 0,
        "ssm_conv": 0,
        "post_norm": 0
    },
    "schedule": {
        "optimizer": {
            "name": "AdamW",
            "params": {
                "lr": 0.001
            }
        },
        "lr_decay": {
            "name": "StepLR",
            "params": {
                "step_size": 30,
                "gamma": 0.9
            }
        }
    }
}
experiments will run on GPU device 0
model = asf_rsm_group
dataset = ip
dataset folder = ./datasets
patch size = 7
batch size = 64
total epoch = 300
0.1 for training and 0.9 testing
running an experiment with the asf_rsm_group model
run 1 / 10
: 72944 parameters
encoder_layers: 42784 parameters
encoder_layers.0: 42784 parameters
encoder_layers.0.0: 42784 parameters
encoder_layers.0.0.dynamic_pos: 640 parameters
encoder_layers.0.0.norm: 128 parameters
encoder_layers.0.0.op: 24064 parameters
encoder_layers.0.0.op.out_norm: 256 parameters
encoder_layers.0.0.op.in_proj: 8192 parameters
encoder_layers.0.0.op.act: 0 parameters
encoder_layers.0.0.op.out_proj: 8192 parameters
encoder_layers.0.0.op.dropout: 0 parameters
encoder_layers.0.0.norm_spe: 128 parameters
encoder_layers.0.0.op_spe: 216 parameters
encoder_layers.0.0.op_spe.out_norm: 4 parameters
encoder_layers.0.0.op_spe.in_proj: 2 parameters
encoder_layers.0.0.op_spe.act: 0 parameters
encoder_layers.0.0.op_spe.out_proj: 2 parameters
encoder_layers.0.0.op_spe.dropout: 0 parameters
encoder_layers.0.0.softmax_spe: 0 parameters
encoder_layers.0.0.softmax_spa: 0 parameters
encoder_layers.0.0.spa_gp: 0 parameters
encoder_layers.0.0.conv_branch: 13253 parameters
encoder_layers.0.0.conv_branch.conv1: 4224 parameters
encoder_layers.0.0.conv_branch.conv1.0: 4096 parameters
encoder_layers.0.0.conv_branch.conv1.1: 128 parameters
encoder_layers.0.0.conv_branch.conv1.2: 0 parameters
encoder_layers.0.0.conv_branch.conv2: 704 parameters
encoder_layers.0.0.conv_branch.conv2.0: 576 parameters
encoder_layers.0.0.conv_branch.conv2.1: 128 parameters
encoder_layers.0.0.conv_branch.conv2.2: 0 parameters
encoder_layers.0.0.conv_branch.conv3: 8320 parameters
encoder_layers.0.0.conv_branch.conv3.0: 8192 parameters
encoder_layers.0.0.conv_branch.conv3.1: 128 parameters
encoder_layers.0.0.conv_branch.conv3.2: 0 parameters
encoder_layers.0.0.conv_branch.conv_spe: 5 parameters
encoder_layers.0.0.conv_branch.conv_spe.0: 3 parameters
encoder_layers.0.0.conv_branch.conv_spe.1: 2 parameters
encoder_layers.0.0.conv_branch.conv_spe.2: 0 parameters
encoder_layers.0.0.fuse: 4355 parameters
encoder_layers.0.0.fuse.pool: 0 parameters
encoder_layers.0.0.fuse.fc1: 4288 parameters
encoder_layers.0.0.fuse.fc1.0: 4160 parameters
encoder_layers.0.0.fuse.fc1.1: 128 parameters
encoder_layers.0.0.fuse.fc1.2: 0 parameters
encoder_layers.0.0.fuse.fc2: 67 parameters
encoder_layers.0.0.fuse.fc2.0: 65 parameters
encoder_layers.0.0.fuse.fc2.1: 2 parameters
encoder_layers.0.0.fuse.sigmoid: 0 parameters
encoder_layers.0.0.drop_path: 0 parameters
pad: 0 parameters
group_emb: 28992 parameters
group_emb.proj: 28864 parameters
group_emb.batch_norm: 128 parameters
group_emb.relu: 0 parameters
classifier: 1168 parameters
classifier.norm: 128 parameters
classifier.permute: 0 parameters
classifier.avgpool: 0 parameters
classifier.flatten: 0 parameters
classifier.head: 1040 parameters
input params:
u.1
delta.1
A.1
B.1
C.1
D.1
delta_bias.1
input params:
u
delta
A
B
C
D
delta_bias
Unsupported operator aten::pad encountered 1 time(s)
Unsupported operator aten::clone encountered 2 time(s)
Unsupported operator aten::add encountered 6 time(s)
Unsupported operator prim::PythonOp.CrossScan_2x_spe encountered 1 time(s)
Unsupported operator prim::PythonOp.CrossMerge_2x_spe encountered 1 time(s)
Unsupported operator aten::softmax encountered 2 time(s)
Unsupported operator aten::mul encountered 5 time(s)
Unsupported operator prim::PythonOp.CrossScan_Ab_1direction encountered 1 time(s)
Unsupported operator prim::PythonOp.CrossMerge_Ab_1direction encountered 1 time(s)
Unsupported operator aten::add_ encountered 1 time(s)
Unsupported operator aten::silu_ encountered 4 time(s)
Unsupported operator aten::sigmoid encountered 1 time(s)
Unsupported operator aten::rsub encountered 1 time(s)
The following submodules of the model were never called during the trace of the graph. They may be unused, or they were accessed by direct calls to .forward() or via other python methods. In the latter case they will have zeros for statistics, though their statistics will still contribute to their parent calling module.
encoder_layers.0.0.drop_path
params 72944 GFLOPs 0.004198158
train at epoch 1/300, loss=2.342004
epoch = 1: best acc = 0.4338
epoch = 2: best acc = 0.4538
epoch = 3: best acc = 0.4966
epoch = 4: best acc = 0.5759
epoch = 5: best acc = 0.6196
epoch = 7: best acc = 0.7586
epoch = 9: best acc = 0.7888
train at epoch 10/300, loss=0.624662
epoch = 10: best acc = 0.8315
epoch = 14: best acc = 0.8349
epoch = 17: best acc = 0.8682
train at epoch 20/300, loss=0.194606
epoch = 23: best acc = 0.9102
epoch = 24: best acc = 0.9205
train at epoch 30/300, loss=0.119246
epoch = 31: best acc = 0.9528
epoch = 34: best acc = 0.9602
train at epoch 40/300, loss=0.060754
epoch = 46: best acc = 0.9773
train at epoch 50/300, loss=0.046767
train at epoch 60/300, loss=0.046135
epoch = 65: best acc = 0.9855
epoch = 67: best acc = 0.9908
train at epoch 70/300, loss=0.026806
train at epoch 80/300, loss=0.025637
train at epoch 90/300, loss=0.031470
epoch = 94: best acc = 0.9930
epoch = 95: best acc = 0.9930
train at epoch 100/300, loss=0.011887
train at epoch 110/300, loss=0.008233
train at epoch 120/300, loss=0.011417
epoch = 126: best acc = 0.9931
epoch = 127: best acc = 0.9935
train at epoch 130/300, loss=0.016179
train at epoch 140/300, loss=0.012966
epoch = 149: best acc = 0.9936
train at epoch 150/300, loss=0.006572
train at epoch 160/300, loss=0.006724
train at epoch 170/300, loss=0.004992
train at epoch 180/300, loss=0.012687
epoch = 189: best acc = 0.9936
train at epoch 190/300, loss=0.007774
train at epoch 200/300, loss=0.063179
epoch = 208: best acc = 0.9936
train at epoch 210/300, loss=0.004689
train at epoch 220/300, loss=0.004984
epoch = 228: best acc = 0.9938
epoch = 229: best acc = 0.9941
train at epoch 230/300, loss=0.002661
epoch = 230: best acc = 0.9943
train at epoch 240/300, loss=0.003754
epoch = 242: best acc = 0.9945
epoch = 243: best acc = 0.9947
train at epoch 250/300, loss=0.015141
train at epoch 260/300, loss=0.003498
train at epoch 270/300, loss=0.003259
train at epoch 280/300, loss=0.004185
train at epoch 290/300, loss=0.002133
train at epoch 300/300, loss=0.001529
Confusion matrix :
[[  41    0    0    0    0    0    0    0    0    0    0    0    0    0
     0    0]
 [   0 1277    2    0    0    0    0    0    0    0    6    0    0    0
     0    0]
 [   0    0  742    0    0    0    0    0    0    0    0    5    0    0
     0    0]
 [   0    0    0  207    0    0    0    0    0    0    0    6    0    0
     0    0]
 [   0    0    0    0  428    0    0    0    0    1    0    3    3    0
     0    0]
 [   0    0    0    0    0  657    0    0    0    0    0    0    0    0
     0    0]
 [   0    0    0    0    0    0   25    0    0    0    0    0    0    0
     0    0]
 [   0    0    0    0    0    0    0  430    0    0    0    0    0    0
     0    0]
 [   0    0    0    0    0    0    0    0   18    0    0    0    0    0
     0    0]
 [   0    1    0    0    0    0    0    0    0  870    4    0    0    0
     0    0]
 [   0    0    1    0    0    1    0    0    0    3 2203    0    0    0
     2    0]
 [   0    0    0    1    0    0    0    0    0    0    0  529    0    0
     0    4]
 [   0    0    0    0    0    0    0    0    0    0    0    0  185    0
     0    0]
 [   0    0    0    0    0    0    0    0    0    0    0    0    0 1135
     4    0]
 [   0    0    0    0    0    0    0    0    0    0    0    0    0    2
   345    0]
 [   0    0    0    0    0    0    0    0    0    0    0    0    0    0
     0   84]]---
Accuracy : 99.47%
---
class acc :
	Alfalfa: 100.00
	Corn-notill: 99.38
	Corn-mintill: 99.33
	Corn: 97.18
	Grass-pasture: 98.39
	Grass-trees: 100.00
	Grass-pasture-mowed: 100.00
	Hay-windrowed: 100.00
	Oats: 100.00
	Soybean-notill: 99.43
	Soybean-mintill: 99.68
	Soybean-clean: 99.06
	Wheat: 100.00
	Woods: 99.65
	Buildings-Grass-Trees-Drives: 99.42
	Stone-Steel-Towers: 100.00
---
[100.          99.37743191  99.33065596  97.18309859  98.3908046
 100.         100.         100.         100.          99.42857143
  99.68325792  99.06367041 100.          99.64881475  99.42363112
 100.        ]---
AA: 99.47%
Kappa: 99.39
