model_config:
%s
{
    "model": {
        "n_groups": [
            4
        ],
        "patch_size": 7,
        "in_chans": 200,
        "num_classes": 16,
        "dims": [
            64
        ],
        "depths": [
            1
        ],
        "ssm_d_state": 16,
        "ssm_ratio": 2,
        "ssm_dt_rank": "auto",
        "ssm_conv": 0,
        "ssm_conv_bias": true,
        "ssm_drop_rate": 0,
        "use_gate": false,
        "mlp_ratio": 4,
        "mlp_drop_rate": 0,
        "drop_path_rate": 0.1
    },
    "schedule": {
        "optimizer": {
            "name": "AdamW",
            "params": {
                "lr": 0.001
            }
        },
        "lr_decay": {
            "name": "StepLR",
            "params": {
                "step_size": 30,
                "gamma": 0.9
            }
        }
    }
}
experiments will run on GPU device 0
model = basic_spa_spe_mamba
dataset = ip
dataset folder = ./datasets
patch size = 7
batch size = 64
total epoch = 300
0.05 for training and 0.95 testing
running an experiment with the basic_spa_spe_mamba model
run 1 / 10
: 108834 parameters
pad: 0 parameters
group_emb: 28992 parameters
group_emb.proj: 28864 parameters
group_emb.batch_norm: 128 parameters
group_emb.relu: 0 parameters
blocks: 78674 parameters
blocks.0: 78674 parameters
blocks.0.spatial: 24192 parameters
blocks.0.spatial.norm: 128 parameters
blocks.0.spatial.mamba: 24064 parameters
blocks.0.spatial.mamba.in_proj: 8192 parameters
blocks.0.spatial.mamba.act: 0 parameters
blocks.0.spatial.mamba.out_norm: 256 parameters
blocks.0.spatial.mamba.out_proj: 8192 parameters
blocks.0.spatial.mamba.dropout: 0 parameters
blocks.0.spectral: 21266 parameters
blocks.0.spectral.norm: 98 parameters
blocks.0.spectral.mamba: 21168 parameters
blocks.0.spectral.mamba.in_proj: 4802 parameters
blocks.0.spectral.mamba.act: 0 parameters
blocks.0.spectral.mamba.out_norm: 196 parameters
blocks.0.spectral.mamba.out_proj: 4802 parameters
blocks.0.spectral.mamba.dropout: 0 parameters
blocks.0.drop_path: 0 parameters
blocks.0.norm_ffn: 128 parameters
blocks.0.ffn: 33088 parameters
blocks.0.ffn.fc1: 16640 parameters
blocks.0.ffn.act: 0 parameters
blocks.0.ffn.fc2: 16448 parameters
blocks.0.ffn.drop: 0 parameters
norm: 128 parameters
head: 1040 parameters
params 108834 GFLOPs not reported for basic_spa_spe_mamba
train at epoch 1/300, loss=2.490314
epoch = 1: best acc = 0.4491
epoch = 2: best acc = 0.4775
epoch = 5: best acc = 0.5092
epoch = 6: best acc = 0.5515
epoch = 8: best acc = 0.6157
train at epoch 10/300, loss=1.076301
epoch = 10: best acc = 0.6187
epoch = 11: best acc = 0.6684
epoch = 14: best acc = 0.7427
epoch = 15: best acc = 0.7590
epoch = 16: best acc = 0.7780
epoch = 19: best acc = 0.7867
train at epoch 20/300, loss=0.583754
epoch = 20: best acc = 0.7979
epoch = 22: best acc = 0.8184
train at epoch 30/300, loss=0.404720
epoch = 32: best acc = 0.8351
epoch = 34: best acc = 0.8598
epoch = 37: best acc = 0.8914
train at epoch 40/300, loss=0.232220
train at epoch 50/300, loss=0.211116
train at epoch 60/300, loss=0.182767
epoch = 62: best acc = 0.9039
epoch = 67: best acc = 0.9045
epoch = 68: best acc = 0.9205
epoch = 69: best acc = 0.9400
train at epoch 70/300, loss=0.083017
train at epoch 80/300, loss=0.037687
train at epoch 90/300, loss=0.045959
train at epoch 100/300, loss=0.043576
train at epoch 110/300, loss=0.032271
train at epoch 120/300, loss=0.033979
train at epoch 130/300, loss=0.033041
train at epoch 140/300, loss=0.031030
train at epoch 150/300, loss=0.024359
train at epoch 160/300, loss=0.012447
epoch = 167: best acc = 0.9433
epoch = 168: best acc = 0.9466
epoch = 169: best acc = 0.9472
train at epoch 170/300, loss=0.006892
epoch = 175: best acc = 0.9482
train at epoch 180/300, loss=0.005044
epoch = 181: best acc = 0.9486
epoch = 182: best acc = 0.9513
train at epoch 190/300, loss=0.006370
train at epoch 200/300, loss=0.003931
train at epoch 210/300, loss=0.007358
train at epoch 220/300, loss=0.004494
train at epoch 230/300, loss=0.009957
train at epoch 240/300, loss=0.003426
train at epoch 250/300, loss=0.002340
train at epoch 260/300, loss=0.002695
train at epoch 270/300, loss=0.008599
train at epoch 280/300, loss=0.002607
train at epoch 290/300, loss=0.001722
train at epoch 300/300, loss=0.001408
Confusion matrix :
[[  23    0    0    0    0    0    0   21    0    0    0    0    0    0
     0    0]
 [   0 1268    7    3    2    0    0    0    0   32   34   10    0    0
     0    1]
 [   0    3  735   24    1    0    0    0    0    1   20    5    0    0
     0    0]
 [   0    0    0  222    0    0    0    0    0    0    0    1    0    0
     2    0]
 [   0    0    4    0  435   10    1    0    0    0    0    8    0    0
     1    0]
 [   0    0    0    0    2  691    0    0    0    0    0    0    0    0
     0    0]
 [   0    0    0    0    0    0   22    4    0    0    0    0    0    0
     1    0]
 [   0    0    0    0    0    0    0  454    0    0    0    0    0    0
     0    0]
 [   0    0    0    0    7    0    0    0   11    0    0    0    1    0
     0    0]
 [   0    9    2    0    3    0    0    0    0  830   71    2    0    3
     3    0]
 [   0    8   10    0    0    7    0    0    0    8 2287   12    0    0
     0    0]
 [   0    0    0    1    0    0    0    0    0    1    1  554    0    0
     0    6]
 [   0    0    0    0    0    0    0    0    0    0    0    0  195    0
     0    0]
 [   0    0    0    0    1    0    0    0    0    0    0    0    1 1171
    29    0]
 [   0    9    0    0    0    8    0    0    0    4    0    0    6   63
   277    0]
 [   0    0    0    0    0    0    0    0    0    0    0    0    0    0
     0   88]]---
Accuracy : 95.13%
---
class acc :
	Alfalfa: 52.27
	Corn-notill: 93.44
	Corn-mintill: 93.16
	Corn: 98.67
	Grass-pasture: 94.77
	Grass-trees: 99.71
	Grass-pasture-mowed: 81.48
	Hay-windrowed: 100.00
	Oats: 57.89
	Soybean-notill: 89.92
	Soybean-mintill: 98.07
	Soybean-clean: 98.40
	Wheat: 100.00
	Woods: 97.42
	Buildings-Grass-Trees-Drives: 75.48
	Stone-Steel-Towers: 100.00
---
[ 52.27272727  93.44141489  93.15589354  98.66666667  94.77124183
  99.71139971  81.48148148 100.          57.89473684  89.92416035
  98.0703259   98.40142096 100.          97.42096506  75.47683924
 100.        ]---
AA: 89.42%
Kappa: 94.44
------Get classification maps successful-------
running an experiment with the basic_spa_spe_mamba model
run 2 / 10
train at epoch 1/300, loss=2.478533
epoch = 1: best acc = 0.4573
epoch = 3: best acc = 0.4737
epoch = 4: best acc = 0.4797
epoch = 5: best acc = 0.4995
epoch = 6: best acc = 0.5100
epoch = 7: best acc = 0.5880
epoch = 9: best acc = 0.5939
train at epoch 10/300, loss=1.063787
epoch = 10: best acc = 0.6343
epoch = 12: best acc = 0.6533
epoch = 13: best acc = 0.6695
epoch = 14: best acc = 0.6976
epoch = 15: best acc = 0.7569
train at epoch 20/300, loss=0.594225
epoch = 23: best acc = 0.8192
epoch = 25: best acc = 0.8244
epoch = 26: best acc = 0.8285
epoch = 29: best acc = 0.8338
train at epoch 30/300, loss=0.312437
epoch = 31: best acc = 0.8621
epoch = 34: best acc = 0.8639
train at epoch 40/300, loss=0.230390
epoch = 40: best acc = 0.8791
epoch = 46: best acc = 0.8908
epoch = 49: best acc = 0.9006
train at epoch 50/300, loss=0.127298
epoch = 55: best acc = 0.9045
epoch = 57: best acc = 0.9111
train at epoch 60/300, loss=0.120019
epoch = 64: best acc = 0.9156
epoch = 66: best acc = 0.9195
epoch = 67: best acc = 0.9201
train at epoch 70/300, loss=0.073166
train at epoch 80/300, loss=0.096476
epoch = 84: best acc = 0.9220
train at epoch 90/300, loss=0.105172
epoch = 95: best acc = 0.9268
train at epoch 100/300, loss=0.029669
train at epoch 110/300, loss=0.030176
epoch = 117: best acc = 0.9286
train at epoch 120/300, loss=0.027956
train at epoch 130/300, loss=0.016371
epoch = 135: best acc = 0.9310
epoch = 136: best acc = 0.9323
train at epoch 140/300, loss=0.043887
train at epoch 150/300, loss=0.011392
train at epoch 160/300, loss=0.013003
train at epoch 170/300, loss=0.044193
epoch = 179: best acc = 0.9341
train at epoch 180/300, loss=0.009447
epoch = 186: best acc = 0.9357
train at epoch 190/300, loss=0.005901
train at epoch 200/300, loss=0.022324
train at epoch 210/300, loss=0.005508
train at epoch 220/300, loss=0.002322
train at epoch 230/300, loss=0.002801
epoch = 237: best acc = 0.9358
train at epoch 240/300, loss=0.006356
train at epoch 250/300, loss=0.001659
train at epoch 260/300, loss=0.002963
train at epoch 270/300, loss=0.012764
train at epoch 280/300, loss=0.001472
train at epoch 290/300, loss=0.013480
train at epoch 300/300, loss=0.002959
Confusion matrix :
[[  16    1    0    0    0    0    0   26    0    0    0    0    0    0
     0    1]
 [   0 1249    7   21    0    2    0    0    0   31   41    4    0    1
     1    0]
 [   0    2  758   19    0    0    0    0    1    2    7    0    0    0
     0    0]
 [   0    2    9  213    0    0    0    0    0    0    0    1    0    0
     0    0]
 [   1   19    3    0  413    0    0   11    0    1    2    0    0    3
     6    0]
 [   0    0    0    0    1  688    0    0    0    0    2    0    0    1
     1    0]
 [   0    0    0    0    0    0   12   15    0    0    0    0    0    0
     0    0]
 [   0    0    0    0    0    0    0  454    0    0    0    0    0    0
     0    0]
 [   0    0    0    0    1    5    0    0    9    1    0    0    0    0
     3    0]
 [   0   27    1    0    0    5    0    0    0  819   65    3    0    0
     3    0]
 [   0   46    4    1    2    6    0    0    0   26 2206   30    0    2
     1    8]
 [   0    9    0    2    8    0    0    0    0    0   22  520    0    0
     1    1]
 [   0    0    0    0    0    0    0    0    0    0    0    0  195    0
     0    0]
 [   0    0    0    0    0    0    0    0    0    0    0    0    0 1174
    28    0]
 [   0    0    0    0    1    3    0    0    0    0    5    1    1   55
   301    0]
 [   0    0    0    0    0    0    0    0    0    0    0    3    0    0
     0   85]]---
Accuracy : 93.58%
---
class acc :
	Alfalfa: 36.36
	Corn-notill: 92.04
	Corn-mintill: 96.07
	Corn: 94.67
	Grass-pasture: 89.98
	Grass-trees: 99.28
	Grass-pasture-mowed: 44.44
	Hay-windrowed: 100.00
	Oats: 47.37
	Soybean-notill: 88.73
	Soybean-mintill: 94.60
	Soybean-clean: 92.36
	Wheat: 100.00
	Woods: 97.67
	Buildings-Grass-Trees-Drives: 82.02
	Stone-Steel-Towers: 96.59
---
[ 36.36363636  92.0412675   96.07097592  94.66666667  89.97821351
  99.27849928  44.44444444 100.          47.36842105  88.73239437
  94.59691252  92.36234458 100.          97.67054908  82.01634877
  96.59090909]---
AA: 84.51%
Kappa: 92.68
running an experiment with the basic_spa_spe_mamba model
run 3 / 10
train at epoch 1/300, loss=2.485607
epoch = 1: best acc = 0.4649
epoch = 2: best acc = 0.4721
epoch = 3: best acc = 0.4802
epoch = 4: best acc = 0.5182
epoch = 7: best acc = 0.5527
epoch = 8: best acc = 0.5543
epoch = 9: best acc = 0.6399
train at epoch 10/300, loss=0.953113
epoch = 11: best acc = 0.7046
epoch = 16: best acc = 0.7315
epoch = 19: best acc = 0.8023
train at epoch 20/300, loss=0.538561
epoch = 23: best acc = 0.8236
epoch = 25: best acc = 0.8329
train at epoch 30/300, loss=0.332929
epoch = 33: best acc = 0.8461
epoch = 36: best acc = 0.8486
train at epoch 40/300, loss=0.242075
epoch = 40: best acc = 0.8770
epoch = 41: best acc = 0.8859
epoch = 45: best acc = 0.9000
epoch = 48: best acc = 0.9112
train at epoch 50/300, loss=0.182297
epoch = 58: best acc = 0.9186
train at epoch 60/300, loss=0.092527
train at epoch 70/300, loss=0.096938
train at epoch 80/300, loss=0.048757
epoch = 85: best acc = 0.9224
train at epoch 90/300, loss=0.038309
train at epoch 100/300, loss=0.055360
epoch = 105: best acc = 0.9283
train at epoch 110/300, loss=0.061258
train at epoch 120/300, loss=0.039401
train at epoch 130/300, loss=0.051689
train at epoch 140/300, loss=0.022358
train at epoch 150/300, loss=0.017239
epoch = 156: best acc = 0.9283
train at epoch 160/300, loss=0.007559
epoch = 160: best acc = 0.9330
epoch = 162: best acc = 0.9337
epoch = 165: best acc = 0.9343
train at epoch 170/300, loss=0.009558
epoch = 179: best acc = 0.9351
train at epoch 180/300, loss=0.007009
train at epoch 190/300, loss=0.007363
epoch = 199: best acc = 0.9352
train at epoch 200/300, loss=0.005762
train at epoch 210/300, loss=0.014741
train at epoch 220/300, loss=0.010286
train at epoch 230/300, loss=0.022190
train at epoch 240/300, loss=0.021496
train at epoch 250/300, loss=0.002743
epoch = 254: best acc = 0.9366
epoch = 257: best acc = 0.9369
train at epoch 260/300, loss=0.001924
epoch = 261: best acc = 0.9378
epoch = 262: best acc = 0.9404
train at epoch 270/300, loss=0.002270
train at epoch 280/300, loss=0.011315
train at epoch 290/300, loss=0.002693
train at epoch 300/300, loss=0.003444
Confusion matrix :
[[  35    1    0    0    0    0    0    8    0    0    0    0    0    0
     0    0]
 [   0 1269    4    0    2    0    0    0    0   20   58    4    0    0
     0    0]
 [   0    6  746   16    0    0    0    0    0    0   14    6    1    0
     0    0]
 [   0   16    6  195    0    0    0    0    0    0    0    8    0    0
     0    0]
 [   0    5    0   13  408    3    0    0    0    0   14    4    0   10
     2    0]
 [   0    0    0    0    0  691    0    0    0    0    0    0    0    0
     2    0]
 [   0    0    0    0   11    0   16    0    0    0    0    0    0    0
     0    0]
 [   0    0    0    0    0    0    0  454    0    0    0    0    0    0
     0    0]
 [   0    1    4    0    0    0    0    0   10    0    0    4    0    0
     0    0]
 [   0   19   10    0    1    3    0    0    0  805   80    4    0    1
     0    0]
 [   0   36   27    0    9    0    0    0    0   24 2219   16    0    1
     0    0]
 [   0   12    5    2    0    0    0    0    0    1    6  537    0    0
     0    0]
 [   0    0    0    0    0    0    0    0    0    0    0    0  195    0
     0    0]
 [   0    0    0    0    1    0    0    0    0    0    0    0    0 1172
    29    0]
 [   0   11    0    0    1    1    0    0    0    0    0    1    0   34
   319    0]
 [   0    0    0    0    0    0    0    0    0    0    0    2    0    0
     0   86]]---
Accuracy : 94.04%
---
class acc :
	Alfalfa: 79.55
	Corn-notill: 93.52
	Corn-mintill: 94.55
	Corn: 86.67
	Grass-pasture: 88.89
	Grass-trees: 99.71
	Grass-pasture-mowed: 59.26
	Hay-windrowed: 100.00
	Oats: 52.63
	Soybean-notill: 87.22
	Soybean-mintill: 95.15
	Soybean-clean: 95.38
	Wheat: 100.00
	Woods: 97.50
	Buildings-Grass-Trees-Drives: 86.92
	Stone-Steel-Towers: 97.73
---
[ 79.54545455  93.51510685  94.55006337  86.66666667  88.88888889
  99.71139971  59.25925926 100.          52.63157895  87.2156013
  95.15437393  95.38188277 100.          97.50415973  86.92098093
  97.72727273]---
AA: 88.42%
Kappa: 93.20
running an experiment with the basic_spa_spe_mamba model
run 4 / 10
train at epoch 1/300, loss=2.439153
epoch = 1: best acc = 0.3934
epoch = 2: best acc = 0.4267
epoch = 3: best acc = 0.4697
epoch = 4: best acc = 0.4766
epoch = 5: best acc = 0.5178
epoch = 6: best acc = 0.5673
epoch = 7: best acc = 0.6078
epoch = 9: best acc = 0.6283
train at epoch 10/300, loss=0.995054
epoch = 11: best acc = 0.6947
epoch = 14: best acc = 0.7044
epoch = 15: best acc = 0.7377
epoch = 17: best acc = 0.7713
train at epoch 20/300, loss=0.541035
epoch = 20: best acc = 0.7860
epoch = 24: best acc = 0.7895
epoch = 25: best acc = 0.8062
epoch = 26: best acc = 0.8222
train at epoch 30/300, loss=0.320316
epoch = 31: best acc = 0.8385
epoch = 36: best acc = 0.8535
train at epoch 40/300, loss=0.230242
epoch = 42: best acc = 0.8630
train at epoch 50/300, loss=0.129776
epoch = 52: best acc = 0.8668
epoch = 56: best acc = 0.8951
train at epoch 60/300, loss=0.099296
train at epoch 70/300, loss=0.128567
train at epoch 80/300, loss=0.051644
epoch = 84: best acc = 0.9003
epoch = 85: best acc = 0.9038
epoch = 87: best acc = 0.9045
train at epoch 90/300, loss=0.028512
epoch = 99: best acc = 0.9077
train at epoch 100/300, loss=0.025299
epoch = 109: best acc = 0.9129
train at epoch 110/300, loss=0.016553
epoch = 110: best acc = 0.9129
epoch = 111: best acc = 0.9134
train at epoch 120/300, loss=0.030678
train at epoch 130/300, loss=0.027036
train at epoch 140/300, loss=0.025527
train at epoch 150/300, loss=0.015313
train at epoch 160/300, loss=0.020797
train at epoch 170/300, loss=0.020868
train at epoch 180/300, loss=0.043248
train at epoch 190/300, loss=0.023893
train at epoch 200/300, loss=0.105236
train at epoch 210/300, loss=0.010859
epoch = 214: best acc = 0.9139
train at epoch 220/300, loss=0.004389
epoch = 222: best acc = 0.9139
epoch = 223: best acc = 0.9149
epoch = 224: best acc = 0.9153
epoch = 225: best acc = 0.9158
train at epoch 230/300, loss=0.003877
epoch = 231: best acc = 0.9166
train at epoch 240/300, loss=0.002817
epoch = 249: best acc = 0.9196
train at epoch 250/300, loss=0.002691
epoch = 250: best acc = 0.9208
train at epoch 260/300, loss=0.005950
train at epoch 270/300, loss=0.002513
epoch = 275: best acc = 0.9219
train at epoch 280/300, loss=0.001850
train at epoch 290/300, loss=0.001561
train at epoch 300/300, loss=0.001895
Confusion matrix :
[[  19    2    0    0    0    0    0   23    0    0    0    0    0    0
     0    0]
 [   0 1178    9    0    0    0    0    0    0  121   37    4    0    6
     0    2]
 [   0    4  731    1    0    0    0    0    0    0   51    2    0    0
     0    0]
 [   0    4   52  166    0    0    0    0    0    0    0    3    0    0
     0    0]
 [   0    1    9    7  432    4    0    0    0    0    0    2    0    4
     0    0]
 [   3    0    1    0    0  685    0    0    2    0    0    0    0    2
     0    0]
 [   0    0    0    0    2    0   21    0    0    0    4    0    0    0
     0    0]
 [   1    0    0    0    0    0    0  453    0    0    0    0    0    0
     0    0]
 [   0    0    2    1    0    0    0    0   16    0    0    0    0    0
     0    0]
 [   0   15    8    0    0    2    0    0    0  831   64    0    0    1
     2    0]
 [   0   43   11    0    1    2    0    1    0   26 2236   10    0    0
     2    0]
 [   0    7    8    0    0    0    0    0    0    0   75  468    0    0
     0    5]
 [   0    0    0    0    0    0    0    0    0    0    0    0  195    0
     0    0]
 [   0    0    0    0    0    1    0    0    0    0    0    0    0 1174
    27    0]
 [   0    0    0    0    1    9    0    0    0    1    0    1    0   71
   284    0]
 [   0    0    0    0    0    0    0    0    0    0    0    0    0    0
     0   88]]---
Accuracy : 92.19%
---
class acc :
	Alfalfa: 43.18
	Corn-notill: 86.81
	Corn-mintill: 92.65
	Corn: 73.78
	Grass-pasture: 94.12
	Grass-trees: 98.85
	Grass-pasture-mowed: 77.78
	Hay-windrowed: 99.78
	Oats: 84.21
	Soybean-notill: 90.03
	Soybean-mintill: 95.88
	Soybean-clean: 83.13
	Wheat: 100.00
	Woods: 97.67
	Buildings-Grass-Trees-Drives: 77.38
	Stone-Steel-Towers: 100.00
---
[ 43.18181818  86.8091378   92.64892269  73.77777778  94.11764706
  98.84559885  77.77777778  99.77973568  84.21052632  90.03250271
  95.88336192  83.12611012 100.          97.67054908  77.38419619
 100.        ]---
AA: 87.20%
Kappa: 91.07
running an experiment with the basic_spa_spe_mamba model
run 5 / 10
train at epoch 1/300, loss=2.450231
epoch = 1: best acc = 0.4540
epoch = 2: best acc = 0.4771
epoch = 3: best acc = 0.4982
epoch = 4: best acc = 0.5071
epoch = 5: best acc = 0.5158
epoch = 6: best acc = 0.5291
epoch = 7: best acc = 0.5365
epoch = 8: best acc = 0.6049
train at epoch 10/300, loss=0.993972
epoch = 10: best acc = 0.6266
epoch = 11: best acc = 0.6841
epoch = 14: best acc = 0.6974
epoch = 15: best acc = 0.7413
epoch = 18: best acc = 0.7634
epoch = 19: best acc = 0.7761
train at epoch 20/300, loss=0.558373
epoch = 23: best acc = 0.8179
epoch = 26: best acc = 0.8217
train at epoch 30/300, loss=0.407340
epoch = 30: best acc = 0.8392
epoch = 35: best acc = 0.8441
train at epoch 40/300, loss=0.280796
epoch = 42: best acc = 0.8596
epoch = 46: best acc = 0.8691
train at epoch 50/300, loss=0.196278
epoch = 56: best acc = 0.8769
epoch = 57: best acc = 0.8995
train at epoch 60/300, loss=0.177125
epoch = 64: best acc = 0.9072
train at epoch 70/300, loss=0.056286
train at epoch 80/300, loss=0.063235
epoch = 81: best acc = 0.9123
train at epoch 90/300, loss=0.036263
epoch = 94: best acc = 0.9166
epoch = 96: best acc = 0.9178
epoch = 97: best acc = 0.9211
train at epoch 100/300, loss=0.051294
train at epoch 110/300, loss=0.118310
epoch = 119: best acc = 0.9211
train at epoch 120/300, loss=0.026085
epoch = 120: best acc = 0.9265
train at epoch 130/300, loss=0.016335
epoch = 130: best acc = 0.9274
epoch = 136: best acc = 0.9306
train at epoch 140/300, loss=0.008604
train at epoch 150/300, loss=0.024052
train at epoch 160/300, loss=0.011636
train at epoch 170/300, loss=0.005353
train at epoch 180/300, loss=0.008928
epoch = 184: best acc = 0.9339
epoch = 185: best acc = 0.9341
train at epoch 190/300, loss=0.005912
epoch = 196: best acc = 0.9345
train at epoch 200/300, loss=0.009653
train at epoch 210/300, loss=0.002993
train at epoch 220/300, loss=0.005506
train at epoch 230/300, loss=0.003420
epoch = 230: best acc = 0.9378
train at epoch 240/300, loss=0.002891
epoch = 242: best acc = 0.9383
train at epoch 250/300, loss=0.002069
train at epoch 260/300, loss=0.001836
train at epoch 270/300, loss=0.001645
train at epoch 280/300, loss=0.004483
train at epoch 290/300, loss=0.001810
train at epoch 300/300, loss=0.004300
Confusion matrix :
[[  40    1    0    0    2    0    0    0    0    1    0    0    0    0
     0    0]
 [   0 1240    6    0    0    0    0    0    0   23   82    5    0    1
     0    0]
 [   0    7  658   70    0    0    0    0    1    0   53    0    0    0
     0    0]
 [   0    4    0  216    0    0    0    0    0    0    0    3    0    2
     0    0]
 [   0    1    9    0  413   25    0    0    0    1    5    0    0    3
     2    0]
 [   0    0    0    0    7  685    0    0    0    0    0    0    0    0
     1    0]
 [   0    0    0    0    0    0   26    1    0    0    0    0    0    0
     0    0]
 [   0    0    0    0    0    0    0  454    0    0    0    0    0    0
     0    0]
 [   0    0    1    0    0    4    0    0   12    0    0    0    0    0
     2    0]
 [   0    9    1    0    1    0    0    0    0  878   31    1    0    1
     1    0]
 [   0   11   24    6    0    6    1    0    0   18 2251   15    0    0
     0    0]
 [   0    4    5    0    0    0    0    0    0    0    3  540    0    0
     9    2]
 [   0    0    0    0    0    0    0    0    0    0    0    0  195    0
     0    0]
 [   0    0    0    0    0    0    0    0    0    0    0    0    1 1163
    38    0]
 [   0    0    0    1   10    7    0    0    0    0    2    0    0   62
   285    0]
 [   0    0    0    0    0    0    0    0    0    0    0    8    0    0
     0   80]]---
Accuracy : 93.83%
---
class acc :
	Alfalfa: 90.91
	Corn-notill: 91.38
	Corn-mintill: 83.40
	Corn: 96.00
	Grass-pasture: 89.98
	Grass-trees: 98.85
	Grass-pasture-mowed: 96.30
	Hay-windrowed: 100.00
	Oats: 63.16
	Soybean-notill: 95.12
	Soybean-mintill: 96.53
	Soybean-clean: 95.91
	Wheat: 100.00
	Woods: 96.76
	Buildings-Grass-Trees-Drives: 77.66
	Stone-Steel-Towers: 90.91
---
[ 90.90909091  91.37803979  83.39670469  96.          89.97821351
  98.84559885  96.2962963  100.          63.15789474  95.12459372
  96.52658662  95.91474245 100.          96.75540765  77.65667575
  90.90909091]---
AA: 91.43%
Kappa: 92.95
running an experiment with the basic_spa_spe_mamba model
run 6 / 10
train at epoch 1/300, loss=2.477914
epoch = 1: best acc = 0.4349
epoch = 2: best acc = 0.4728
epoch = 3: best acc = 0.4936
epoch = 4: best acc = 0.5118
epoch = 5: best acc = 0.5386
epoch = 7: best acc = 0.5535
train at epoch 10/300, loss=1.054078
epoch = 10: best acc = 0.6337
epoch = 12: best acc = 0.7387
epoch = 17: best acc = 0.7539
epoch = 18: best acc = 0.7752
epoch = 19: best acc = 0.8112
train at epoch 20/300, loss=0.552333
epoch = 25: best acc = 0.8275
epoch = 29: best acc = 0.8425
train at epoch 30/300, loss=0.343830
epoch = 36: best acc = 0.8922
train at epoch 40/300, loss=0.187556
epoch = 42: best acc = 0.8934
epoch = 44: best acc = 0.9037
epoch = 45: best acc = 0.9123
train at epoch 50/300, loss=0.136419
epoch = 57: best acc = 0.9139
train at epoch 60/300, loss=0.178065
epoch = 68: best acc = 0.9265
train at epoch 70/300, loss=0.062735
train at epoch 80/300, loss=0.063004
train at epoch 90/300, loss=0.041130
epoch = 92: best acc = 0.9314
train at epoch 100/300, loss=0.024867
epoch = 100: best acc = 0.9374
train at epoch 110/300, loss=0.043329
train at epoch 120/300, loss=0.019000
epoch = 125: best acc = 0.9388
train at epoch 130/300, loss=0.007131
train at epoch 140/300, loss=0.041537
train at epoch 150/300, loss=0.063811
train at epoch 160/300, loss=0.016846
epoch = 169: best acc = 0.9391
train at epoch 170/300, loss=0.013761
train at epoch 180/300, loss=0.040635
epoch = 186: best acc = 0.9410
train at epoch 190/300, loss=0.022287
train at epoch 200/300, loss=0.007980
epoch = 204: best acc = 0.9433
epoch = 205: best acc = 0.9461
epoch = 206: best acc = 0.9467
train at epoch 210/300, loss=0.003025
train at epoch 220/300, loss=0.004172
epoch = 229: best acc = 0.9493
train at epoch 230/300, loss=0.003393
epoch = 232: best acc = 0.9494
train at epoch 240/300, loss=0.049049
train at epoch 250/300, loss=0.007947
train at epoch 260/300, loss=0.006516
train at epoch 270/300, loss=0.014835
train at epoch 280/300, loss=0.004634
train at epoch 290/300, loss=0.004466
train at epoch 300/300, loss=0.002603
Confusion matrix :
[[  41    0    0    0    0    0    0    3    0    0    0    0    0    0
     0    0]
 [   0 1285    8    2    0    0    0    0    0   10   24   26    0    2
     0    0]
 [   1    2  746   22    0    0    0    0    0    2   14    2    0    0
     0    0]
 [   0    1    6  211    0    0    0    0    0    0    0    6    0    0
     1    0]
 [  13   10   16    2  411    0    0    0    0    0    1    1    0    5
     0    0]
 [   0    0    0    0    0  693    0    0    0    0    0    0    0    0
     0    0]
 [   0    0    0    0    4    0   15    8    0    0    0    0    0    0
     0    0]
 [   0    0    0    0    0    0    0  454    0    0    0    0    0    0
     0    0]
 [   0    0    2    0    4    1    0    0   12    0    0    0    0    0
     0    0]
 [   0   43    1    0    3    3    0    0    0  849   18    6    0    0
     0    0]
 [   0   24    1    6    4    5    0    1    0   22 2242   25    0    1
     1    0]
 [   0    6    7    0    0    0    0    0    0    1    6  540    0    0
     0    3]
 [   0    0    2    0    0    0    0    0    0    0    0    0  193    0
     0    0]
 [   0    0    0    0    2    1    0    0    0    0    0    0    1 1169
    29    0]
 [   0    2    0    0    7   18    0    0    0    0    0    0    0   42
   298    0]
 [   0    2    0    0    0    0    0    0    0    0    0    1    0    0
     0   85]]---
Accuracy : 94.94%
---
class acc :
	Alfalfa: 93.18
	Corn-notill: 94.69
	Corn-mintill: 94.55
	Corn: 93.78
	Grass-pasture: 89.54
	Grass-trees: 100.00
	Grass-pasture-mowed: 55.56
	Hay-windrowed: 100.00
	Oats: 63.16
	Soybean-notill: 91.98
	Soybean-mintill: 96.14
	Soybean-clean: 95.91
	Wheat: 98.97
	Woods: 97.25
	Buildings-Grass-Trees-Drives: 81.20
	Stone-Steel-Towers: 96.59
---
[ 93.18181818  94.69417833  94.55006337  93.77777778  89.54248366
 100.          55.55555556 100.          63.15789474  91.98266522
  96.1406518   95.91474245  98.97435897  97.25457571  81.19891008
  96.59090909]---
AA: 90.16%
Kappa: 94.23
running an experiment with the basic_spa_spe_mamba model
run 7 / 10
train at epoch 1/300, loss=2.464690
epoch = 1: best acc = 0.4203
epoch = 2: best acc = 0.4550
epoch = 3: best acc = 0.4837
epoch = 4: best acc = 0.5192
epoch = 5: best acc = 0.5307
epoch = 6: best acc = 0.5517
epoch = 7: best acc = 0.5779
epoch = 8: best acc = 0.6249
epoch = 9: best acc = 0.6582
train at epoch 10/300, loss=1.047780
epoch = 11: best acc = 0.6645
epoch = 12: best acc = 0.7195
epoch = 17: best acc = 0.7265
train at epoch 20/300, loss=0.617175
epoch = 21: best acc = 0.8021
epoch = 28: best acc = 0.8032
epoch = 29: best acc = 0.8112
train at epoch 30/300, loss=0.387362
epoch = 31: best acc = 0.8203
epoch = 39: best acc = 0.8336
train at epoch 40/300, loss=0.241663
epoch = 43: best acc = 0.8566
epoch = 44: best acc = 0.8652
epoch = 46: best acc = 0.8699
train at epoch 50/300, loss=0.215234
train at epoch 60/300, loss=0.167955
epoch = 62: best acc = 0.8702
epoch = 63: best acc = 0.8795
epoch = 64: best acc = 0.9205
train at epoch 70/300, loss=0.109022
epoch = 79: best acc = 0.9236
train at epoch 80/300, loss=0.040324
train at epoch 90/300, loss=0.046421
epoch = 96: best acc = 0.9269
epoch = 98: best acc = 0.9272
train at epoch 100/300, loss=0.055890
train at epoch 110/300, loss=0.057619
train at epoch 120/300, loss=0.021272
epoch = 122: best acc = 0.9310
epoch = 123: best acc = 0.9323
epoch = 125: best acc = 0.9332
train at epoch 130/300, loss=0.061160
train at epoch 140/300, loss=0.026347
train at epoch 150/300, loss=0.012158
train at epoch 160/300, loss=0.015104
train at epoch 170/300, loss=0.010938
epoch = 175: best acc = 0.9332
epoch = 176: best acc = 0.9342
epoch = 177: best acc = 0.9351
epoch = 178: best acc = 0.9353
train at epoch 180/300, loss=0.005483
epoch = 182: best acc = 0.9365
train at epoch 190/300, loss=0.009852
train at epoch 200/300, loss=0.038689
train at epoch 210/300, loss=0.024699
train at epoch 220/300, loss=0.010548
train at epoch 230/300, loss=0.006086
train at epoch 240/300, loss=0.005636
train at epoch 250/300, loss=0.003162
train at epoch 260/300, loss=0.006568
train at epoch 270/300, loss=0.003174
epoch = 274: best acc = 0.9367
epoch = 279: best acc = 0.9376
train at epoch 280/300, loss=0.001739
train at epoch 290/300, loss=0.001832
train at epoch 300/300, loss=0.003872
Confusion matrix :
[[  42    0    0    0    0    0    0    2    0    0    0    0    0    0
     0    0]
 [   0 1237    2    2    0    0    0    0    0   31   79    2    0    3
     1    0]
 [   0    5  741   37    0    0    0    0    0    0    3    3    0    0
     0    0]
 [   0   16    0  201    0    0    0    0    0    0    0    8    0    0
     0    0]
 [   0    3    1    0  420    4    1    0    1    0    1   16    0   11
     1    0]
 [   0    0    0    0    2  688    0    0    0    0    0    0    0    0
     3    0]
 [   0    0    0    0    0    0   25    1    0    0    0    0    0    0
     1    0]
 [   0    0    0    0    0    0    0  454    0    0    0    0    0    0
     0    0]
 [   0    0    8    0    0    0    0    0   11    0    0    0    0    0
     0    0]
 [   0   15    1    0    0    0    0    0    0  846   56    1    1    2
     1    0]
 [   0   49   22    3    0    0    0    1    0   49 2165   43    0    0
     0    0]
 [   0   31    4    3    0    0    0    0    0    0    8  509    0    0
     3    5]
 [   0    0    0    0    0    0    0    0    0    0    0    0  195    0
     0    0]
 [   0    0    0    0    6    0    0    0    0    0    0    0    1 1169
    26    0]
 [   0    2    0    0    0    1    0    0    0    0    0    0    1   25
   338    0]
 [   0    0    0    0    0    0    0    0    0    0    0    0    0    0
     0   88]]---
Accuracy : 93.76%
---
class acc :
	Alfalfa: 95.45
	Corn-notill: 91.16
	Corn-mintill: 93.92
	Corn: 89.33
	Grass-pasture: 91.50
	Grass-trees: 99.28
	Grass-pasture-mowed: 92.59
	Hay-windrowed: 100.00
	Oats: 57.89
	Soybean-notill: 91.66
	Soybean-mintill: 92.84
	Soybean-clean: 90.41
	Wheat: 100.00
	Woods: 97.25
	Buildings-Grass-Trees-Drives: 92.10
	Stone-Steel-Towers: 100.00
---
[ 95.45454545  91.15696389  93.91634981  89.33333333  91.50326797
  99.27849928  92.59259259 100.          57.89473684  91.65763814
  92.83876501  90.40852575 100.          97.25457571  92.09809264
 100.        ]---
AA: 92.21%
Kappa: 92.88
running an experiment with the basic_spa_spe_mamba model
run 8 / 10
train at epoch 1/300, loss=2.429864
epoch = 1: best acc = 0.4324
epoch = 2: best acc = 0.4900
epoch = 3: best acc = 0.5062
epoch = 4: best acc = 0.5284
epoch = 7: best acc = 0.5360
epoch = 8: best acc = 0.6363
train at epoch 10/300, loss=0.986433
epoch = 11: best acc = 0.6858
epoch = 12: best acc = 0.7003
epoch = 14: best acc = 0.7496
epoch = 16: best acc = 0.7679
epoch = 18: best acc = 0.7952
train at epoch 20/300, loss=0.551135
epoch = 20: best acc = 0.7999
epoch = 23: best acc = 0.8361
train at epoch 30/300, loss=0.364975
epoch = 30: best acc = 0.8451
epoch = 33: best acc = 0.8703
epoch = 39: best acc = 0.8762
train at epoch 40/300, loss=0.189533
epoch = 40: best acc = 0.8804
epoch = 46: best acc = 0.8838
train at epoch 50/300, loss=0.196963
epoch = 56: best acc = 0.9093
epoch = 57: best acc = 0.9141
epoch = 59: best acc = 0.9161
train at epoch 60/300, loss=0.097899
epoch = 60: best acc = 0.9208
train at epoch 70/300, loss=0.077576
epoch = 76: best acc = 0.9229
train at epoch 80/300, loss=0.054036
epoch = 87: best acc = 0.9288
train at epoch 90/300, loss=0.062767
train at epoch 100/300, loss=0.086425
train at epoch 110/300, loss=0.038250
epoch = 117: best acc = 0.9299
train at epoch 120/300, loss=0.043279
epoch = 123: best acc = 0.9404
train at epoch 130/300, loss=0.016306
epoch = 130: best acc = 0.9428
epoch = 133: best acc = 0.9446
epoch = 134: best acc = 0.9460
epoch = 135: best acc = 0.9468
train at epoch 140/300, loss=0.009033
train at epoch 150/300, loss=0.006861
train at epoch 160/300, loss=0.009302
train at epoch 170/300, loss=0.007743
train at epoch 180/300, loss=0.060619
train at epoch 190/300, loss=0.020228
train at epoch 200/300, loss=0.069195
train at epoch 210/300, loss=0.007242
epoch = 214: best acc = 0.9472
train at epoch 220/300, loss=0.007300
epoch = 223: best acc = 0.9478
train at epoch 230/300, loss=0.006205
train at epoch 240/300, loss=0.008857
train at epoch 250/300, loss=0.006868
train at epoch 260/300, loss=0.003709
train at epoch 270/300, loss=0.017214
train at epoch 280/300, loss=0.002675
epoch = 281: best acc = 0.9491
epoch = 283: best acc = 0.9500
epoch = 286: best acc = 0.9510
epoch = 287: best acc = 0.9528
train at epoch 290/300, loss=0.002658
train at epoch 300/300, loss=0.002327
Confusion matrix :
[[  33    1    0    0    0    1    0    3    0    6    0    0    0    0
     0    0]
 [   0 1286   15    0    0    0    0    0    0   11   45    0    0    0
     0    0]
 [   0    3  746    1    0    0    0    0    0    3   33    3    0    0
     0    0]
 [   0    6   26  187    2    0    0    0    0    0    3    1    0    0
     0    0]
 [   1    0    0    1  429    7    0    0    9    7    0    0    0    5
     0    0]
 [   0    0    0    0    0  689    0    0    0    0    0    0    0    0
     4    0]
 [   0    0    0    0    0    0   27    0    0    0    0    0    0    0
     0    0]
 [   0    0    0    0    0    0    0  454    0    0    0    0    0    0
     0    0]
 [   0    0    0    0    0    0    0    0   17    0    0    0    0    0
     1    1]
 [   0   18    0    0    0    1    0    0    0  821   68   15    0    0
     0    0]
 [   0   14    2    1    3    2    0    0    0   18 2282    8    1    0
     1    0]
 [   0    3    1    2    2    0    0    0    0    0    6  542    0    0
     4    3]
 [   0    0    6    0    0    0    0    0    0    0    0    0  189    0
     0    0]
 [   0    0    0    0    0    0    0    0    0    0    0    0    0 1158
    43    1]
 [   0    4    0    0    0    4    0    0    0    0    0    2    1   27
   329    0]
 [   0    0    0    0    0    0    0    0    0    0    0    0    0    0
     0   88]]---
Accuracy : 95.28%
---
class acc :
	Alfalfa: 75.00
	Corn-notill: 94.77
	Corn-mintill: 94.55
	Corn: 83.11
	Grass-pasture: 93.46
	Grass-trees: 99.42
	Grass-pasture-mowed: 100.00
	Hay-windrowed: 100.00
	Oats: 89.47
	Soybean-notill: 88.95
	Soybean-mintill: 97.86
	Soybean-clean: 96.27
	Wheat: 96.92
	Woods: 96.34
	Buildings-Grass-Trees-Drives: 89.65
	Stone-Steel-Towers: 100.00
---
[ 75.          94.7678703   94.55006337  83.11111111  93.46405229
  99.42279942 100.         100.          89.47368421  88.94907909
  97.85591767  96.26998224  96.92307692  96.33943428  89.64577657
 100.        ]---
AA: 93.49%
Kappa: 94.60
running an experiment with the basic_spa_spe_mamba model
run 9 / 10
train at epoch 1/300, loss=2.478774
epoch = 1: best acc = 0.4570
epoch = 2: best acc = 0.4949
epoch = 4: best acc = 0.4965
epoch = 5: best acc = 0.5055
epoch = 6: best acc = 0.5428
epoch = 9: best acc = 0.5673
train at epoch 10/300, loss=1.026247
epoch = 11: best acc = 0.5896
epoch = 12: best acc = 0.6292
epoch = 13: best acc = 0.6604
epoch = 14: best acc = 0.7059
epoch = 15: best acc = 0.7441
train at epoch 20/300, loss=0.666282
epoch = 20: best acc = 0.7577
epoch = 21: best acc = 0.7873
epoch = 22: best acc = 0.7952
epoch = 24: best acc = 0.8314
epoch = 26: best acc = 0.8364
epoch = 27: best acc = 0.8448
train at epoch 30/300, loss=0.453079
epoch = 36: best acc = 0.8571
train at epoch 40/300, loss=0.222830
epoch = 42: best acc = 0.8745
train at epoch 50/300, loss=0.233048
epoch = 51: best acc = 0.8871
epoch = 55: best acc = 0.8980
epoch = 56: best acc = 0.9013
train at epoch 60/300, loss=0.129159
train at epoch 70/300, loss=0.104461
train at epoch 80/300, loss=0.109236
epoch = 80: best acc = 0.9022
epoch = 88: best acc = 0.9140
train at epoch 90/300, loss=0.050460
train at epoch 100/300, loss=0.029994
epoch = 103: best acc = 0.9247
train at epoch 110/300, loss=0.019182
epoch = 111: best acc = 0.9257
epoch = 115: best acc = 0.9260
train at epoch 120/300, loss=0.013619
epoch = 124: best acc = 0.9292
train at epoch 130/300, loss=0.038959
train at epoch 140/300, loss=0.077414
epoch = 146: best acc = 0.9307
epoch = 147: best acc = 0.9322
epoch = 148: best acc = 0.9330
train at epoch 150/300, loss=0.025261
train at epoch 160/300, loss=0.028429
train at epoch 170/300, loss=0.011032
train at epoch 180/300, loss=0.022965
train at epoch 190/300, loss=0.013725
train at epoch 200/300, loss=0.008125
epoch = 206: best acc = 0.9330
train at epoch 210/300, loss=0.006406
train at epoch 220/300, loss=0.004410
train at epoch 230/300, loss=0.007367
epoch = 238: best acc = 0.9347
train at epoch 240/300, loss=0.004061
train at epoch 250/300, loss=0.002461
train at epoch 260/300, loss=0.016535
train at epoch 270/300, loss=0.008730
train at epoch 280/300, loss=0.004005
train at epoch 290/300, loss=0.002672
train at epoch 300/300, loss=0.001817
Confusion matrix :
[[  21    1    0    0    0    0    0   21    0    1    0    0    0    0
     0    0]
 [   0 1215    3    3    0    0    0    8    0   37   89    2    0    0
     0    0]
 [   0    6  756    3    0    0    0    0    0    1    5   18    0    0
     0    0]
 [   0    6   23  183    1    0    0    0    0    0    0   12    0    0
     0    0]
 [   0    3    0    2  411    3    0   25    0   10    0    4    0    1
     0    0]
 [   0    0    0    0    0  693    0    0    0    0    0    0    0    0
     0    0]
 [   0    0    0    0    1    0    8   18    0    0    0    0    0    0
     0    0]
 [   0    0    0    0    0    0    0  454    0    0    0    0    0    0
     0    0]
 [   0    0    5    1    1    0    0    0   12    0    0    0    0    0
     0    0]
 [   0   48    2    0    0    0    0    0    0  839   32    2    0    0
     0    0]
 [   0   42   14    0    0    1    0    0    0   45 2205   23    0    0
     1    1]
 [   0    0    8    0    0    0    0    0    0    2   16  530    0    1
     0    6]
 [   0    0    0    0    0    0    0    0    0    0    0    0  195    0
     0    0]
 [   0    0    0    0    2    0    0    0    0    0    0    0    0 1190
    10    0]
 [   0    2    0    0    0    3    0    0    2    5    0    0    0   54
   301    0]
 [   0    0    0    0    0    0    0    0    0    0    0    0    0    0
     0   88]]---
Accuracy : 93.47%
---
class acc :
	Alfalfa: 47.73
	Corn-notill: 89.54
	Corn-mintill: 95.82
	Corn: 81.33
	Grass-pasture: 89.54
	Grass-trees: 100.00
	Grass-pasture-mowed: 29.63
	Hay-windrowed: 100.00
	Oats: 63.16
	Soybean-notill: 90.90
	Soybean-mintill: 94.55
	Soybean-clean: 94.14
	Wheat: 100.00
	Woods: 99.00
	Buildings-Grass-Trees-Drives: 82.02
	Stone-Steel-Towers: 100.00
---
[ 47.72727273  89.5357406   95.81749049  81.33333333  89.54248366
 100.          29.62962963 100.          63.15789474  90.8992416
  94.55403087  94.13854352 100.          99.00166389  82.01634877
 100.        ]---
AA: 84.83%
Kappa: 92.55
running an experiment with the basic_spa_spe_mamba model
run 10 / 10
train at epoch 1/300, loss=2.453192
epoch = 1: best acc = 0.4649
epoch = 2: best acc = 0.4677
epoch = 3: best acc = 0.4753
epoch = 4: best acc = 0.4834
epoch = 5: best acc = 0.5050
epoch = 6: best acc = 0.5368
epoch = 7: best acc = 0.5879
train at epoch 10/300, loss=1.009398
epoch = 10: best acc = 0.6089
epoch = 12: best acc = 0.6865
epoch = 13: best acc = 0.7308
epoch = 17: best acc = 0.8047
train at epoch 20/300, loss=0.524683
epoch = 24: best acc = 0.8212
epoch = 26: best acc = 0.8366
epoch = 28: best acc = 0.8426
train at epoch 30/300, loss=0.302123
epoch = 33: best acc = 0.8756
epoch = 39: best acc = 0.8928
train at epoch 40/300, loss=0.169545
train at epoch 50/300, loss=0.168107
epoch = 52: best acc = 0.8937
epoch = 54: best acc = 0.9003
epoch = 59: best acc = 0.9055
train at epoch 60/300, loss=0.086068
epoch = 62: best acc = 0.9098
train at epoch 70/300, loss=0.059293
epoch = 72: best acc = 0.9131
epoch = 77: best acc = 0.9140
train at epoch 80/300, loss=0.066535
epoch = 87: best acc = 0.9277
epoch = 89: best acc = 0.9296
train at epoch 90/300, loss=0.057540
train at epoch 100/300, loss=0.052741
train at epoch 110/300, loss=0.017670
train at epoch 120/300, loss=0.025523
epoch = 129: best acc = 0.9316
train at epoch 130/300, loss=0.015966
epoch = 133: best acc = 0.9317
epoch = 137: best acc = 0.9326
train at epoch 140/300, loss=0.023714
train at epoch 150/300, loss=0.015569
train at epoch 160/300, loss=0.005865
epoch = 163: best acc = 0.9355
train at epoch 170/300, loss=0.109989
train at epoch 180/300, loss=0.029184
train at epoch 190/300, loss=0.016838
train at epoch 200/300, loss=0.010325
train at epoch 210/300, loss=0.008989
train at epoch 220/300, loss=0.003783
train at epoch 230/300, loss=0.003368
train at epoch 240/300, loss=0.003738
train at epoch 250/300, loss=0.005885
train at epoch 260/300, loss=0.002710
train at epoch 270/300, loss=0.006039
train at epoch 280/300, loss=0.003104
train at epoch 290/300, loss=0.002098
train at epoch 300/300, loss=0.001727
Confusion matrix :
[[  31    0    0    0    0    0    0   13    0    0    0    0    0    0
     0    0]
 [   0 1237    1    0    0    0    0    0    0   89   30    0    0    0
     0    0]
 [   0    7  775    4    0    0    0    0    0    0    3    0    0    0
     0    0]
 [   0    1   37  181    1    3    0    0    0    0    0    1    0    0
     1    0]
 [   0    1    0    2  451    0    0    0    0    0    0    2    0    3
     0    0]
 [   0    0    0    0    2  686    0    0    0    0    1    0    0    1
     3    0]
 [   0    0    0    0    5    0   22    0    0    0    0    0    0    0
     0    0]
 [   0    0    0    1    0    0    0  453    0    0    0    0    0    0
     0    0]
 [   0    0    4    0    4    0    0    0   11    0    0    0    0    0
     0    0]
 [   0   12    1    0    3    1    0    0    0  870   32    3    0    1
     0    0]
 [   0   89   76    1    4    0    0    0    0   29 2118   15    0    0
     0    0]
 [   0   19    8    0    2    2    0    0    0    0   29  489    0    0
     2   12]
 [   0    0    1    0    0    0    0    0    0    0    0    0  191    3
     0    0]
 [   0    0    0    0    0    0    0    0    0    0    0    0    0 1191
    11    0]
 [   0    4    0    0    0   12    0    0    0    0    0    0    0   36
   315    0]
 [   0    0    0    0    0    0    0    0    0    0    0    0    0    0
     0   88]]---
Accuracy : 93.55%
---
class acc :
	Alfalfa: 70.45
	Corn-notill: 91.16
	Corn-mintill: 98.23
	Corn: 80.44
	Grass-pasture: 98.26
	Grass-trees: 98.99
	Grass-pasture-mowed: 81.48
	Hay-windrowed: 99.78
	Oats: 57.89
	Soybean-notill: 94.26
	Soybean-mintill: 90.82
	Soybean-clean: 86.86
	Wheat: 97.95
	Woods: 99.08
	Buildings-Grass-Trees-Drives: 85.83
	Stone-Steel-Towers: 100.00
---
[ 70.45454545  91.15696389  98.22560203  80.44444444  98.25708061
  98.98989899  81.48148148  99.77973568  57.89473684  94.25785482
  90.82332762  86.85612789  97.94871795  99.08485857  85.83106267
 100.        ]---
AA: 89.47%
Kappa: 92.66
Agregated results :
Confusion matrix :
[[3.0100e+01 7.0000e-01 0.0000e+00 0.0000e+00 2.0000e-01 1.0000e-01
  0.0000e+00 1.2000e+01 0.0000e+00 8.0000e-01 0.0000e+00 0.0000e+00
  0.0000e+00 0.0000e+00 0.0000e+00 1.0000e-01]
 [0.0000e+00 1.2464e+03 6.2000e+00 3.1000e+00 4.0000e-01 2.0000e-01
  0.0000e+00 8.0000e-01 0.0000e+00 4.0500e+01 5.1900e+01 5.7000e+00
  0.0000e+00 1.3000e+00 2.0000e-01 3.0000e-01]
 [1.0000e-01 4.5000e+00 7.3920e+02 1.9700e+01 1.0000e-01 0.0000e+00
  0.0000e+00 0.0000e+00 2.0000e-01 9.0000e-01 2.0300e+01 3.9000e+00
  1.0000e-01 0.0000e+00 0.0000e+00 0.0000e+00]
 [0.0000e+00 5.6000e+00 1.5900e+01 1.9750e+02 4.0000e-01 3.0000e-01
  0.0000e+00 0.0000e+00 0.0000e+00 0.0000e+00 3.0000e-01 4.4000e+00
  0.0000e+00 2.0000e-01 4.0000e-01 0.0000e+00]
 [1.5000e+00 4.3000e+00 4.2000e+00 2.7000e+00 4.2230e+02 5.6000e+00
  2.0000e-01 3.6000e+00 1.0000e+00 1.9000e+00 2.3000e+00 3.7000e+00
  0.0000e+00 4.5000e+00 1.2000e+00 0.0000e+00]
 [3.0000e-01 0.0000e+00 1.0000e-01 0.0000e+00 1.4000e+00 6.8890e+02
  0.0000e+00 0.0000e+00 2.0000e-01 0.0000e+00 3.0000e-01 0.0000e+00
  0.0000e+00 4.0000e-01 1.4000e+00 0.0000e+00]
 [0.0000e+00 0.0000e+00 0.0000e+00 0.0000e+00 2.3000e+00 0.0000e+00
  1.9400e+01 4.7000e+00 0.0000e+00 0.0000e+00 4.0000e-01 0.0000e+00
  0.0000e+00 0.0000e+00 2.0000e-01 0.0000e+00]
 [1.0000e-01 0.0000e+00 0.0000e+00 1.0000e-01 0.0000e+00 0.0000e+00
  0.0000e+00 4.5380e+02 0.0000e+00 0.0000e+00 0.0000e+00 0.0000e+00
  0.0000e+00 0.0000e+00 0.0000e+00 0.0000e+00]
 [0.0000e+00 1.0000e-01 2.6000e+00 2.0000e-01 1.7000e+00 1.0000e+00
  0.0000e+00 0.0000e+00 1.2100e+01 1.0000e-01 0.0000e+00 4.0000e-01
  1.0000e-01 0.0000e+00 6.0000e-01 1.0000e-01]
 [0.0000e+00 2.1500e+01 2.7000e+00 0.0000e+00 1.1000e+00 1.5000e+00
  0.0000e+00 0.0000e+00 0.0000e+00 8.3880e+02 5.1700e+01 3.7000e+00
  1.0000e-01 9.0000e-01 1.0000e+00 0.0000e+00]
 [0.0000e+00 3.6200e+01 1.9100e+01 1.8000e+00 2.3000e+00 2.9000e+00
  1.0000e-01 3.0000e-01 0.0000e+00 2.6500e+01 2.2211e+03 1.9700e+01
  1.0000e-01 4.0000e-01 6.0000e-01 9.0000e-01]
 [0.0000e+00 9.1000e+00 4.6000e+00 1.0000e+00 1.2000e+00 2.0000e-01
  0.0000e+00 0.0000e+00 0.0000e+00 5.0000e-01 1.7200e+01 5.2290e+02
  0.0000e+00 1.0000e-01 1.9000e+00 4.3000e+00]
 [0.0000e+00 0.0000e+00 9.0000e-01 0.0000e+00 0.0000e+00 0.0000e+00
  0.0000e+00 0.0000e+00 0.0000e+00 0.0000e+00 0.0000e+00 0.0000e+00
  1.9380e+02 3.0000e-01 0.0000e+00 0.0000e+00]
 [0.0000e+00 0.0000e+00 0.0000e+00 0.0000e+00 1.2000e+00 2.0000e-01
  0.0000e+00 0.0000e+00 0.0000e+00 0.0000e+00 0.0000e+00 0.0000e+00
  4.0000e-01 1.1731e+03 2.7000e+01 1.0000e-01]
 [0.0000e+00 3.4000e+00 0.0000e+00 1.0000e-01 2.0000e+00 6.6000e+00
  0.0000e+00 0.0000e+00 2.0000e-01 1.0000e+00 7.0000e-01 5.0000e-01
  9.0000e-01 4.6900e+01 3.0470e+02 0.0000e+00]
 [0.0000e+00 2.0000e-01 0.0000e+00 0.0000e+00 0.0000e+00 0.0000e+00
  0.0000e+00 0.0000e+00 0.0000e+00 0.0000e+00 0.0000e+00 1.4000e+00
  0.0000e+00 0.0000e+00 0.0000e+00 8.6400e+01]]---
Accuracy: 93.98 +- 0.88
---
class acc :
	Alfalfa: 68.41 +- 20.92
	Corn-notill: 91.85 +- 2.32
	Corn-mintill: 93.69 +- 3.75
	Corn: 87.78 +- 7.66
	Grass-pasture: 92.00 +- 2.89
	Grass-trees: 99.41 +- 0.42
	Grass-pasture-mowed: 71.85 +- 22.36
	Hay-windrowed: 99.96 +- 0.09
	Oats: 63.68 +- 12.55
	Soybean-notill: 90.88 +- 2.34
	Soybean-mintill: 95.24 +- 2.10
	Soybean-clean: 92.88 +- 4.54
	Wheat: 99.38 +- 1.05
	Woods: 97.60 +- 0.82
	Buildings-Grass-Trees-Drives: 83.02 +- 5.22
	Stone-Steel-Towers: 98.18 +- 2.79
---
[array([ 52.27272727,  93.44141489,  93.15589354,  98.66666667,
        94.77124183,  99.71139971,  81.48148148, 100.        ,
        57.89473684,  89.92416035,  98.0703259 ,  98.40142096,
       100.        ,  97.42096506,  75.47683924, 100.        ]), array([ 36.36363636,  92.0412675 ,  96.07097592,  94.66666667,
        89.97821351,  99.27849928,  44.44444444, 100.        ,
        47.36842105,  88.73239437,  94.59691252,  92.36234458,
       100.        ,  97.67054908,  82.01634877,  96.59090909]), array([ 79.54545455,  93.51510685,  94.55006337,  86.66666667,
        88.88888889,  99.71139971,  59.25925926, 100.        ,
        52.63157895,  87.2156013 ,  95.15437393,  95.38188277,
       100.        ,  97.50415973,  86.92098093,  97.72727273]), array([ 43.18181818,  86.8091378 ,  92.64892269,  73.77777778,
        94.11764706,  98.84559885,  77.77777778,  99.77973568,
        84.21052632,  90.03250271,  95.88336192,  83.12611012,
       100.        ,  97.67054908,  77.38419619, 100.        ]), array([ 90.90909091,  91.37803979,  83.39670469,  96.        ,
        89.97821351,  98.84559885,  96.2962963 , 100.        ,
        63.15789474,  95.12459372,  96.52658662,  95.91474245,
       100.        ,  96.75540765,  77.65667575,  90.90909091]), array([ 93.18181818,  94.69417833,  94.55006337,  93.77777778,
        89.54248366, 100.        ,  55.55555556, 100.        ,
        63.15789474,  91.98266522,  96.1406518 ,  95.91474245,
        98.97435897,  97.25457571,  81.19891008,  96.59090909]), array([ 95.45454545,  91.15696389,  93.91634981,  89.33333333,
        91.50326797,  99.27849928,  92.59259259, 100.        ,
        57.89473684,  91.65763814,  92.83876501,  90.40852575,
       100.        ,  97.25457571,  92.09809264, 100.        ]), array([ 75.        ,  94.7678703 ,  94.55006337,  83.11111111,
        93.46405229,  99.42279942, 100.        , 100.        ,
        89.47368421,  88.94907909,  97.85591767,  96.26998224,
        96.92307692,  96.33943428,  89.64577657, 100.        ]), array([ 47.72727273,  89.5357406 ,  95.81749049,  81.33333333,
        89.54248366, 100.        ,  29.62962963, 100.        ,
        63.15789474,  90.8992416 ,  94.55403087,  94.13854352,
       100.        ,  99.00166389,  82.01634877, 100.        ]), array([ 70.45454545,  91.15696389,  98.22560203,  80.44444444,
        98.25708061,  98.98989899,  81.48148148,  99.77973568,
        57.89473684,  94.25785482,  90.82332762,  86.85612789,
        97.94871795,  99.08485857,  85.83106267, 100.        ])]---
AA: 89.11 +- 2.81
Kappa: 93.13 +- 1.01
