model_config:
%s
{
    "model": {
        "n_groups": [
            4
        ],
        "patch_size": 7,
        "in_chans": 200,
        "num_classes": 16,
        "dims": [
            64
        ],
        "depths": [
            1
        ],
        "ssm_d_state": 16,
        "ssm_ratio": 2,
        "ssm_dt_rank": "auto",
        "ssm_conv": 3,
        "ssm_conv_bias": true,
        "ssm_drop_rate": 0,
        "use_gate": false,
        "mlp_ratio": 4,
        "mlp_drop_rate": 0,
        "drop_path_rate": 0.1
    },
    "schedule": {
        "optimizer": {
            "name": "AdamW",
            "params": {
                "lr": 0.001
            }
        },
        "lr_decay": {
            "name": "StepLR",
            "params": {
                "step_size": 30,
                "gamma": 0.9
            }
        }
    }
}
experiments will run on GPU device 0
model = basic_spa_spe_mamba
dataset = ip
dataset folder = ./datasets
patch size = 7
batch size = 64
total epoch = 300
0.1 for training and 0.9 testing
running an experiment with the basic_spa_spe_mamba model
run 1 / 10
: 110380 parameters
pad: 0 parameters
group_emb: 28992 parameters
group_emb.proj: 28864 parameters
group_emb.batch_norm: 128 parameters
group_emb.relu: 0 parameters
blocks: 80220 parameters
blocks.0: 80220 parameters
blocks.0.spatial: 25344 parameters
blocks.0.spatial.dynamic_pos: 640 parameters
blocks.0.spatial.norm: 128 parameters
blocks.0.spatial.mamba: 24576 parameters
blocks.0.spatial.mamba.in_proj: 8192 parameters
blocks.0.spatial.mamba.act: 0 parameters
blocks.0.spatial.mamba.conv1d: 512 parameters
blocks.0.spatial.mamba.out_norm: 256 parameters
blocks.0.spatial.mamba.out_proj: 8192 parameters
blocks.0.spatial.mamba.dropout: 0 parameters
blocks.0.spectral: 21660 parameters
blocks.0.spectral.norm: 98 parameters
blocks.0.spectral.mamba: 21560 parameters
blocks.0.spectral.mamba.in_proj: 4802 parameters
blocks.0.spectral.mamba.act: 0 parameters
blocks.0.spectral.mamba.conv1d: 392 parameters
blocks.0.spectral.mamba.out_norm: 196 parameters
blocks.0.spectral.mamba.out_proj: 4802 parameters
blocks.0.spectral.mamba.dropout: 0 parameters
blocks.0.drop_path: 0 parameters
blocks.0.norm_ffn: 128 parameters
blocks.0.ffn: 33088 parameters
blocks.0.ffn.fc1: 16640 parameters
blocks.0.ffn.act: 0 parameters
blocks.0.ffn.fc2: 16448 parameters
blocks.0.ffn.drop: 0 parameters
norm: 128 parameters
head: 1040 parameters
params 110380 GFLOPs not reported for basic_spa_spe_mamba
train at epoch 1/300, loss=2.295937
epoch = 1: best acc = 0.3442
epoch = 2: best acc = 0.4959
epoch = 3: best acc = 0.5139
epoch = 4: best acc = 0.5577
epoch = 5: best acc = 0.5633
epoch = 6: best acc = 0.6313
epoch = 8: best acc = 0.7299
epoch = 9: best acc = 0.7446
train at epoch 10/300, loss=0.771866
epoch = 11: best acc = 0.7683
epoch = 14: best acc = 0.7764
epoch = 15: best acc = 0.7959
epoch = 16: best acc = 0.8057
epoch = 18: best acc = 0.8145
epoch = 19: best acc = 0.8475
train at epoch 20/300, loss=0.427412
epoch = 21: best acc = 0.8511
epoch = 23: best acc = 0.8862
epoch = 25: best acc = 0.9084
train at epoch 30/300, loss=0.175933
epoch = 32: best acc = 0.9256
epoch = 34: best acc = 0.9269
epoch = 37: best acc = 0.9277
epoch = 39: best acc = 0.9283
train at epoch 40/300, loss=0.126373
train at epoch 50/300, loss=0.133139
epoch = 55: best acc = 0.9406
train at epoch 60/300, loss=0.043240
epoch = 60: best acc = 0.9494
epoch = 61: best acc = 0.9538
train at epoch 70/300, loss=0.033414
epoch = 71: best acc = 0.9550
epoch = 72: best acc = 0.9602
train at epoch 80/300, loss=0.018328
epoch = 81: best acc = 0.9611
train at epoch 90/300, loss=0.037272
train at epoch 100/300, loss=0.008218
train at epoch 110/300, loss=0.024154
epoch = 115: best acc = 0.9613
train at epoch 120/300, loss=0.041092
epoch = 124: best acc = 0.9616
train at epoch 130/300, loss=0.023056
train at epoch 140/300, loss=0.004768
epoch = 147: best acc = 0.9633
epoch = 148: best acc = 0.9637
epoch = 149: best acc = 0.9654
train at epoch 150/300, loss=0.018847
train at epoch 160/300, loss=0.022803
train at epoch 170/300, loss=0.004570
train at epoch 180/300, loss=0.003349
epoch = 188: best acc = 0.9654
epoch = 189: best acc = 0.9656
train at epoch 190/300, loss=0.002072
epoch = 190: best acc = 0.9659
epoch = 194: best acc = 0.9660
epoch = 195: best acc = 0.9675
epoch = 196: best acc = 0.9681
train at epoch 200/300, loss=0.001200
epoch = 208: best acc = 0.9681
epoch = 209: best acc = 0.9682
train at epoch 210/300, loss=0.000754
epoch = 210: best acc = 0.9685
epoch = 211: best acc = 0.9686
train at epoch 220/300, loss=0.010901
train at epoch 230/300, loss=0.030109
train at epoch 240/300, loss=0.003527
train at epoch 250/300, loss=0.001290
train at epoch 260/300, loss=0.000701
train at epoch 270/300, loss=0.001788
train at epoch 280/300, loss=0.001357
train at epoch 290/300, loss=0.001238
train at epoch 300/300, loss=0.023347
Confusion matrix :
[[  33    0    0    0    0    0    0    8    0    0    0    0    0    0
     0    0]
 [   0 1249    3    4    0    0    0    0    0    3   26    0    0    0
     0    0]
 [   0    1  725   11    0    0    0    0    0    0    9    1    0    0
     0    0]
 [   0    2    3  204    1    0    0    0    0    0    0    3    0    0
     0    0]
 [   0    0    0    6  415    4    0    0    0    0    0    1    0    4
     5    0]
 [   0    0    0    0    4  651    0    0    0    0    0    0    0    0
     2    0]
 [   0    0    0    0    0    0   25    0    0    0    0    0    0    0
     0    0]
 [   0    0    0    0    0    0    0  430    0    0    0    0    0    0
     0    0]
 [   0    0    2    0    0    0    0    0   16    0    0    0    0    0
     0    0]
 [   0   26    0    0    0    2    0    0    0  822   25    0    0    0
     0    0]
 [   0   17    0    0    0   10    0    0    0   11 2169    1    0    0
     2    0]
 [   0   10    1    1    2    0    0    0    0    0    4  512    0    0
     0    4]
 [   0    0    0    0    0    0    0    0    0    0    0    0  185    0
     0    0]
 [   0    0    0    0    1    0    0    0    0    0    0    0    0 1104
    34    0]
 [   0    2    0    2    4    3    0    0    0    0    0    0    4   21
   311    0]
 [   0    0    0    0    0    0    0    0    0    0    0    0    0    0
     0   84]]---
Accuracy : 96.86%
---
class acc :
	Alfalfa: 80.49
	Corn-notill: 97.20
	Corn-mintill: 97.05
	Corn: 95.77
	Grass-pasture: 95.40
	Grass-trees: 99.09
	Grass-pasture-mowed: 100.00
	Hay-windrowed: 100.00
	Oats: 88.89
	Soybean-notill: 93.94
	Soybean-mintill: 98.14
	Soybean-clean: 95.88
	Wheat: 100.00
	Woods: 96.93
	Buildings-Grass-Trees-Drives: 89.63
	Stone-Steel-Towers: 100.00
---
[ 80.48780488  97.19844358  97.05488621  95.77464789  95.40229885
  99.08675799 100.         100.          88.88888889  93.94285714
  98.14479638  95.88014981 100.          96.92712906  89.62536023
 100.        ]---
AA: 95.53%
Kappa: 96.41
------Get classification maps successful-------
running an experiment with the basic_spa_spe_mamba model
run 2 / 10
train at epoch 1/300, loss=2.304551
epoch = 1: best acc = 0.3211
epoch = 2: best acc = 0.4967
epoch = 3: best acc = 0.5162
epoch = 4: best acc = 0.5657
epoch = 5: best acc = 0.5884
epoch = 6: best acc = 0.5911
epoch = 7: best acc = 0.6787
epoch = 8: best acc = 0.7275
train at epoch 10/300, loss=0.703500
epoch = 13: best acc = 0.7399
epoch = 16: best acc = 0.7905
epoch = 19: best acc = 0.8426
train at epoch 20/300, loss=0.430091
epoch = 24: best acc = 0.8751
epoch = 25: best acc = 0.8833
epoch = 26: best acc = 0.8945
epoch = 27: best acc = 0.9133
train at epoch 30/300, loss=0.188083
epoch = 32: best acc = 0.9167
epoch = 38: best acc = 0.9395
train at epoch 40/300, loss=0.080211
train at epoch 50/300, loss=0.080405
epoch = 56: best acc = 0.9493
epoch = 57: best acc = 0.9546
train at epoch 60/300, loss=0.066253
epoch = 62: best acc = 0.9582
train at epoch 70/300, loss=0.063574
train at epoch 80/300, loss=0.038290
train at epoch 90/300, loss=0.031152
epoch = 93: best acc = 0.9625
epoch = 94: best acc = 0.9659
epoch = 96: best acc = 0.9688
train at epoch 100/300, loss=0.041798
train at epoch 110/300, loss=0.008407
train at epoch 120/300, loss=0.045750
train at epoch 130/300, loss=0.006003
train at epoch 140/300, loss=0.016781
epoch = 147: best acc = 0.9692
train at epoch 150/300, loss=0.004382
train at epoch 160/300, loss=0.003641
train at epoch 170/300, loss=0.009913
epoch = 176: best acc = 0.9695
epoch = 177: best acc = 0.9704
train at epoch 180/300, loss=0.002042
train at epoch 190/300, loss=0.002427
train at epoch 200/300, loss=0.001775
train at epoch 210/300, loss=0.071676
train at epoch 220/300, loss=0.007937
train at epoch 230/300, loss=0.001676
epoch = 237: best acc = 0.9712
train at epoch 240/300, loss=0.001461
epoch = 243: best acc = 0.9712
train at epoch 250/300, loss=0.001456
train at epoch 260/300, loss=0.001328
train at epoch 270/300, loss=0.019829
train at epoch 280/300, loss=0.003376
train at epoch 290/300, loss=0.002489
train at epoch 300/300, loss=0.001930
Confusion matrix :
[[  37    0    0    0    0    0    2    2    0    0    0    0    0    0
     0    0]
 [   0 1233    0    0    2    0    0    0    0    6   37    3    0    4
     0    0]
 [   0    3  725    0    0    0    0    0    6    0    8    4    1    0
     0    0]
 [   0    1    4  208    0    0    0    0    0    0    0    0    0    0
     0    0]
 [   2    0    0    2  429    0    0    0    0    0    0    0    0    2
     0    0]
 [   0    0    0    0    0  654    0    0    0    0    1    0    2    0
     0    0]
 [   0    0    0    0    0    0   23    1    0    0    0    0    0    1
     0    0]
 [   0    0    0    0    0    0    0  430    0    0    0    0    0    0
     0    0]
 [   0    0    0    0    0    2    0    0   16    0    0    0    0    0
     0    0]
 [   0    6    0    0    1    0    0    0    0  816   40    7    0    5
     0    0]
 [   0    4    1    0    0    1    0    0    0    9 2172   22    0    1
     0    0]
 [   0    1    1    0    0    0    0    0    0    2    8  520    0    0
     1    1]
 [   0    0    0    0    0    0    0    0    1    0    0    0  184    0
     0    0]
 [   0    0    0    0    2    0    0    0    0    0    0    0    0 1112
    25    0]
 [   0    0    0    0    0    2    0    0    0    0    0    0    0   26
   319    0]
 [   0    0    0    0    0    0    0    0    0    0    0    3    0    0
     0   81]]---
Accuracy : 97.12%
---
class acc :
	Alfalfa: 90.24
	Corn-notill: 95.95
	Corn-mintill: 97.05
	Corn: 97.65
	Grass-pasture: 98.62
	Grass-trees: 99.54
	Grass-pasture-mowed: 92.00
	Hay-windrowed: 100.00
	Oats: 88.89
	Soybean-notill: 93.26
	Soybean-mintill: 98.28
	Soybean-clean: 97.38
	Wheat: 99.46
	Woods: 97.63
	Buildings-Grass-Trees-Drives: 91.93
	Stone-Steel-Towers: 96.43
---
[ 90.24390244  95.95330739  97.05488621  97.65258216  98.62068966
  99.543379    92.         100.          88.88888889  93.25714286
  98.28054299  97.37827715  99.45945946  97.62949956  91.93083573
  96.42857143]---
AA: 95.90%
Kappa: 96.71
running an experiment with the basic_spa_spe_mamba model
run 3 / 10
train at epoch 1/300, loss=2.280308
epoch = 1: best acc = 0.3510
epoch = 2: best acc = 0.4849
epoch = 3: best acc = 0.5091
epoch = 4: best acc = 0.5326
epoch = 5: best acc = 0.5359
epoch = 6: best acc = 0.5481
epoch = 7: best acc = 0.6153
epoch = 8: best acc = 0.6718
epoch = 9: best acc = 0.7306
train at epoch 10/300, loss=0.797758
epoch = 10: best acc = 0.7368
epoch = 12: best acc = 0.7821
epoch = 15: best acc = 0.8299
epoch = 17: best acc = 0.8331
epoch = 19: best acc = 0.8467
train at epoch 20/300, loss=0.290870
epoch = 24: best acc = 0.8491
epoch = 25: best acc = 0.8609
epoch = 26: best acc = 0.8730
epoch = 27: best acc = 0.9253
train at epoch 30/300, loss=0.205232
epoch = 33: best acc = 0.9346
epoch = 36: best acc = 0.9476
train at epoch 40/300, loss=0.083039
train at epoch 50/300, loss=0.041712
train at epoch 60/300, loss=0.067235
epoch = 66: best acc = 0.9547
train at epoch 70/300, loss=0.058983
train at epoch 80/300, loss=0.042799
epoch = 82: best acc = 0.9570
epoch = 86: best acc = 0.9578
epoch = 87: best acc = 0.9583
train at epoch 90/300, loss=0.020257
epoch = 97: best acc = 0.9610
train at epoch 100/300, loss=0.013055
train at epoch 110/300, loss=0.017137
epoch = 114: best acc = 0.9611
epoch = 115: best acc = 0.9622
train at epoch 120/300, loss=0.032574
epoch = 126: best acc = 0.9636
train at epoch 130/300, loss=0.007596
epoch = 132: best acc = 0.9636
epoch = 134: best acc = 0.9640
epoch = 139: best acc = 0.9640
train at epoch 140/300, loss=0.006169
train at epoch 150/300, loss=0.010998
train at epoch 160/300, loss=0.008112
train at epoch 170/300, loss=0.007838
epoch = 171: best acc = 0.9663
train at epoch 180/300, loss=0.006430
train at epoch 190/300, loss=0.006254
train at epoch 200/300, loss=0.020085
train at epoch 210/300, loss=0.006294
train at epoch 220/300, loss=0.001565
train at epoch 230/300, loss=0.000858
epoch = 233: best acc = 0.9665
epoch = 234: best acc = 0.9666
epoch = 235: best acc = 0.9667
epoch = 236: best acc = 0.9674
train at epoch 240/300, loss=0.003734
train at epoch 250/300, loss=0.000581
train at epoch 260/300, loss=0.044026
train at epoch 270/300, loss=0.004163
train at epoch 280/300, loss=0.000901
train at epoch 290/300, loss=0.001077
train at epoch 300/300, loss=0.001561
Confusion matrix :
[[  40    1    0    0    0    0    0    0    0    0    0    0    0    0
     0    0]
 [   0 1218    7    1    0    0    0    0    0   24   34    1    0    0
     0    0]
 [   0    7  731    1    0    0    0    0    0    0    2    6    0    0
     0    0]
 [   0    3    6  200    0    0    0    0    0    0    0    4    0    0
     0    0]
 [   1    0    0    5  414    5    0    0    0    0    0    2    0    7
     1    0]
 [   0    0    0    0    0  653    0    0    0    0    0    0    0    0
     4    0]
 [   0    0    0    0    0    0   25    0    0    0    0    0    0    0
     0    0]
 [   0    0    0    0    0    0    0  430    0    0    0    0    0    0
     0    0]
 [   0    0    8    0    1    0    0    0    9    0    0    0    0    0
     0    0]
 [   0    5    0    0    2    0    0    0    0  824   40    3    0    1
     0    0]
 [   0   15    5    0    1    0    0    0    0   21 2165    3    0    0
     0    0]
 [   0    2    0    2    0    0    0    0    0    3    0  524    0    0
     0    3]
 [   0    0    0    0    0    0    0    0    0    0    0    0  185    0
     0    0]
 [   0    0    0    0    2    0    0    0    1    0    0    0    0 1102
    34    0]
 [   0    0    0    0    2    1    0    0    1    0    0    0    2   18
   323    0]
 [   0    0    0    0    0    0    0    0    0    0    0    3    0    0
     0   81]]---
Accuracy : 96.74%
---
class acc :
	Alfalfa: 97.56
	Corn-notill: 94.79
	Corn-mintill: 97.86
	Corn: 93.90
	Grass-pasture: 95.17
	Grass-trees: 99.39
	Grass-pasture-mowed: 100.00
	Hay-windrowed: 100.00
	Oats: 50.00
	Soybean-notill: 94.17
	Soybean-mintill: 97.96
	Soybean-clean: 98.13
	Wheat: 100.00
	Woods: 96.75
	Buildings-Grass-Trees-Drives: 93.08
	Stone-Steel-Towers: 96.43
---
[ 97.56097561  94.78599222  97.85809906  93.89671362  95.17241379
  99.39117199 100.         100.          50.          94.17142857
  97.9638009   98.12734082 100.          96.75153644  93.08357349
  96.42857143]---
AA: 94.07%
Kappa: 96.28
running an experiment with the basic_spa_spe_mamba model
run 4 / 10
train at epoch 1/300, loss=2.278416
epoch = 1: best acc = 0.3496
epoch = 2: best acc = 0.4837
epoch = 3: best acc = 0.4975
epoch = 4: best acc = 0.5599
epoch = 5: best acc = 0.5741
epoch = 6: best acc = 0.6811
epoch = 9: best acc = 0.7064
train at epoch 10/300, loss=0.648011
epoch = 10: best acc = 0.7136
epoch = 11: best acc = 0.8278
epoch = 17: best acc = 0.8752
epoch = 18: best acc = 0.8826
train at epoch 20/300, loss=0.340533
epoch = 24: best acc = 0.8988
epoch = 29: best acc = 0.9281
train at epoch 30/300, loss=0.137363
train at epoch 40/300, loss=0.062612
train at epoch 50/300, loss=0.047669
epoch = 50: best acc = 0.9385
epoch = 52: best acc = 0.9425
train at epoch 60/300, loss=0.049093
epoch = 60: best acc = 0.9526
epoch = 66: best acc = 0.9558
epoch = 67: best acc = 0.9638
epoch = 68: best acc = 0.9668
train at epoch 70/300, loss=0.016582
epoch = 72: best acc = 0.9678
epoch = 73: best acc = 0.9700
train at epoch 80/300, loss=0.028010
train at epoch 90/300, loss=0.047157
train at epoch 100/300, loss=0.009260
train at epoch 110/300, loss=0.005775
epoch = 111: best acc = 0.9706
train at epoch 120/300, loss=0.015691
train at epoch 130/300, loss=0.061912
train at epoch 140/300, loss=0.014030
train at epoch 150/300, loss=0.011746
epoch = 157: best acc = 0.9720
epoch = 158: best acc = 0.9734
train at epoch 160/300, loss=0.002110
train at epoch 170/300, loss=0.003367
train at epoch 180/300, loss=0.012334
train at epoch 190/300, loss=0.011850
train at epoch 200/300, loss=0.011560
train at epoch 210/300, loss=0.002178
epoch = 214: best acc = 0.9740
train at epoch 220/300, loss=0.001123
epoch = 225: best acc = 0.9743
train at epoch 230/300, loss=0.001073
epoch = 230: best acc = 0.9757
train at epoch 240/300, loss=0.007313
train at epoch 250/300, loss=0.002798
train at epoch 260/300, loss=0.000864
train at epoch 270/300, loss=0.001698
train at epoch 280/300, loss=0.001326
train at epoch 290/300, loss=0.004100
train at epoch 300/300, loss=0.002313
Confusion matrix :
[[  41    0    0    0    0    0    0    0    0    0    0    0    0    0
     0    0]
 [   0 1253    3    1    1    0    0    0    0   13   11    2    0    1
     0    0]
 [   0    2  723   12    0    0    0    0    0    0   10    0    0    0
     0    0]
 [   0    2    3  207    0    0    0    0    0    0    0    1    0    0
     0    0]
 [   0    1    0   10  408    1    1    0    0    0    1    9    0    1
     3    0]
 [   0    0    0    0    0  657    0    0    0    0    0    0    0    0
     0    0]
 [   0    0    0    0    0    0   24    1    0    0    0    0    0    0
     0    0]
 [   1    0    0    0    0    0    0  429    0    0    0    0    0    0
     0    0]
 [   0    0    0    0    1    0    0    0   17    0    0    0    0    0
     0    0]
 [   0    8    0    0    0    0    0    0    0  826   36    2    0    3
     0    0]
 [   0    6    3    0    2    0    0    0    0    9 2190    0    0    0
     0    0]
 [   0    0    0    0    1    0    0    0    0    0    8  523    0    0
     0    2]
 [   0    0    0    0    0    0    0    0    0    0    1    0  184    0
     0    0]
 [   0    0    0    0    0    0    0    0    0    0    0    0    0 1129
    10    0]
 [   0    0    0    0    2    5    0    0    0    0    2    2    0   30
   306    0]
 [   0    0    0    0    0    0    0    0    0    0    0    0    0    0
     0   84]]---
Accuracy : 97.57%
---
class acc :
	Alfalfa: 100.00
	Corn-notill: 97.51
	Corn-mintill: 96.79
	Corn: 97.18
	Grass-pasture: 93.79
	Grass-trees: 100.00
	Grass-pasture-mowed: 96.00
	Hay-windrowed: 99.77
	Oats: 94.44
	Soybean-notill: 94.40
	Soybean-mintill: 99.10
	Soybean-clean: 97.94
	Wheat: 99.46
	Woods: 99.12
	Buildings-Grass-Trees-Drives: 88.18
	Stone-Steel-Towers: 100.00
---
[100.          97.50972763  96.78714859  97.18309859  93.79310345
 100.          96.          99.76744186  94.44444444  94.4
  99.09502262  97.94007491  99.45945946  99.12203687  88.18443804
 100.        ]---
AA: 97.11%
Kappa: 97.23
running an experiment with the basic_spa_spe_mamba model
run 5 / 10
train at epoch 1/300, loss=2.295563
epoch = 1: best acc = 0.3512
epoch = 2: best acc = 0.4975
epoch = 3: best acc = 0.5244
epoch = 4: best acc = 0.5628
epoch = 5: best acc = 0.6024
epoch = 6: best acc = 0.6926
epoch = 7: best acc = 0.7074
train at epoch 10/300, loss=0.705065
epoch = 10: best acc = 0.7358
epoch = 12: best acc = 0.8138
epoch = 15: best acc = 0.8466
epoch = 17: best acc = 0.8524
train at epoch 20/300, loss=0.290185
epoch = 23: best acc = 0.8741
epoch = 24: best acc = 0.8966
epoch = 28: best acc = 0.9230
train at epoch 30/300, loss=0.166276
train at epoch 40/300, loss=0.095131
epoch = 41: best acc = 0.9322
epoch = 45: best acc = 0.9501
epoch = 46: best acc = 0.9583
train at epoch 50/300, loss=0.169451
train at epoch 60/300, loss=0.066268
epoch = 64: best acc = 0.9620
train at epoch 70/300, loss=0.035568
epoch = 72: best acc = 0.9649
epoch = 73: best acc = 0.9653
epoch = 78: best acc = 0.9677
train at epoch 80/300, loss=0.032408
train at epoch 90/300, loss=0.079964
train at epoch 100/300, loss=0.024382
train at epoch 110/300, loss=0.023321
epoch = 115: best acc = 0.9690
train at epoch 120/300, loss=0.015773
epoch = 123: best acc = 0.9693
epoch = 124: best acc = 0.9737
train at epoch 130/300, loss=0.044631
train at epoch 140/300, loss=0.011681
epoch = 145: best acc = 0.9738
train at epoch 150/300, loss=0.004128
train at epoch 160/300, loss=0.024512
train at epoch 170/300, loss=0.005729
train at epoch 180/300, loss=0.005374
train at epoch 190/300, loss=0.003809
train at epoch 200/300, loss=0.012060
train at epoch 210/300, loss=0.001797
epoch = 215: best acc = 0.9745
train at epoch 220/300, loss=0.001192
epoch = 227: best acc = 0.9757
train at epoch 230/300, loss=0.000790
epoch = 235: best acc = 0.9763
train at epoch 240/300, loss=0.001305
epoch = 240: best acc = 0.9772
train at epoch 250/300, loss=0.000578
train at epoch 260/300, loss=0.001289
train at epoch 270/300, loss=0.023168
train at epoch 280/300, loss=0.010080
train at epoch 290/300, loss=0.001919
train at epoch 300/300, loss=0.000743
Confusion matrix :
[[  34    1    0    0    3    0    0    3    0    0    0    0    0    0
     0    0]
 [   0 1266    4    0    0    0    0    0    0    1   13    1    0    0
     0    0]
 [   0    0  713   30    0    0    0    0    0    0    0    4    0    0
     0    0]
 [   0    1    0  203    0    0    0    0    0    0    0    9    0    0
     0    0]
 [   0    3    0    0  424    1    0    0    0    0    3    1    0    0
     3    0]
 [   0    0    0    0    1  652    0    0    0    0    0    0    0    0
     4    0]
 [   0    0    0    0    0    0   25    0    0    0    0    0    0    0
     0    0]
 [   0    0    0    0    0    0    0  430    0    0    0    0    0    0
     0    0]
 [   0    0    0    0    0    0    0    0   18    0    0    0    0    0
     0    0]
 [   0    7    0    0    4    0    0    0    0  832   24    7    0    0
     1    0]
 [   0   17    0    0    1    0    0    0    0    2 2188    0    0    0
     2    0]
 [   0    1    2    0    0    0    0    0    0    0    6  518    0    0
     4    3]
 [   0    0    0    0    0    0    0    0    0    0    0    0  185    0
     0    0]
 [   0    0    0    0    0    0    0    0    0    0    0    0    0 1103
    36    0]
 [   0    0    0    0    0    0    0    0    0    0    0    0    0    5
   342    0]
 [   0    0    0    0    0    0    0    0    0    0    0    2    0    0
     0   82]]---
Accuracy : 97.72%
---
class acc :
	Alfalfa: 82.93
	Corn-notill: 98.52
	Corn-mintill: 95.45
	Corn: 95.31
	Grass-pasture: 97.47
	Grass-trees: 99.24
	Grass-pasture-mowed: 100.00
	Hay-windrowed: 100.00
	Oats: 100.00
	Soybean-notill: 95.09
	Soybean-mintill: 99.00
	Soybean-clean: 97.00
	Wheat: 100.00
	Woods: 96.84
	Buildings-Grass-Trees-Drives: 98.56
	Stone-Steel-Towers: 97.62
---
[ 82.92682927  98.52140078  95.44846051  95.30516432  97.47126437
  99.23896499 100.         100.         100.          95.08571429
  99.00452489  97.00374532 100.          96.83933275  98.55907781
  97.61904762]---
AA: 97.06%
Kappa: 97.40
running an experiment with the basic_spa_spe_mamba model
run 6 / 10
train at epoch 1/300, loss=2.270644
epoch = 1: best acc = 0.3853
epoch = 2: best acc = 0.4687
epoch = 3: best acc = 0.5253
epoch = 4: best acc = 0.5712
epoch = 5: best acc = 0.5862
epoch = 6: best acc = 0.6155
epoch = 7: best acc = 0.6491
epoch = 8: best acc = 0.7174
epoch = 9: best acc = 0.7607
train at epoch 10/300, loss=0.756659
epoch = 11: best acc = 0.7848
epoch = 14: best acc = 0.8179
epoch = 17: best acc = 0.8300
epoch = 18: best acc = 0.8553
train at epoch 20/300, loss=0.446541
epoch = 25: best acc = 0.8669
epoch = 28: best acc = 0.9148
epoch = 29: best acc = 0.9259
train at epoch 30/300, loss=0.182198
epoch = 32: best acc = 0.9356
train at epoch 40/300, loss=0.145228
epoch = 40: best acc = 0.9494
epoch = 43: best acc = 0.9600
epoch = 44: best acc = 0.9615
train at epoch 50/300, loss=0.074821
epoch = 55: best acc = 0.9621
train at epoch 60/300, loss=0.046780
epoch = 68: best acc = 0.9676
epoch = 69: best acc = 0.9685
train at epoch 70/300, loss=0.032881
train at epoch 80/300, loss=0.028649
epoch = 82: best acc = 0.9688
epoch = 88: best acc = 0.9743
train at epoch 90/300, loss=0.024760
train at epoch 100/300, loss=0.017849
epoch = 109: best acc = 0.9782
train at epoch 110/300, loss=0.009369
epoch = 110: best acc = 0.9788
train at epoch 120/300, loss=0.034652
train at epoch 130/300, loss=0.018640
train at epoch 140/300, loss=0.006640
train at epoch 150/300, loss=0.022960
train at epoch 160/300, loss=0.052570
train at epoch 170/300, loss=0.010494
epoch = 174: best acc = 0.9793
epoch = 175: best acc = 0.9795
epoch = 177: best acc = 0.9802
train at epoch 180/300, loss=0.014860
train at epoch 190/300, loss=0.002673
train at epoch 200/300, loss=0.009122
epoch = 204: best acc = 0.9805
train at epoch 210/300, loss=0.002619
epoch = 218: best acc = 0.9807
train at epoch 220/300, loss=0.001340
epoch = 222: best acc = 0.9810
epoch = 223: best acc = 0.9811
epoch = 226: best acc = 0.9815
train at epoch 230/300, loss=0.008462
train at epoch 240/300, loss=0.040313
train at epoch 250/300, loss=0.025922
train at epoch 260/300, loss=0.003791
train at epoch 270/300, loss=0.001276
epoch = 275: best acc = 0.9817
train at epoch 280/300, loss=0.002806
train at epoch 290/300, loss=0.009733
train at epoch 300/300, loss=0.001090
Confusion matrix :
[[  40    1    0    0    0    0    0    0    0    0    0    0    0    0
     0    0]
 [   0 1266    7    0    0    0    0    0    0    4    1    7    0    0
     0    0]
 [   0    4  727   16    0    0    0    0    0    0    0    0    0    0
     0    0]
 [   0    0    3  210    0    0    0    0    0    0    0    0    0    0
     0    0]
 [   0   14    1    0  411    3    0    0    0    1    1    0    0    4
     0    0]
 [   0    0    0    0    0  655    0    0    0    0    0    0    0    0
     2    0]
 [   0    0    0    0    0    0   25    0    0    0    0    0    0    0
     0    0]
 [   0    0    0    0    0    0    0  430    0    0    0    0    0    0
     0    0]
 [   0    0    0    0    0    1    0    0   17    0    0    0    0    0
     0    0]
 [   0    3    0    0    0    2    0    0    0  859    6    5    0    0
     0    0]
 [   0    0    5    1    0    0    0    0    0   22 2182    0    0    0
     0    0]
 [   0    0    9    0    0    0    0    0    0    0    5  514    0    0
     1    5]
 [   0    0    1    0    0    0    0    0    0    0    0    0  184    0
     0    0]
 [   0    0    0    0    0    0    0    0    0    0    0    0    0 1125
    14    0]
 [   0    3    0    0    0    0    0    0    0    0    0    1    0   16
   327    0]
 [   0    0    0    0    0    0    0    0    0    0    0    0    0    0
     0   84]]---
Accuracy : 98.17%
---
class acc :
	Alfalfa: 97.56
	Corn-notill: 98.52
	Corn-mintill: 97.32
	Corn: 98.59
	Grass-pasture: 94.48
	Grass-trees: 99.70
	Grass-pasture-mowed: 100.00
	Hay-windrowed: 100.00
	Oats: 94.44
	Soybean-notill: 98.17
	Soybean-mintill: 98.73
	Soybean-clean: 96.25
	Wheat: 99.46
	Woods: 98.77
	Buildings-Grass-Trees-Drives: 94.24
	Stone-Steel-Towers: 100.00
---
[ 97.56097561  98.52140078  97.32262383  98.5915493   94.48275862
  99.695586   100.         100.          94.44444444  98.17142857
  98.73303167  96.25468165  99.45945946  98.77085162  94.23631124
 100.        ]---
AA: 97.89%
Kappa: 97.91
running an experiment with the basic_spa_spe_mamba model
run 7 / 10
train at epoch 1/300, loss=2.266340
epoch = 1: best acc = 0.3940
epoch = 2: best acc = 0.5021
epoch = 3: best acc = 0.5338
epoch = 4: best acc = 0.5562
epoch = 5: best acc = 0.5898
epoch = 6: best acc = 0.6315
epoch = 8: best acc = 0.7259
epoch = 9: best acc = 0.7371
train at epoch 10/300, loss=0.707077
epoch = 10: best acc = 0.7613
epoch = 12: best acc = 0.8055
epoch = 13: best acc = 0.8301
epoch = 16: best acc = 0.8330
train at epoch 20/300, loss=0.377140
epoch = 20: best acc = 0.8684
epoch = 21: best acc = 0.8745
epoch = 28: best acc = 0.9328
epoch = 29: best acc = 0.9332
train at epoch 30/300, loss=0.130319
epoch = 39: best acc = 0.9488
train at epoch 40/300, loss=0.080475
train at epoch 50/300, loss=0.050258
epoch = 51: best acc = 0.9536
train at epoch 60/300, loss=0.059125
epoch = 61: best acc = 0.9539
epoch = 67: best acc = 0.9628
train at epoch 70/300, loss=0.036667
epoch = 76: best acc = 0.9660
train at epoch 80/300, loss=0.022229
train at epoch 90/300, loss=0.052122
epoch = 93: best acc = 0.9667
epoch = 99: best acc = 0.9690
train at epoch 100/300, loss=0.019844
epoch = 106: best acc = 0.9705
train at epoch 110/300, loss=0.016904
train at epoch 120/300, loss=0.041908
train at epoch 130/300, loss=0.005490
train at epoch 140/300, loss=0.006098
train at epoch 150/300, loss=0.005442
epoch = 155: best acc = 0.9722
train at epoch 160/300, loss=0.017019
train at epoch 170/300, loss=0.009958
train at epoch 180/300, loss=0.030932
train at epoch 190/300, loss=0.008268
epoch = 198: best acc = 0.9729
train at epoch 200/300, loss=0.003198
train at epoch 210/300, loss=0.006655
train at epoch 220/300, loss=0.010225
epoch = 228: best acc = 0.9737
train at epoch 230/300, loss=0.002190
epoch = 235: best acc = 0.9737
epoch = 238: best acc = 0.9744
train at epoch 240/300, loss=0.002749
epoch = 242: best acc = 0.9744
epoch = 243: best acc = 0.9744
epoch = 247: best acc = 0.9744
train at epoch 250/300, loss=0.000552
epoch = 253: best acc = 0.9754
epoch = 254: best acc = 0.9776
epoch = 255: best acc = 0.9782
train at epoch 260/300, loss=0.000946
train at epoch 270/300, loss=0.000665
train at epoch 280/300, loss=0.000452
train at epoch 290/300, loss=0.000307
train at epoch 300/300, loss=0.002765
Confusion matrix :
[[  37    0    0    0    0    0    0    3    0    0    1    0    0    0
     0    0]
 [   0 1236    1    0    0    0    0    1    0   29   16    0    0    2
     0    0]
 [   0    4  733    8    0    0    0    0    0    0    0    2    0    0
     0    0]
 [   0    7    0  206    0    0    0    0    0    0    0    0    0    0
     0    0]
 [   0    1    1   16  413    1    0    0    0    0    1    1    0    0
     1    0]
 [   0    0    0    0    0  655    0    0    0    0    0    0    0    0
     2    0]
 [   0    0    0    0    0    0   25    0    0    0    0    0    0    0
     0    0]
 [   1    0    0    0    0    0    0  429    0    0    0    0    0    0
     0    0]
 [   0    0    9    0    0    0    0    0    9    0    0    0    0    0
     0    0]
 [   0    4    1    0    1    0    0    0    1  835   31    1    0    1
     0    0]
 [   0    9    3    0    0    0    0    0    0    5 2189    4    0    0
     0    0]
 [   0    1    0    0    0    0    0    0    0    0    0  530    0    0
     0    3]
 [   0    0    1    0    0    0    0    0    0    0    0    0  184    0
     0    0]
 [   0    0    0    0    0    0    0    0    0    0    0    0    0 1129
    10    0]
 [   0    1    0    0    1    1    0    0    0    1    0    0    0   11
   332    0]
 [   0    0    0    0    0    0    0    0    0    0    0    2    0    0
     0   82]]---
Accuracy : 97.82%
---
class acc :
	Alfalfa: 90.24
	Corn-notill: 96.19
	Corn-mintill: 98.13
	Corn: 96.71
	Grass-pasture: 94.94
	Grass-trees: 99.70
	Grass-pasture-mowed: 100.00
	Hay-windrowed: 99.77
	Oats: 50.00
	Soybean-notill: 95.43
	Soybean-mintill: 99.05
	Soybean-clean: 99.25
	Wheat: 99.46
	Woods: 99.12
	Buildings-Grass-Trees-Drives: 95.68
	Stone-Steel-Towers: 97.62
---
[ 90.24390244  96.18677043  98.12583668  96.71361502  94.94252874
  99.695586   100.          99.76744186  50.          95.42857143
  99.04977376  99.25093633  99.45945946  99.12203687  95.67723343
  97.61904762]---
AA: 94.46%
Kappa: 97.51
running an experiment with the basic_spa_spe_mamba model
run 8 / 10
train at epoch 1/300, loss=2.291548
epoch = 1: best acc = 0.2572
epoch = 2: best acc = 0.4525
epoch = 3: best acc = 0.5235
epoch = 4: best acc = 0.5358
epoch = 5: best acc = 0.5704
epoch = 6: best acc = 0.6397
epoch = 7: best acc = 0.6825
epoch = 8: best acc = 0.7213
train at epoch 10/300, loss=0.685758
epoch = 10: best acc = 0.7967
epoch = 16: best acc = 0.8026
train at epoch 20/300, loss=0.435939
epoch = 20: best acc = 0.8369
epoch = 21: best acc = 0.8557
epoch = 22: best acc = 0.8654
epoch = 24: best acc = 0.8714
epoch = 25: best acc = 0.8790
train at epoch 30/300, loss=0.203801
epoch = 31: best acc = 0.9204
epoch = 34: best acc = 0.9278
epoch = 35: best acc = 0.9293
train at epoch 40/300, loss=0.190265
epoch = 49: best acc = 0.9407
train at epoch 50/300, loss=0.105348
epoch = 53: best acc = 0.9433
train at epoch 60/300, loss=0.064651
epoch = 60: best acc = 0.9443
epoch = 62: best acc = 0.9552
epoch = 68: best acc = 0.9553
train at epoch 70/300, loss=0.053417
epoch = 71: best acc = 0.9574
epoch = 74: best acc = 0.9576
epoch = 76: best acc = 0.9605
train at epoch 80/300, loss=0.066761
train at epoch 90/300, loss=0.019309
train at epoch 100/300, loss=0.012259
train at epoch 110/300, loss=0.015874
train at epoch 120/300, loss=0.017605
epoch = 122: best acc = 0.9625
train at epoch 130/300, loss=0.011615
epoch = 131: best acc = 0.9627
train at epoch 140/300, loss=0.006922
epoch = 141: best acc = 0.9634
train at epoch 150/300, loss=0.009233
train at epoch 160/300, loss=0.040991
epoch = 167: best acc = 0.9637
train at epoch 170/300, loss=0.008391
train at epoch 180/300, loss=0.007939
epoch = 184: best acc = 0.9670
train at epoch 190/300, loss=0.003532
train at epoch 200/300, loss=0.005535
train at epoch 210/300, loss=0.012969
train at epoch 220/300, loss=0.008260
train at epoch 230/300, loss=0.001486
train at epoch 240/300, loss=0.015660
train at epoch 250/300, loss=0.013727
train at epoch 260/300, loss=0.004099
epoch = 267: best acc = 0.9672
train at epoch 270/300, loss=0.001685
epoch = 270: best acc = 0.9681
epoch = 271: best acc = 0.9690
train at epoch 280/300, loss=0.013030
train at epoch 290/300, loss=0.006010
train at epoch 300/300, loss=0.000626
Confusion matrix :
[[  39    1    0    0    0    0    0    1    0    0    0    0    0    0
     0    0]
 [   0 1219    9    0    0    0    0    0    0   22   33    1    0    1
     0    0]
 [   0    0  734   12    0    0    0    0    1    0    0    0    0    0
     0    0]
 [   0    1    9  201    1    0    0    0    0    0    0    1    0    0
     0    0]
 [   0    0    0    5  409   10    0    0    0    2    2    1    0    5
     1    0]
 [   0    0    0    0    0  652    0    0    0    0    1    0    0    0
     4    0]
 [   0    0    0    0    0    0   25    0    0    0    0    0    0    0
     0    0]
 [   0    0    0    0    0    0    0  430    0    0    0    0    0    0
     0    0]
 [   0    0    0    0    0    0    0    0   18    0    0    0    0    0
     0    0]
 [   0   16    5    0    0    0    0    0    0  833   20    0    0    1
     0    0]
 [   0    8    6    0    0    3    0    0    0   11 2180    1    0    0
     1    0]
 [   0    8    0    0    0    0    0    0    0    0    4  515    0    0
     6    1]
 [   0    0    0    0    0    0    0    0    0    0    0    0  185    0
     0    0]
 [   0    0    0    0    0    0    0    0    0    1    0    0    0 1089
    49    0]
 [   0    0    0    0    0    5    0    0    0    0    0    0    0   16
   326    0]
 [   0    0    0    0    0    0    0    0    0    0    0    0    0    0
     0   84]]---
Accuracy : 96.90%
---
class acc :
	Alfalfa: 95.12
	Corn-notill: 94.86
	Corn-mintill: 98.26
	Corn: 94.37
	Grass-pasture: 94.02
	Grass-trees: 99.24
	Grass-pasture-mowed: 100.00
	Hay-windrowed: 100.00
	Oats: 100.00
	Soybean-notill: 95.20
	Soybean-mintill: 98.64
	Soybean-clean: 96.44
	Wheat: 100.00
	Woods: 95.61
	Buildings-Grass-Trees-Drives: 93.95
	Stone-Steel-Towers: 100.00
---
[ 95.12195122  94.86381323  98.25970549  94.36619718  94.02298851
  99.23896499 100.         100.         100.          95.2
  98.64253394  96.44194757 100.          95.61018437  93.9481268
 100.        ]---
AA: 97.23%
Kappa: 96.47
running an experiment with the basic_spa_spe_mamba model
run 9 / 10
train at epoch 1/300, loss=2.268585
epoch = 1: best acc = 0.3681
epoch = 2: best acc = 0.5014
epoch = 3: best acc = 0.5157
epoch = 4: best acc = 0.5597
epoch = 5: best acc = 0.5726
epoch = 6: best acc = 0.6016
epoch = 7: best acc = 0.6589
epoch = 8: best acc = 0.6798
epoch = 9: best acc = 0.7504
train at epoch 10/300, loss=0.726206
epoch = 13: best acc = 0.7973
epoch = 19: best acc = 0.8667
train at epoch 20/300, loss=0.366885
epoch = 22: best acc = 0.9070
epoch = 24: best acc = 0.9217
train at epoch 30/300, loss=0.193767
epoch = 34: best acc = 0.9355
epoch = 38: best acc = 0.9483
train at epoch 40/300, loss=0.103510
epoch = 48: best acc = 0.9499
epoch = 49: best acc = 0.9587
train at epoch 50/300, loss=0.056994
train at epoch 60/300, loss=0.053617
epoch = 69: best acc = 0.9630
train at epoch 70/300, loss=0.026276
train at epoch 80/300, loss=0.032226
epoch = 89: best acc = 0.9638
train at epoch 90/300, loss=0.021572
epoch = 91: best acc = 0.9685
epoch = 92: best acc = 0.9702
train at epoch 100/300, loss=0.027112
train at epoch 110/300, loss=0.021079
train at epoch 120/300, loss=0.020416
train at epoch 130/300, loss=0.008824
epoch = 135: best acc = 0.9724
train at epoch 140/300, loss=0.050046
train at epoch 150/300, loss=0.007958
epoch = 150: best acc = 0.9726
train at epoch 160/300, loss=0.011208
train at epoch 170/300, loss=0.039734
train at epoch 180/300, loss=0.009975
train at epoch 190/300, loss=0.004889
train at epoch 200/300, loss=0.003661
train at epoch 210/300, loss=0.049790
train at epoch 220/300, loss=0.002067
train at epoch 230/300, loss=0.002738
train at epoch 240/300, loss=0.001206
train at epoch 250/300, loss=0.000745
epoch = 251: best acc = 0.9733
train at epoch 260/300, loss=0.000452
train at epoch 270/300, loss=0.014574
train at epoch 280/300, loss=0.002152
epoch = 285: best acc = 0.9736
epoch = 287: best acc = 0.9741
train at epoch 290/300, loss=0.000740
epoch = 290: best acc = 0.9750
train at epoch 300/300, loss=0.000791
Confusion matrix :
[[  40    1    0    0    0    0    0    0    0    0    0    0    0    0
     0    0]
 [   0 1244    5    2    0    0    0    0    0   19   15    0    0    0
     0    0]
 [   0    4  721   12    0    0    0    0    0    0    0   10    0    0
     0    0]
 [   0    5    2  201    0    0    0    0    0    0    0    5    0    0
     0    0]
 [   0    4    0    1  416    0    1    0    0    3    7    0    0    1
     2    0]
 [   0    0    0    0    0  655    0    0    0    0    1    0    0    0
     1    0]
 [   0    0    0    0    0    0   25    0    0    0    0    0    0    0
     0    0]
 [   0    0    0    0    0    0    0  430    0    0    0    0    0    0
     0    0]
 [   0    0    2    0    1    0    0    0   15    0    0    0    0    0
     0    0]
 [   0    6    0    0    0    0    0    0    0  848   20    1    0    0
     0    0]
 [   0   21    1    1    0    0    0    0    0    7 2170   10    0    0
     0    0]
 [   0    2    3    0    0    0    0    0    0    1    0  524    0    0
     0    4]
 [   0    0    0    0    0    0    0    0    0    0    0    0  185    0
     0    0]
 [   0    0    0    0    0    1    0    0    0    0    0    0    0 1126
    12    0]
 [   0    1    0    0    0    2    0    0    0    1    0    0    2   30
   311    0]
 [   0    0    0    0    0    0    0    0    0    0    0    1    0    0
     0   83]]---
Accuracy : 97.50%
---
class acc :
	Alfalfa: 97.56
	Corn-notill: 96.81
	Corn-mintill: 96.52
	Corn: 94.37
	Grass-pasture: 95.63
	Grass-trees: 99.70
	Grass-pasture-mowed: 100.00
	Hay-windrowed: 100.00
	Oats: 83.33
	Soybean-notill: 96.91
	Soybean-mintill: 98.19
	Soybean-clean: 98.13
	Wheat: 100.00
	Woods: 98.86
	Buildings-Grass-Trees-Drives: 89.63
	Stone-Steel-Towers: 98.81
---
[ 97.56097561  96.80933852  96.51941098  94.36619718  95.63218391
  99.695586   100.         100.          83.33333333  96.91428571
  98.19004525  98.12734082 100.          98.85864794  89.62536023
  98.80952381]---
AA: 96.53%
Kappa: 97.14
running an experiment with the basic_spa_spe_mamba model
run 10 / 10
train at epoch 1/300, loss=2.299368
epoch = 1: best acc = 0.3540
epoch = 2: best acc = 0.4870
epoch = 3: best acc = 0.5203
epoch = 4: best acc = 0.5508
epoch = 5: best acc = 0.6124
epoch = 6: best acc = 0.6636
epoch = 8: best acc = 0.6864
epoch = 9: best acc = 0.7544
train at epoch 10/300, loss=0.718520
epoch = 10: best acc = 0.7703
epoch = 11: best acc = 0.7802
epoch = 12: best acc = 0.8074
train at epoch 20/300, loss=0.373078
epoch = 23: best acc = 0.8295
epoch = 25: best acc = 0.8753
epoch = 28: best acc = 0.8939
train at epoch 30/300, loss=0.193741
epoch = 32: best acc = 0.9072
epoch = 34: best acc = 0.9144
epoch = 38: best acc = 0.9152
train at epoch 40/300, loss=0.173888
epoch = 41: best acc = 0.9223
epoch = 42: best acc = 0.9299
epoch = 46: best acc = 0.9411
train at epoch 50/300, loss=0.089326
epoch = 56: best acc = 0.9443
train at epoch 60/300, loss=0.066463
epoch = 60: best acc = 0.9445
train at epoch 70/300, loss=0.043725
epoch = 72: best acc = 0.9518
epoch = 74: best acc = 0.9553
epoch = 78: best acc = 0.9595
train at epoch 80/300, loss=0.025661
epoch = 86: best acc = 0.9613
train at epoch 90/300, loss=0.021295
train at epoch 100/300, loss=0.028154
train at epoch 110/300, loss=0.048542
epoch = 119: best acc = 0.9620
train at epoch 120/300, loss=0.009662
epoch = 121: best acc = 0.9636
train at epoch 130/300, loss=0.023425
epoch = 136: best acc = 0.9639
train at epoch 140/300, loss=0.018600
epoch = 144: best acc = 0.9648
epoch = 145: best acc = 0.9665
train at epoch 150/300, loss=0.005020
epoch = 154: best acc = 0.9669
epoch = 155: best acc = 0.9687
epoch = 156: best acc = 0.9700
train at epoch 160/300, loss=0.001912
train at epoch 170/300, loss=0.022315
train at epoch 180/300, loss=0.004372
train at epoch 190/300, loss=0.005082
train at epoch 200/300, loss=0.016174
train at epoch 210/300, loss=0.003394
train at epoch 220/300, loss=0.013524
train at epoch 230/300, loss=0.001338
train at epoch 240/300, loss=0.000839
train at epoch 250/300, loss=0.000614
train at epoch 260/300, loss=0.000887
train at epoch 270/300, loss=0.005183
train at epoch 280/300, loss=0.000534
train at epoch 290/300, loss=0.000480
train at epoch 300/300, loss=0.012784
Confusion matrix :
[[  41    0    0    0    0    0    0    0    0    0    0    0    0    0
     0    0]
 [   0 1261    1    3    0    0    0    0    0    3   14    3    0    0
     0    0]
 [   0    3  740    0    0    0    0    0    0    0    1    3    0    0
     0    0]
 [   0    0   14  198    1    0    0    0    0    0    0    0    0    0
     0    0]
 [   0   10    0    2  420    2    0    0    0    0    0    1    0    0
     0    0]
 [   0    2    0    0    8  646    0    0    0    0    1    0    0    0
     0    0]
 [   0    0    0    0    0    0   24    1    0    0    0    0    0    0
     0    0]
 [   0    0    0    0    0    0    0  430    0    0    0    0    0    0
     0    0]
 [   0    0    0    0    3    0    0    0   14    0    0    0    1    0
     0    0]
 [   0   11    0    0    0    1    0    0    0  810   37   14    0    2
     0    0]
 [   0   24    0    4    3    3    0    0    0   19 2155    2    0    0
     0    0]
 [   1   13    4    4    0    2    0    0    0    0    8  494    0    0
     2    6]
 [   0    0    0    0    0    0    0    0    0    0    0    0  185    0
     0    0]
 [   0    0    0    0    0    0    0    0    0    0    0    0    1 1119
    19    0]
 [   0    0    0    0    0    2    0    0    0    0    0    4    0   14
   327    0]
 [   0    0    0    0    0    0    0    0    0    0    0    0    0    0
     0   84]]---
Accuracy : 97.00%
---
class acc :
	Alfalfa: 100.00
	Corn-notill: 98.13
	Corn-mintill: 99.06
	Corn: 92.96
	Grass-pasture: 96.55
	Grass-trees: 98.33
	Grass-pasture-mowed: 96.00
	Hay-windrowed: 100.00
	Oats: 77.78
	Soybean-notill: 92.57
	Soybean-mintill: 97.51
	Soybean-clean: 92.51
	Wheat: 100.00
	Woods: 98.24
	Buildings-Grass-Trees-Drives: 94.24
	Stone-Steel-Towers: 100.00
---
[100.          98.13229572  99.06291834  92.95774648  96.55172414
  98.32572298  96.         100.          77.77777778  92.57142857
  97.51131222  92.5093633  100.          98.24407375  94.23631124
 100.        ]---
AA: 95.87%
Kappa: 96.58
Agregated results :
Confusion matrix :
[[3.8200e+01 5.0000e-01 0.0000e+00 0.0000e+00 3.0000e-01 0.0000e+00
  2.0000e-01 1.7000e+00 0.0000e+00 0.0000e+00 1.0000e-01 0.0000e+00
  0.0000e+00 0.0000e+00 0.0000e+00 0.0000e+00]
 [0.0000e+00 1.2445e+03 4.0000e+00 1.1000e+00 3.0000e-01 0.0000e+00
  0.0000e+00 1.0000e-01 0.0000e+00 1.2400e+01 2.0000e+01 1.8000e+00
  0.0000e+00 8.0000e-01 0.0000e+00 0.0000e+00]
 [0.0000e+00 2.8000e+00 7.2720e+02 1.0200e+01 0.0000e+00 0.0000e+00
  0.0000e+00 0.0000e+00 7.0000e-01 0.0000e+00 3.0000e+00 3.0000e+00
  1.0000e-01 0.0000e+00 0.0000e+00 0.0000e+00]
 [0.0000e+00 2.2000e+00 4.4000e+00 2.0380e+02 3.0000e-01 0.0000e+00
  0.0000e+00 0.0000e+00 0.0000e+00 0.0000e+00 0.0000e+00 2.3000e+00
  0.0000e+00 0.0000e+00 0.0000e+00 0.0000e+00]
 [3.0000e-01 3.3000e+00 2.0000e-01 4.7000e+00 4.1590e+02 2.7000e+00
  2.0000e-01 0.0000e+00 0.0000e+00 6.0000e-01 1.5000e+00 1.6000e+00
  0.0000e+00 2.4000e+00 1.6000e+00 0.0000e+00]
 [0.0000e+00 2.0000e-01 0.0000e+00 0.0000e+00 1.3000e+00 6.5300e+02
  0.0000e+00 0.0000e+00 0.0000e+00 0.0000e+00 4.0000e-01 0.0000e+00
  2.0000e-01 0.0000e+00 1.9000e+00 0.0000e+00]
 [0.0000e+00 0.0000e+00 0.0000e+00 0.0000e+00 0.0000e+00 0.0000e+00
  2.4600e+01 3.0000e-01 0.0000e+00 0.0000e+00 0.0000e+00 0.0000e+00
  0.0000e+00 1.0000e-01 0.0000e+00 0.0000e+00]
 [2.0000e-01 0.0000e+00 0.0000e+00 0.0000e+00 0.0000e+00 0.0000e+00
  0.0000e+00 4.2980e+02 0.0000e+00 0.0000e+00 0.0000e+00 0.0000e+00
  0.0000e+00 0.0000e+00 0.0000e+00 0.0000e+00]
 [0.0000e+00 0.0000e+00 2.1000e+00 0.0000e+00 6.0000e-01 3.0000e-01
  0.0000e+00 0.0000e+00 1.4900e+01 0.0000e+00 0.0000e+00 0.0000e+00
  1.0000e-01 0.0000e+00 0.0000e+00 0.0000e+00]
 [0.0000e+00 9.2000e+00 6.0000e-01 0.0000e+00 8.0000e-01 5.0000e-01
  0.0000e+00 0.0000e+00 1.0000e-01 8.3050e+02 2.7900e+01 4.0000e+00
  0.0000e+00 1.3000e+00 1.0000e-01 0.0000e+00]
 [0.0000e+00 1.2100e+01 2.4000e+00 6.0000e-01 7.0000e-01 1.7000e+00
  0.0000e+00 0.0000e+00 0.0000e+00 1.1600e+01 2.1760e+03 4.3000e+00
  0.0000e+00 1.0000e-01 5.0000e-01 0.0000e+00]
 [1.0000e-01 3.8000e+00 2.0000e+00 7.0000e-01 3.0000e-01 2.0000e-01
  0.0000e+00 0.0000e+00 0.0000e+00 6.0000e-01 4.3000e+00 5.1740e+02
  0.0000e+00 0.0000e+00 1.4000e+00 3.2000e+00]
 [0.0000e+00 0.0000e+00 2.0000e-01 0.0000e+00 0.0000e+00 0.0000e+00
  0.0000e+00 0.0000e+00 1.0000e-01 0.0000e+00 1.0000e-01 0.0000e+00
  1.8460e+02 0.0000e+00 0.0000e+00 0.0000e+00]
 [0.0000e+00 0.0000e+00 0.0000e+00 0.0000e+00 5.0000e-01 1.0000e-01
  0.0000e+00 0.0000e+00 1.0000e-01 1.0000e-01 0.0000e+00 0.0000e+00
  1.0000e-01 1.1138e+03 2.4300e+01 0.0000e+00]
 [0.0000e+00 7.0000e-01 0.0000e+00 2.0000e-01 9.0000e-01 2.1000e+00
  0.0000e+00 0.0000e+00 1.0000e-01 2.0000e-01 2.0000e-01 7.0000e-01
  8.0000e-01 1.8700e+01 3.2240e+02 0.0000e+00]
 [0.0000e+00 0.0000e+00 0.0000e+00 0.0000e+00 0.0000e+00 0.0000e+00
  0.0000e+00 0.0000e+00 0.0000e+00 0.0000e+00 0.0000e+00 1.1000e+00
  0.0000e+00 0.0000e+00 0.0000e+00 8.2900e+01]]---
Accuracy: 97.34 +- 0.46
---
class acc :
	Alfalfa: 93.17 +- 6.62
	Corn-notill: 96.85 +- 1.31
	Corn-mintill: 97.35 +- 0.97
	Corn: 95.68 +- 1.73
	Grass-pasture: 95.61 +- 1.46
	Grass-trees: 99.39 +- 0.44
	Grass-pasture-mowed: 98.40 +- 2.65
	Hay-windrowed: 99.95 +- 0.09
	Oats: 82.78 +- 17.65
	Soybean-notill: 94.91 +- 1.58
	Soybean-mintill: 98.46 +- 0.50
	Soybean-clean: 96.89 +- 1.76
	Wheat: 99.78 +- 0.26
	Woods: 97.79 +- 1.16
	Buildings-Grass-Trees-Drives: 92.91 +- 2.98
	Stone-Steel-Towers: 98.69 +- 1.45
---
[array([ 80.48780488,  97.19844358,  97.05488621,  95.77464789,
        95.40229885,  99.08675799, 100.        , 100.        ,
        88.88888889,  93.94285714,  98.14479638,  95.88014981,
       100.        ,  96.92712906,  89.62536023, 100.        ]), array([ 90.24390244,  95.95330739,  97.05488621,  97.65258216,
        98.62068966,  99.543379  ,  92.        , 100.        ,
        88.88888889,  93.25714286,  98.28054299,  97.37827715,
        99.45945946,  97.62949956,  91.93083573,  96.42857143]), array([ 97.56097561,  94.78599222,  97.85809906,  93.89671362,
        95.17241379,  99.39117199, 100.        , 100.        ,
        50.        ,  94.17142857,  97.9638009 ,  98.12734082,
       100.        ,  96.75153644,  93.08357349,  96.42857143]), array([100.        ,  97.50972763,  96.78714859,  97.18309859,
        93.79310345, 100.        ,  96.        ,  99.76744186,
        94.44444444,  94.4       ,  99.09502262,  97.94007491,
        99.45945946,  99.12203687,  88.18443804, 100.        ]), array([ 82.92682927,  98.52140078,  95.44846051,  95.30516432,
        97.47126437,  99.23896499, 100.        , 100.        ,
       100.        ,  95.08571429,  99.00452489,  97.00374532,
       100.        ,  96.83933275,  98.55907781,  97.61904762]), array([ 97.56097561,  98.52140078,  97.32262383,  98.5915493 ,
        94.48275862,  99.695586  , 100.        , 100.        ,
        94.44444444,  98.17142857,  98.73303167,  96.25468165,
        99.45945946,  98.77085162,  94.23631124, 100.        ]), array([ 90.24390244,  96.18677043,  98.12583668,  96.71361502,
        94.94252874,  99.695586  , 100.        ,  99.76744186,
        50.        ,  95.42857143,  99.04977376,  99.25093633,
        99.45945946,  99.12203687,  95.67723343,  97.61904762]), array([ 95.12195122,  94.86381323,  98.25970549,  94.36619718,
        94.02298851,  99.23896499, 100.        , 100.        ,
       100.        ,  95.2       ,  98.64253394,  96.44194757,
       100.        ,  95.61018437,  93.9481268 , 100.        ]), array([ 97.56097561,  96.80933852,  96.51941098,  94.36619718,
        95.63218391,  99.695586  , 100.        , 100.        ,
        83.33333333,  96.91428571,  98.19004525,  98.12734082,
       100.        ,  98.85864794,  89.62536023,  98.80952381]), array([100.        ,  98.13229572,  99.06291834,  92.95774648,
        96.55172414,  98.32572298,  96.        , 100.        ,
        77.77777778,  92.57142857,  97.51131222,  92.5093633 ,
       100.        ,  98.24407375,  94.23631124, 100.        ])]---
AA: 96.16 +- 1.17
Kappa: 96.96 +- 0.52
