model_config:
%s
{
    "model": {
        "n_groups": [
            4
        ],
        "patch_size": 7,
        "in_chans": 200,
        "num_classes": 16,
        "dims": [
            64
        ],
        "depths": [
            1
        ],
        "ssm_d_state": 16,
        "ssm_ratio": 2,
        "ssm_dt_rank": "auto",
        "ssm_conv": 3,
        "ssm_conv_bias": true,
        "ssm_drop_rate": 0,
        "use_gate": false,
        "mlp_ratio": 4,
        "mlp_drop_rate": 0,
        "drop_path_rate": 0.1
    },
    "schedule": {
        "optimizer": {
            "name": "AdamW",
            "params": {
                "lr": 0.001
            }
        },
        "lr_decay": {
            "name": "StepLR",
            "params": {
                "step_size": 30,
                "gamma": 0.9
            }
        }
    }
}
experiments will run on GPU device 0
model = basic_spa_spe_mamba
dataset = ip
dataset folder = ./datasets
patch size = 7
batch size = 64
total epoch = 300
0.1 for training and 0.9 testing
running an experiment with the basic_spa_spe_mamba model
run 1 / 10
: 110378 parameters
pad: 0 parameters
group_emb: 28992 parameters
group_emb.proj: 28864 parameters
group_emb.batch_norm: 128 parameters
group_emb.relu: 0 parameters
blocks: 80218 parameters
blocks.0: 80218 parameters
blocks.0.spatial: 25344 parameters
blocks.0.spatial.dynamic_pos: 640 parameters
blocks.0.spatial.norm: 128 parameters
blocks.0.spatial.mamba: 24576 parameters
blocks.0.spatial.mamba.in_proj: 8192 parameters
blocks.0.spatial.mamba.act: 0 parameters
blocks.0.spatial.mamba.conv1d: 512 parameters
blocks.0.spatial.mamba.out_norm: 256 parameters
blocks.0.spatial.mamba.out_proj: 8192 parameters
blocks.0.spatial.mamba.dropout: 0 parameters
blocks.0.spectral: 21658 parameters
blocks.0.spectral.norm: 98 parameters
blocks.0.spectral.mamba: 21560 parameters
blocks.0.spectral.mamba.in_proj: 4802 parameters
blocks.0.spectral.mamba.act: 0 parameters
blocks.0.spectral.mamba.conv1d: 392 parameters
blocks.0.spectral.mamba.out_norm: 196 parameters
blocks.0.spectral.mamba.out_proj: 4802 parameters
blocks.0.spectral.mamba.dropout: 0 parameters
blocks.0.drop_path: 0 parameters
blocks.0.norm_ffn: 128 parameters
blocks.0.ffn: 33088 parameters
blocks.0.ffn.fc1: 16640 parameters
blocks.0.ffn.act: 0 parameters
blocks.0.ffn.fc2: 16448 parameters
blocks.0.ffn.drop: 0 parameters
norm: 128 parameters
head: 1040 parameters
params 110378 GFLOPs not reported for basic_spa_spe_mamba
train at epoch 1/300, loss=2.295944
epoch = 1: best acc = 0.3441
epoch = 2: best acc = 0.4964
epoch = 3: best acc = 0.5126
epoch = 4: best acc = 0.5613
epoch = 6: best acc = 0.6397
epoch = 7: best acc = 0.6810
epoch = 8: best acc = 0.6893
train at epoch 10/300, loss=0.757328
epoch = 12: best acc = 0.7696
epoch = 13: best acc = 0.7891
epoch = 16: best acc = 0.8139
epoch = 18: best acc = 0.8553
train at epoch 20/300, loss=0.433388
epoch = 25: best acc = 0.9187
train at epoch 30/300, loss=0.184478
epoch = 34: best acc = 0.9262
epoch = 36: best acc = 0.9442
train at epoch 40/300, loss=0.141198
train at epoch 50/300, loss=0.117673
epoch = 51: best acc = 0.9455
train at epoch 60/300, loss=0.068397
train at epoch 70/300, loss=0.037281
epoch = 71: best acc = 0.9573
epoch = 72: best acc = 0.9578
epoch = 76: best acc = 0.9578
epoch = 77: best acc = 0.9589
train at epoch 80/300, loss=0.023622
train at epoch 90/300, loss=0.044860
train at epoch 100/300, loss=0.010283
epoch = 104: best acc = 0.9655
train at epoch 110/300, loss=0.007576
epoch = 111: best acc = 0.9673
train at epoch 120/300, loss=0.032211
train at epoch 130/300, loss=0.026666
train at epoch 140/300, loss=0.002908
epoch = 145: best acc = 0.9679
train at epoch 150/300, loss=0.036495
train at epoch 160/300, loss=0.009683
train at epoch 170/300, loss=0.002959
epoch = 178: best acc = 0.9683
epoch = 179: best acc = 0.9691
train at epoch 180/300, loss=0.001791
train at epoch 190/300, loss=0.002656
train at epoch 200/300, loss=0.001936
epoch = 200: best acc = 0.9693
epoch = 201: best acc = 0.9704
epoch = 202: best acc = 0.9708
train at epoch 210/300, loss=0.002889
train at epoch 220/300, loss=0.001535
train at epoch 230/300, loss=0.084385
train at epoch 240/300, loss=0.010646
train at epoch 250/300, loss=0.003933
train at epoch 260/300, loss=0.001776
train at epoch 270/300, loss=0.001226
epoch = 278: best acc = 0.9708
train at epoch 280/300, loss=0.000750
train at epoch 290/300, loss=0.000681
train at epoch 300/300, loss=0.002049
Confusion matrix :
[[  26    0    0    0    0    0    0   15    0    0    0    0    0    0
     0    0]
 [   0 1250    4    4    1    0    0    0    0    4   22    0    0    0
     0    0]
 [   0    2  728   12    0    0    0    0    0    0    4    1    0    0
     0    0]
 [   0    0    0  212    0    0    0    0    0    0    0    1    0    0
     0    0]
 [   0    0    0    7  413    1    0    0    0    0    1    0    0    6
     7    0]
 [   0    0    0    0    0  655    0    0    0    0    0    0    0    0
     2    0]
 [   0    0    0    0    0    0   25    0    0    0    0    0    0    0
     0    0]
 [   0    0    0    0    0    0    0  430    0    0    0    0    0    0
     0    0]
 [   0    0    2    0    0    0    0    0   16    0    0    0    0    0
     0    0]
 [   0   13    0    0    0    1    0    0    0  824   31    6    0    0
     0    0]
 [   0   24    1    0    3    2    1    0    0    8 2169    2    0    0
     0    0]
 [   0    6    0    0    0    0    0    0    0    0    1  523    0    0
     0    4]
 [   0    0    0    0    0    0    0    0    0    0    0    0  185    0
     0    0]
 [   0    0    0    0    1    0    0    0    0    0    0    0    0 1107
    31    0]
 [   0    4    0    1    2    1    0    0    0    0    0    1    0   29
   309    0]
 [   0    0    0    0    0    0    0    0    0    0    0    0    0    0
     0   84]]---
Accuracy : 97.08%
---
class acc :
	Alfalfa: 63.41
	Corn-notill: 97.28
	Corn-mintill: 97.46
	Corn: 99.53
	Grass-pasture: 94.94
	Grass-trees: 99.70
	Grass-pasture-mowed: 100.00
	Hay-windrowed: 100.00
	Oats: 88.89
	Soybean-notill: 94.17
	Soybean-mintill: 98.14
	Soybean-clean: 97.94
	Wheat: 100.00
	Woods: 97.19
	Buildings-Grass-Trees-Drives: 89.05
	Stone-Steel-Towers: 100.00
---
[ 63.41463415  97.27626459  97.45649264  99.53051643  94.94252874
  99.695586   100.         100.          88.88888889  94.17142857
  98.14479638  97.94007491 100.          97.190518    89.04899135
 100.        ]---
AA: 94.86%
Kappa: 96.67
------Get classification maps successful-------
running an experiment with the basic_spa_spe_mamba model
run 2 / 10
train at epoch 1/300, loss=2.304550
epoch = 1: best acc = 0.3220
epoch = 2: best acc = 0.4973
epoch = 3: best acc = 0.5177
epoch = 4: best acc = 0.5714
epoch = 5: best acc = 0.5849
epoch = 6: best acc = 0.6348
epoch = 7: best acc = 0.6657
epoch = 8: best acc = 0.7119
train at epoch 10/300, loss=0.703606
epoch = 11: best acc = 0.7306
epoch = 12: best acc = 0.7601
epoch = 15: best acc = 0.8095
epoch = 16: best acc = 0.8278
epoch = 18: best acc = 0.8351
epoch = 19: best acc = 0.8370
train at epoch 20/300, loss=0.378294
epoch = 25: best acc = 0.8398
epoch = 28: best acc = 0.9152
epoch = 29: best acc = 0.9231
train at epoch 30/300, loss=0.156531
epoch = 38: best acc = 0.9392
epoch = 39: best acc = 0.9416
train at epoch 40/300, loss=0.090798
epoch = 44: best acc = 0.9468
train at epoch 50/300, loss=0.087425
train at epoch 60/300, loss=0.043086
epoch = 60: best acc = 0.9576
epoch = 64: best acc = 0.9578
epoch = 66: best acc = 0.9584
train at epoch 70/300, loss=0.048328
train at epoch 80/300, loss=0.072834
epoch = 89: best acc = 0.9624
train at epoch 90/300, loss=0.020715
train at epoch 100/300, loss=0.055613
train at epoch 110/300, loss=0.014810
epoch = 117: best acc = 0.9637
train at epoch 120/300, loss=0.007484
epoch = 121: best acc = 0.9642
epoch = 122: best acc = 0.9655
epoch = 123: best acc = 0.9668
epoch = 127: best acc = 0.9677
train at epoch 130/300, loss=0.002096
epoch = 130: best acc = 0.9681
train at epoch 140/300, loss=0.004487
train at epoch 150/300, loss=0.009260
train at epoch 160/300, loss=0.012641
train at epoch 170/300, loss=0.018215
train at epoch 180/300, loss=0.003196
epoch = 183: best acc = 0.9682
train at epoch 190/300, loss=0.002556
epoch = 192: best acc = 0.9685
train at epoch 200/300, loss=0.001504
train at epoch 210/300, loss=0.016175
train at epoch 220/300, loss=0.003011
train at epoch 230/300, loss=0.002397
train at epoch 240/300, loss=0.001392
train at epoch 250/300, loss=0.001521
train at epoch 260/300, loss=0.000592
train at epoch 270/300, loss=0.002677
train at epoch 280/300, loss=0.001766
train at epoch 290/300, loss=0.005186
train at epoch 300/300, loss=0.003007
Confusion matrix :
[[  35    0    0    0    0    0    2    4    0    0    0    0    0    0
     0    0]
 [   0 1234    1    0    0    0    0    0    0    7   33    2    0    3
     5    0]
 [   0    4  720   12    0    0    0    0    3    0    5    2    1    0
     0    0]
 [   0    5    4  204    0    0    0    0    0    0    0    0    0    0
     0    0]
 [   1    0    0    0  433    0    1    0    0    0    0    0    0    0
     0    0]
 [   0    0    0    0    0  655    0    0    0    0    1    0    0    0
     1    0]
 [   0    0    0    0    0    0   24    0    0    0    0    0    0    1
     0    0]
 [   0    0    0    0    0    0    0  430    0    0    0    0    0    0
     0    0]
 [   0    0    0    0    1    0    0    0   16    0    1    0    0    0
     0    0]
 [   0    1    0    0    0    0    0    0    0  801   60    8    0    2
     3    0]
 [   0   12    0    0    0    1    0    0    0    5 2169   19    0    0
     4    0]
 [   0    2    0    0    0    0    0    0    0    1    3  522    0    2
     3    1]
 [   0    0    0    0    0    0    0    0    0    0    2    0  182    0
     1    0]
 [   0    0    0    0    0    0    0    0    0    0    0    0    0 1099
    40    0]
 [   0    0    0    0    0    0    0    0    0    0    0    1    0   16
   330    0]
 [   0    0    0    0    0    0    0    0    0    0    0    4    0    0
     0   80]]---
Accuracy : 96.85%
---
class acc :
	Alfalfa: 85.37
	Corn-notill: 96.03
	Corn-mintill: 96.39
	Corn: 95.77
	Grass-pasture: 99.54
	Grass-trees: 99.70
	Grass-pasture-mowed: 96.00
	Hay-windrowed: 100.00
	Oats: 88.89
	Soybean-notill: 91.54
	Soybean-mintill: 98.14
	Soybean-clean: 97.75
	Wheat: 98.38
	Woods: 96.49
	Buildings-Grass-Trees-Drives: 95.10
	Stone-Steel-Towers: 95.24
---
[ 85.36585366  96.0311284   96.38554217  95.77464789  99.54022989
  99.695586    96.         100.          88.88888889  91.54285714
  98.14479638  97.75280899  98.37837838  96.4881475   95.10086455
  95.23809524]---
AA: 95.65%
Kappa: 96.40
running an experiment with the basic_spa_spe_mamba model
run 3 / 10
train at epoch 1/300, loss=2.280311
epoch = 1: best acc = 0.3510
epoch = 2: best acc = 0.4849
epoch = 3: best acc = 0.5083
epoch = 4: best acc = 0.5301
epoch = 6: best acc = 0.5572
epoch = 7: best acc = 0.6077
epoch = 8: best acc = 0.6767
train at epoch 10/300, loss=0.804608
epoch = 10: best acc = 0.7495
epoch = 12: best acc = 0.7522
epoch = 13: best acc = 0.8159
epoch = 15: best acc = 0.8356
epoch = 19: best acc = 0.8570
train at epoch 20/300, loss=0.302237
epoch = 23: best acc = 0.8784
epoch = 26: best acc = 0.9248
epoch = 27: best acc = 0.9252
train at epoch 30/300, loss=0.175387
epoch = 31: best acc = 0.9370
train at epoch 40/300, loss=0.088775
epoch = 45: best acc = 0.9509
train at epoch 50/300, loss=0.063700
epoch = 52: best acc = 0.9561
train at epoch 60/300, loss=0.039014
train at epoch 70/300, loss=0.033130
train at epoch 80/300, loss=0.085268
epoch = 85: best acc = 0.9596
train at epoch 90/300, loss=0.017846
epoch = 97: best acc = 0.9635
epoch = 98: best acc = 0.9635
train at epoch 100/300, loss=0.008158
train at epoch 110/300, loss=0.015649
train at epoch 120/300, loss=0.023531
train at epoch 130/300, loss=0.035761
epoch = 137: best acc = 0.9662
train at epoch 140/300, loss=0.015415
epoch = 145: best acc = 0.9668
train at epoch 150/300, loss=0.004488
epoch = 150: best acc = 0.9672
train at epoch 160/300, loss=0.004719
train at epoch 170/300, loss=0.002659
train at epoch 180/300, loss=0.002823
train at epoch 190/300, loss=0.040145
train at epoch 200/300, loss=0.007625
train at epoch 210/300, loss=0.002977
epoch = 218: best acc = 0.9672
train at epoch 220/300, loss=0.001197
epoch = 221: best acc = 0.9678
epoch = 222: best acc = 0.9685
epoch = 225: best acc = 0.9691
epoch = 226: best acc = 0.9691
train at epoch 230/300, loss=0.000742
train at epoch 240/300, loss=0.002047
train at epoch 250/300, loss=0.000575
epoch = 250: best acc = 0.9695
train at epoch 260/300, loss=0.003560
train at epoch 270/300, loss=0.004972
train at epoch 280/300, loss=0.001456
train at epoch 290/300, loss=0.000655
train at epoch 300/300, loss=0.016652
Confusion matrix :
[[  38    2    0    0    0    0    0    0    0    1    0    0    0    0
     0    0]
 [   0 1218    8    1    0    1    0    0    0   30   26    0    0    0
     0    1]
 [   0    7  729    0    1    0    0    0    0    0    4    6    0    0
     0    0]
 [   0    1    1  200    0    0    0    0    0    0    0   11    0    0
     0    0]
 [   0    1    0    1  419    0    0    0    0    0    0    7    0    6
     1    0]
 [   0    0    0    0    1  653    0    0    0    0    1    0    0    0
     2    0]
 [   0    0    0    0    2    0   23    0    0    0    0    0    0    0
     0    0]
 [   0    0    0    0    0    0    0  430    0    0    0    0    0    0
     0    0]
 [   0    0    9    0    1    0    0    0    8    0    0    0    0    0
     0    0]
 [   0    2    1    0    1    0    0    0    0  819   49    3    0    0
     0    0]
 [   0   14    1    0    3    1    0    0    0   18 2170    3    0    0
     0    0]
 [   0    0    0    1    0    0    0    0    0    0    1  529    0    0
     0    3]
 [   0    0    0    0    0    0    0    0    0    0    0    0  185    0
     0    0]
 [   0    0    0    0    0    0    0    0    0    0    0    0    0 1114
    25    0]
 [   0    0    0    0    0    2    0    0    1    0    0    2    1   14
   327    0]
 [   0    0    0    0    0    0    0    0    0    0    0    2    0    0
     0   82]]---
Accuracy : 96.95%
---
class acc :
	Alfalfa: 92.68
	Corn-notill: 94.79
	Corn-mintill: 97.59
	Corn: 93.90
	Grass-pasture: 96.32
	Grass-trees: 99.39
	Grass-pasture-mowed: 92.00
	Hay-windrowed: 100.00
	Oats: 44.44
	Soybean-notill: 93.60
	Soybean-mintill: 98.19
	Soybean-clean: 99.06
	Wheat: 100.00
	Woods: 97.81
	Buildings-Grass-Trees-Drives: 94.24
	Stone-Steel-Towers: 97.62
---
[ 92.68292683  94.78599222  97.59036145  93.89671362  96.32183908
  99.39117199  92.         100.          44.44444444  93.6
  98.19004525  99.06367041 100.          97.80509219  94.23631124
  97.61904762]---
AA: 93.23%
Kappa: 96.53
running an experiment with the basic_spa_spe_mamba model
run 4 / 10
train at epoch 1/300, loss=2.278420
epoch = 1: best acc = 0.3496
epoch = 2: best acc = 0.4842
epoch = 3: best acc = 0.5009
epoch = 4: best acc = 0.5753
epoch = 5: best acc = 0.5790
epoch = 6: best acc = 0.6562
epoch = 8: best acc = 0.7028
train at epoch 10/300, loss=0.692232
epoch = 10: best acc = 0.7266
epoch = 11: best acc = 0.7864
epoch = 12: best acc = 0.8145
epoch = 18: best acc = 0.8465
train at epoch 20/300, loss=0.313227
epoch = 22: best acc = 0.8526
epoch = 26: best acc = 0.8656
train at epoch 30/300, loss=0.194887
epoch = 30: best acc = 0.9030
epoch = 33: best acc = 0.9341
epoch = 36: best acc = 0.9364
train at epoch 40/300, loss=0.077964
epoch = 40: best acc = 0.9427
train at epoch 50/300, loss=0.057339
epoch = 51: best acc = 0.9517
train at epoch 60/300, loss=0.051608
train at epoch 70/300, loss=0.079086
epoch = 74: best acc = 0.9538
epoch = 79: best acc = 0.9549
train at epoch 80/300, loss=0.039327
epoch = 80: best acc = 0.9596
train at epoch 90/300, loss=0.021976
epoch = 92: best acc = 0.9634
epoch = 94: best acc = 0.9639
epoch = 96: best acc = 0.9666
train at epoch 100/300, loss=0.010454
train at epoch 110/300, loss=0.106725
train at epoch 120/300, loss=0.014745
epoch = 127: best acc = 0.9703
train at epoch 130/300, loss=0.008953
train at epoch 140/300, loss=0.007874
epoch = 148: best acc = 0.9704
epoch = 149: best acc = 0.9718
train at epoch 150/300, loss=0.002517
epoch = 152: best acc = 0.9720
train at epoch 160/300, loss=0.005519
train at epoch 170/300, loss=0.009186
train at epoch 180/300, loss=0.011924
train at epoch 190/300, loss=0.008459
train at epoch 200/300, loss=0.021911
epoch = 208: best acc = 0.9726
train at epoch 210/300, loss=0.002639
train at epoch 220/300, loss=0.001654
epoch = 225: best acc = 0.9730
train at epoch 230/300, loss=0.001271
epoch = 231: best acc = 0.9739
epoch = 237: best acc = 0.9739
train at epoch 240/300, loss=0.001542
epoch = 240: best acc = 0.9745
train at epoch 250/300, loss=0.002327
train at epoch 260/300, loss=0.000712
epoch = 265: best acc = 0.9745
train at epoch 270/300, loss=0.000519
train at epoch 280/300, loss=0.000619
epoch = 281: best acc = 0.9745
epoch = 283: best acc = 0.9745
train at epoch 290/300, loss=0.004697
train at epoch 300/300, loss=0.008559
Confusion matrix :
[[  40    0    0    0    0    0    0    0    0    1    0    0    0    0
     0    0]
 [   0 1263    2    0    0    0    0    0    0   14    6    0    0    0
     0    0]
 [   0    6  724   12    0    0    0    0    0    0    4    1    0    0
     0    0]
 [   0    0    3  205    0    0    0    0    0    0    0    5    0    0
     0    0]
 [   0    1    0    6  408    4    0    0    0    0    1   12    0    0
     3    0]
 [   0    0    0    0    0  656    0    0    0    0    1    0    0    0
     0    0]
 [   0    0    0    0    0    0   25    0    0    0    0    0    0    0
     0    0]
 [   0    0    0    0    0    0    0  430    0    0    0    0    0    0
     0    0]
 [   0    0    0    0    0    0    0    0   18    0    0    0    0    0
     0    0]
 [   0   12    0    0    2    0    0    0    0  814   42    4    0    1
     0    0]
 [   0    3    0    0    2    0    0    0    0   16 2189    0    0    0
     0    0]
 [   0    1    0    0    1    0    0    0    0    0    3  525    0    0
     0    4]
 [   0    0    0    0    0    0    0    0    0    0    0    0  185    0
     0    0]
 [   0    0    0    0    0    0    0    0    0    0    0    0    0 1133
     6    0]
 [   0    0    0    0    1    7    0    0    0    2    0    1    0   45
   291    0]
 [   0    0    0    0    0    0    0    0    0    0    0    0    0    0
     0   84]]---
Accuracy : 97.45%
---
class acc :
	Alfalfa: 97.56
	Corn-notill: 98.29
	Corn-mintill: 96.92
	Corn: 96.24
	Grass-pasture: 93.79
	Grass-trees: 99.85
	Grass-pasture-mowed: 100.00
	Hay-windrowed: 100.00
	Oats: 100.00
	Soybean-notill: 93.03
	Soybean-mintill: 99.05
	Soybean-clean: 98.31
	Wheat: 100.00
	Woods: 99.47
	Buildings-Grass-Trees-Drives: 83.86
	Stone-Steel-Towers: 100.00
---
[ 97.56097561  98.28793774  96.9210174   96.24413146  93.79310345
  99.847793   100.         100.         100.          93.02857143
  99.04977376  98.31460674 100.          99.47322212  83.86167147
 100.        ]---
AA: 97.27%
Kappa: 97.09
running an experiment with the basic_spa_spe_mamba model
run 5 / 10
train at epoch 1/300, loss=2.295563
epoch = 1: best acc = 0.3509
epoch = 2: best acc = 0.4980
epoch = 3: best acc = 0.5260
epoch = 4: best acc = 0.5635
epoch = 5: best acc = 0.6087
epoch = 6: best acc = 0.6852
epoch = 7: best acc = 0.7149
epoch = 8: best acc = 0.7383
epoch = 9: best acc = 0.7656
train at epoch 10/300, loss=0.723062
epoch = 11: best acc = 0.7841
epoch = 12: best acc = 0.8198
epoch = 15: best acc = 0.8386
epoch = 17: best acc = 0.8401
train at epoch 20/300, loss=0.292519
epoch = 26: best acc = 0.9087
train at epoch 30/300, loss=0.169161
epoch = 31: best acc = 0.9251
epoch = 39: best acc = 0.9359
train at epoch 40/300, loss=0.077370
epoch = 45: best acc = 0.9482
epoch = 47: best acc = 0.9518
train at epoch 50/300, loss=0.047798
epoch = 59: best acc = 0.9541
train at epoch 60/300, loss=0.039537
train at epoch 70/300, loss=0.057231
epoch = 73: best acc = 0.9546
epoch = 74: best acc = 0.9614
train at epoch 80/300, loss=0.033650
train at epoch 90/300, loss=0.027308
epoch = 91: best acc = 0.9636
epoch = 97: best acc = 0.9641
train at epoch 100/300, loss=0.027726
epoch = 104: best acc = 0.9664
epoch = 106: best acc = 0.9705
train at epoch 110/300, loss=0.006494
epoch = 114: best acc = 0.9721
train at epoch 120/300, loss=0.025560
train at epoch 130/300, loss=0.017940
epoch = 134: best acc = 0.9743
epoch = 136: best acc = 0.9744
train at epoch 140/300, loss=0.003764
epoch = 140: best acc = 0.9760
train at epoch 150/300, loss=0.016408
train at epoch 160/300, loss=0.015347
train at epoch 170/300, loss=0.003987
train at epoch 180/300, loss=0.005806
train at epoch 190/300, loss=0.002544
epoch = 191: best acc = 0.9764
train at epoch 200/300, loss=0.011918
train at epoch 210/300, loss=0.005735
epoch = 218: best acc = 0.9769
epoch = 219: best acc = 0.9775
train at epoch 220/300, loss=0.001755
train at epoch 230/300, loss=0.000846
epoch = 231: best acc = 0.9781
train at epoch 240/300, loss=0.001306
train at epoch 250/300, loss=0.000686
epoch = 253: best acc = 0.9781
epoch = 255: best acc = 0.9782
epoch = 257: best acc = 0.9793
train at epoch 260/300, loss=0.000758
train at epoch 270/300, loss=0.000713
train at epoch 280/300, loss=0.000614
train at epoch 290/300, loss=0.001316
train at epoch 300/300, loss=0.000722
Confusion matrix :
[[  36    0    0    0    1    0    0    3    0    1    0    0    0    0
     0    0]
 [   0 1255   10    0    0    0    0    1    0    7   10    0    0    2
     0    0]
 [   0    0  711   31    0    0    0    0    0    0    1    4    0    0
     0    0]
 [   0    0    2  211    0    0    0    0    0    0    0    0    0    0
     0    0]
 [   0    1    0    0  430    1    0    0    0    0    1    1    0    0
     1    0]
 [   0    0    0    0    0  654    0    0    0    0    0    0    0    0
     3    0]
 [   0    0    0    0    0    0   25    0    0    0    0    0    0    0
     0    0]
 [   1    0    0    0    0    0    0  429    0    0    0    0    0    0
     0    0]
 [   0    0    0    0    0    0    0    0   18    0    0    0    0    0
     0    0]
 [   0   11    0    0    0    0    0    0    0  826   29    5    0    1
     3    0]
 [   0    9    0    0    0    0    0    0    0    0 2199    0    0    0
     2    0]
 [   0    0    0    0    0    0    0    0    0    0    2  523    0    0
     7    2]
 [   0    0    2    0    0    0    0    0    0    0    0    0  183    0
     0    0]
 [   0    0    0    0    0    0    0    0    0    0    0    0    1 1115
    23    0]
 [   0    0    0    0    0    0    0    0    0    0    0    0    0   10
   337    0]
 [   0    0    0    0    0    0    0    0    0    0    0    2    0    0
     0   82]]---
Accuracy : 97.93%
---
class acc :
	Alfalfa: 87.80
	Corn-notill: 97.67
	Corn-mintill: 95.18
	Corn: 99.06
	Grass-pasture: 98.85
	Grass-trees: 99.54
	Grass-pasture-mowed: 100.00
	Hay-windrowed: 99.77
	Oats: 100.00
	Soybean-notill: 94.40
	Soybean-mintill: 99.50
	Soybean-clean: 97.94
	Wheat: 98.92
	Woods: 97.89
	Buildings-Grass-Trees-Drives: 97.12
	Stone-Steel-Towers: 97.62
---
[ 87.80487805  97.66536965  95.18072289  99.06103286  98.85057471
  99.543379   100.          99.76744186 100.          94.4
  99.50226244  97.94007491  98.91891892  97.8928885   97.11815562
  97.61904762]---
AA: 97.58%
Kappa: 97.64
running an experiment with the basic_spa_spe_mamba model
run 6 / 10
train at epoch 1/300, loss=2.270643
epoch = 1: best acc = 0.3859
epoch = 2: best acc = 0.4688
epoch = 3: best acc = 0.5248
epoch = 4: best acc = 0.5672
epoch = 5: best acc = 0.5783
epoch = 6: best acc = 0.6114
epoch = 7: best acc = 0.6583
epoch = 8: best acc = 0.7092
epoch = 9: best acc = 0.7345
train at epoch 10/300, loss=0.764982
epoch = 11: best acc = 0.8041
epoch = 14: best acc = 0.8134
epoch = 18: best acc = 0.8661
train at epoch 20/300, loss=0.421527
epoch = 20: best acc = 0.8738
epoch = 29: best acc = 0.9071
train at epoch 30/300, loss=0.179176
epoch = 30: best acc = 0.9111
epoch = 31: best acc = 0.9405
epoch = 33: best acc = 0.9492
train at epoch 40/300, loss=0.108079
epoch = 42: best acc = 0.9533
train at epoch 50/300, loss=0.076385
epoch = 53: best acc = 0.9638
train at epoch 60/300, loss=0.083118
train at epoch 70/300, loss=0.041418
epoch = 71: best acc = 0.9693
epoch = 78: best acc = 0.9731
train at epoch 80/300, loss=0.027078
epoch = 80: best acc = 0.9739
train at epoch 90/300, loss=0.028255
epoch = 96: best acc = 0.9778
epoch = 97: best acc = 0.9799
train at epoch 100/300, loss=0.011960
train at epoch 110/300, loss=0.018863
train at epoch 120/300, loss=0.013621
epoch = 128: best acc = 0.9811
train at epoch 130/300, loss=0.010737
train at epoch 140/300, loss=0.013623
train at epoch 150/300, loss=0.015834
train at epoch 160/300, loss=0.017487
train at epoch 170/300, loss=0.006344
train at epoch 180/300, loss=0.026734
train at epoch 190/300, loss=0.005063
train at epoch 200/300, loss=0.004505
train at epoch 210/300, loss=0.034251
train at epoch 220/300, loss=0.001152
train at epoch 230/300, loss=0.009038
train at epoch 240/300, loss=0.004923
epoch = 246: best acc = 0.9811
train at epoch 250/300, loss=0.016526
train at epoch 260/300, loss=0.001213
epoch = 263: best acc = 0.9817
train at epoch 270/300, loss=0.003675
epoch = 274: best acc = 0.9818
train at epoch 280/300, loss=0.000942
epoch = 280: best acc = 0.9827
epoch = 281: best acc = 0.9829
train at epoch 290/300, loss=0.000461
epoch = 292: best acc = 0.9834
epoch = 299: best acc = 0.9834
train at epoch 300/300, loss=0.000409
Confusion matrix :
[[  40    1    0    0    0    0    0    0    0    0    0    0    0    0
     0    0]
 [   0 1258    5    0    0    0    0    0    0    6    4   11    0    1
     0    0]
 [   0    1  737    7    0    0    0    0    0    0    0    2    0    0
     0    0]
 [   0    0    3  210    0    0    0    0    0    0    0    0    0    0
     0    0]
 [   2   15    0    4  407    2    0    0    0    0    1    1    0    3
     0    0]
 [   0    0    0    0    0  657    0    0    0    0    0    0    0    0
     0    0]
 [   0    0    0    0    0    0   24    1    0    0    0    0    0    0
     0    0]
 [   0    0    0    0    0    0    0  430    0    0    0    0    0    0
     0    0]
 [   0    0    0    0    0    0    0    0   18    0    0    0    0    0
     0    0]
 [   0    1    0    0    0    0    0    0    0  849   15   10    0    0
     0    0]
 [   0    1    3    0    0    0    0    0    0   10 2196    0    0    0
     0    0]
 [   0    0    1    0    0    0    0    0    0    0    7  523    0    0
     0    3]
 [   0    0    0    0    0    0    0    0    0    0    0    0  185    0
     0    0]
 [   0    0    0    0    1    0    0    0    0    0    0    0    0 1127
    11    0]
 [   0    1    0    0    1    2    0    0    0    0    0    1    0   15
   327    0]
 [   0    0    0    0    0    0    0    0    0    0    0    0    0    0
     0   84]]---
Accuracy : 98.34%
---
class acc :
	Alfalfa: 97.56
	Corn-notill: 97.90
	Corn-mintill: 98.66
	Corn: 98.59
	Grass-pasture: 93.56
	Grass-trees: 100.00
	Grass-pasture-mowed: 96.00
	Hay-windrowed: 100.00
	Oats: 100.00
	Soybean-notill: 97.03
	Soybean-mintill: 99.37
	Soybean-clean: 97.94
	Wheat: 100.00
	Woods: 98.95
	Buildings-Grass-Trees-Drives: 94.24
	Stone-Steel-Towers: 100.00
---
[ 97.56097561  97.89883268  98.66131191  98.5915493   93.56321839
 100.          96.         100.         100.          97.02857143
  99.36651584  97.94007491 100.          98.94644425  94.23631124
 100.        ]---
AA: 98.11%
Kappa: 98.11
running an experiment with the basic_spa_spe_mamba model
run 7 / 10
train at epoch 1/300, loss=2.266365
epoch = 1: best acc = 0.3944
epoch = 2: best acc = 0.5020
epoch = 3: best acc = 0.5340
epoch = 4: best acc = 0.5654
epoch = 5: best acc = 0.5783
epoch = 6: best acc = 0.6536
epoch = 8: best acc = 0.7030
epoch = 9: best acc = 0.7330
train at epoch 10/300, loss=0.724509
epoch = 12: best acc = 0.7403
epoch = 13: best acc = 0.7772
epoch = 14: best acc = 0.7973
epoch = 16: best acc = 0.8157
train at epoch 20/300, loss=0.408038
epoch = 20: best acc = 0.8198
epoch = 21: best acc = 0.8489
epoch = 23: best acc = 0.8585
epoch = 24: best acc = 0.8766
epoch = 28: best acc = 0.9071
epoch = 29: best acc = 0.9220
train at epoch 30/300, loss=0.159279
train at epoch 40/300, loss=0.105105
epoch = 40: best acc = 0.9315
epoch = 44: best acc = 0.9347
train at epoch 50/300, loss=0.076344
epoch = 51: best acc = 0.9392
epoch = 58: best acc = 0.9441
train at epoch 60/300, loss=0.043706
epoch = 61: best acc = 0.9511
train at epoch 70/300, loss=0.039489
epoch = 75: best acc = 0.9522
epoch = 76: best acc = 0.9549
epoch = 78: best acc = 0.9599
train at epoch 80/300, loss=0.019717
train at epoch 90/300, loss=0.021972
epoch = 99: best acc = 0.9617
train at epoch 100/300, loss=0.009903
train at epoch 110/300, loss=0.007873
epoch = 111: best acc = 0.9621
train at epoch 120/300, loss=0.022941
train at epoch 130/300, loss=0.019946
train at epoch 140/300, loss=0.006893
train at epoch 150/300, loss=0.009479
train at epoch 160/300, loss=0.007202
epoch = 163: best acc = 0.9621
train at epoch 170/300, loss=0.003109
epoch = 170: best acc = 0.9623
epoch = 171: best acc = 0.9627
train at epoch 180/300, loss=0.009728
epoch = 184: best acc = 0.9634
epoch = 186: best acc = 0.9635
train at epoch 190/300, loss=0.027773
train at epoch 200/300, loss=0.007366
train at epoch 210/300, loss=0.021258
epoch = 216: best acc = 0.9652
epoch = 217: best acc = 0.9657
train at epoch 220/300, loss=0.003269
train at epoch 230/300, loss=0.000964
epoch = 234: best acc = 0.9661
train at epoch 240/300, loss=0.000978
epoch = 241: best acc = 0.9666
epoch = 242: best acc = 0.9678
train at epoch 250/300, loss=0.000605
epoch = 254: best acc = 0.9678
train at epoch 260/300, loss=0.000740
train at epoch 270/300, loss=0.003342
epoch = 278: best acc = 0.9686
epoch = 279: best acc = 0.9695
train at epoch 280/300, loss=0.001095
epoch = 280: best acc = 0.9696
train at epoch 290/300, loss=0.025387
train at epoch 300/300, loss=0.006052
Confusion matrix :
[[  39    0    0    0    0    0    0    0    0    2    0    0    0    0
     0    0]
 [   0 1228    2    1    0    0    0    1    0   33   14    2    0    4
     0    0]
 [   0    5  725   13    0    0    0    0    0    0    0    4    0    0
     0    0]
 [   0    3    1  206    0    0    0    0    0    0    0    3    0    0
     0    0]
 [   0    2    1   12  412    3    0    0    0    0    1    3    0    0
     1    0]
 [   0    0    0    0    0  657    0    0    0    0    0    0    0    0
     0    0]
 [   0    0    0    0    0    0   23    2    0    0    0    0    0    0
     0    0]
 [   0    0    0    0    0    0    3  427    0    0    0    0    0    0
     0    0]
 [   0    0    9    1    0    0    0    0    8    0    0    0    0    0
     0    0]
 [   0    5    2    0    2    0    0    0    0  826   39    0    0    0
     1    0]
 [   0   23   10    0    0    0    0    0    0   17 2157    3    0    0
     0    0]
 [   0    3    0    0    0    0    0    0    0    0    2  525    1    0
     1    2]
 [   0    0    0    0    0    0    0    0    0    0    0    0  185    0
     0    0]
 [   0    0    0    0    4    1    0    0    0    0    0    0    0 1116
    18    0]
 [   0    1    0    0    0    0    0    0    0    0    0    0    0   18
   328    0]
 [   0    0    0    0    0    0    0    0    0    0    0    1    0    0
     0   83]]---
Accuracy : 96.96%
---
class acc :
	Alfalfa: 95.12
	Corn-notill: 95.56
	Corn-mintill: 97.05
	Corn: 96.71
	Grass-pasture: 94.71
	Grass-trees: 100.00
	Grass-pasture-mowed: 92.00
	Hay-windrowed: 99.30
	Oats: 44.44
	Soybean-notill: 94.40
	Soybean-mintill: 97.60
	Soybean-clean: 98.31
	Wheat: 100.00
	Woods: 97.98
	Buildings-Grass-Trees-Drives: 94.52
	Stone-Steel-Towers: 98.81
---
[ 95.12195122  95.56420233  97.05488621  96.71361502  94.71264368
 100.          92.          99.30232558  44.44444444  94.4
  97.60180995  98.31460674 100.          97.98068481  94.52449568
  98.80952381]---
AA: 93.53%
Kappa: 96.54
running an experiment with the basic_spa_spe_mamba model
run 8 / 10
train at epoch 1/300, loss=2.291548
epoch = 1: best acc = 0.2558
epoch = 2: best acc = 0.4529
epoch = 3: best acc = 0.5231
epoch = 4: best acc = 0.5342
epoch = 5: best acc = 0.5816
epoch = 6: best acc = 0.6243
epoch = 7: best acc = 0.6658
train at epoch 10/300, loss=0.684075
epoch = 11: best acc = 0.7776
epoch = 12: best acc = 0.7976
epoch = 15: best acc = 0.8197
epoch = 16: best acc = 0.8219
epoch = 18: best acc = 0.8473
train at epoch 20/300, loss=0.419941
epoch = 22: best acc = 0.8695
epoch = 24: best acc = 0.8908
train at epoch 30/300, loss=0.222415
epoch = 31: best acc = 0.9018
epoch = 34: best acc = 0.9377
train at epoch 40/300, loss=0.178053
epoch = 48: best acc = 0.9427
train at epoch 50/300, loss=0.100666
train at epoch 60/300, loss=0.060084
epoch = 60: best acc = 0.9459
epoch = 61: best acc = 0.9533
epoch = 62: best acc = 0.9574
train at epoch 70/300, loss=0.064399
epoch = 78: best acc = 0.9605
train at epoch 80/300, loss=0.056881
train at epoch 90/300, loss=0.038717
epoch = 98: best acc = 0.9636
train at epoch 100/300, loss=0.014789
train at epoch 110/300, loss=0.019331
train at epoch 120/300, loss=0.166302
train at epoch 130/300, loss=0.013664
epoch = 136: best acc = 0.9638
train at epoch 140/300, loss=0.007345
epoch = 141: best acc = 0.9657
train at epoch 150/300, loss=0.030013
train at epoch 160/300, loss=0.010625
epoch = 163: best acc = 0.9657
epoch = 164: best acc = 0.9664
epoch = 165: best acc = 0.9689
train at epoch 170/300, loss=0.009849
train at epoch 180/300, loss=0.003469
train at epoch 190/300, loss=0.009976
train at epoch 200/300, loss=0.002147
train at epoch 210/300, loss=0.018251
train at epoch 220/300, loss=0.002364
train at epoch 230/300, loss=0.005101
train at epoch 240/300, loss=0.002051
train at epoch 250/300, loss=0.011730
epoch = 250: best acc = 0.9700
train at epoch 260/300, loss=0.010866
train at epoch 270/300, loss=0.001857
train at epoch 280/300, loss=0.004437
train at epoch 290/300, loss=0.001268
train at epoch 300/300, loss=0.001400
Confusion matrix :
[[  41    0    0    0    0    0    0    0    0    0    0    0    0    0
     0    0]
 [   0 1218    8    0    0    0    0    0    0   18   41    0    0    0
     0    0]
 [   0    2  732   12    0    0    0    0    0    0    0    1    0    0
     0    0]
 [   0    0    8  204    0    0    0    0    0    0    1    0    0    0
     0    0]
 [   0    0    1    2  422    3    0    0    0    3    0    2    0    2
     0    0]
 [   0    0    0    0    0  654    0    0    0    0    1    0    0    0
     2    0]
 [   0    0    0    0    0    0   25    0    0    0    0    0    0    0
     0    0]
 [   0    0    0    0    0    0    0  430    0    0    0    0    0    0
     0    0]
 [   0    0    0    0    0    0    0    0   18    0    0    0    0    0
     0    0]
 [   0   17    7    0    0    0    0    0    0  838   12    1    0    0
     0    0]
 [   0   16    0    0    2    7    0    0    0   17 2168    0    0    0
     0    0]
 [   0    5    0    1    0    0    0    0    0    0    2  523    0    0
     1    2]
 [   0    0    0    0    0    0    0    0    0    0    0    0  185    0
     0    0]
 [   0    0    0    0    2    0    0    0    0    0    0    0    0 1087
    50    0]
 [   0    3    0    0    1    5    0    0    0    0    0    0    0   19
   319    0]
 [   0    0    0    0    0    0    0    0    0    0    0    0    0    0
     0   84]]---
Accuracy : 97.00%
---
class acc :
	Alfalfa: 100.00
	Corn-notill: 94.79
	Corn-mintill: 97.99
	Corn: 95.77
	Grass-pasture: 97.01
	Grass-trees: 99.54
	Grass-pasture-mowed: 100.00
	Hay-windrowed: 100.00
	Oats: 100.00
	Soybean-notill: 95.77
	Soybean-mintill: 98.10
	Soybean-clean: 97.94
	Wheat: 100.00
	Woods: 95.43
	Buildings-Grass-Trees-Drives: 91.93
	Stone-Steel-Towers: 100.00
---
[100.          94.78599222  97.99196787  95.77464789  97.01149425
  99.543379   100.         100.         100.          95.77142857
  98.09954751  97.94007491 100.          95.43459175  91.93083573
 100.        ]---
AA: 97.77%
Kappa: 96.58
running an experiment with the basic_spa_spe_mamba model
run 9 / 10
train at epoch 1/300, loss=2.268585
epoch = 1: best acc = 0.3682
epoch = 2: best acc = 0.5014
epoch = 3: best acc = 0.5154
epoch = 4: best acc = 0.5537
epoch = 5: best acc = 0.5720
epoch = 6: best acc = 0.6091
epoch = 7: best acc = 0.6672
epoch = 8: best acc = 0.7388
train at epoch 10/300, loss=0.732667
epoch = 11: best acc = 0.7444
epoch = 12: best acc = 0.8012
epoch = 17: best acc = 0.8026
train at epoch 20/300, loss=0.345221
epoch = 22: best acc = 0.8157
epoch = 24: best acc = 0.8739
epoch = 26: best acc = 0.9078
epoch = 27: best acc = 0.9113
train at epoch 30/300, loss=0.198457
epoch = 35: best acc = 0.9145
epoch = 36: best acc = 0.9382
epoch = 38: best acc = 0.9438
train at epoch 40/300, loss=0.106269
epoch = 45: best acc = 0.9442
epoch = 48: best acc = 0.9531
epoch = 49: best acc = 0.9603
train at epoch 50/300, loss=0.061768
train at epoch 60/300, loss=0.042001
epoch = 62: best acc = 0.9659
train at epoch 70/300, loss=0.041982
train at epoch 80/300, loss=0.029018
epoch = 87: best acc = 0.9714
train at epoch 90/300, loss=0.017990
train at epoch 100/300, loss=0.066351
train at epoch 110/300, loss=0.012171
train at epoch 120/300, loss=0.010743
train at epoch 130/300, loss=0.017602
train at epoch 140/300, loss=0.065276
train at epoch 150/300, loss=0.006514
train at epoch 160/300, loss=0.006488
epoch = 166: best acc = 0.9726
epoch = 167: best acc = 0.9728
train at epoch 170/300, loss=0.005297
train at epoch 180/300, loss=0.009228
train at epoch 190/300, loss=0.006937
train at epoch 200/300, loss=0.005679
train at epoch 210/300, loss=0.011914
train at epoch 220/300, loss=0.017196
train at epoch 230/300, loss=0.009228
train at epoch 240/300, loss=0.001760
epoch = 243: best acc = 0.9728
epoch = 244: best acc = 0.9731
train at epoch 250/300, loss=0.005398
epoch = 255: best acc = 0.9732
epoch = 259: best acc = 0.9736
train at epoch 260/300, loss=0.002597
epoch = 260: best acc = 0.9742
epoch = 264: best acc = 0.9744
epoch = 267: best acc = 0.9744
epoch = 268: best acc = 0.9750
train at epoch 270/300, loss=0.000766
epoch = 274: best acc = 0.9751
train at epoch 280/300, loss=0.000780
epoch = 284: best acc = 0.9753
train at epoch 290/300, loss=0.000554
epoch = 296: best acc = 0.9758
epoch = 297: best acc = 0.9763
epoch = 298: best acc = 0.9765
train at epoch 300/300, loss=0.000567
Confusion matrix :
[[  40    1    0    0    0    0    0    0    0    0    0    0    0    0
     0    0]
 [   0 1254    3    0    0    0    0    0    0   14   14    0    0    0
     0    0]
 [   0    1  740    2    0    0    0    0    0    0    0    3    0    0
     1    0]
 [   0    2   11  197    0    0    0    0    0    0    0    3    0    0
     0    0]
 [   0    1    0    0  427    0    0    0    0    1    2    1    0    2
     1    0]
 [   0    0    0    0    0  656    0    0    0    0    0    0    0    0
     1    0]
 [   0    0    0    0    0    0   25    0    0    0    0    0    0    0
     0    0]
 [   0    0    0    0    0    0    0  430    0    0    0    0    0    0
     0    0]
 [   0    0    1    1    1    0    0    0   15    0    0    0    0    0
     0    0]
 [   0   17    0    0    0    0    0    0    0  831   25    2    0    0
     0    0]
 [   0   14    2    1    0    0    0    0    0   13 2165   15    0    0
     0    0]
 [   0    1    7    0    0    0    0    0    0    1   10  513    0    0
     0    2]
 [   0    0    1    0    0    0    0    0    0    0    0    0  184    0
     0    0]
 [   0    0    0    0    0    2    0    0    0    0    0    0    0 1125
    12    0]
 [   0    3    0    0    0    0    0    0    0    0    0    0    1   20
   323    0]
 [   0    0    0    0    0    0    0    0    0    0    0    1    0    0
     0   83]]---
Accuracy : 97.65%
---
class acc :
	Alfalfa: 97.56
	Corn-notill: 97.59
	Corn-mintill: 99.06
	Corn: 92.49
	Grass-pasture: 98.16
	Grass-trees: 99.85
	Grass-pasture-mowed: 100.00
	Hay-windrowed: 100.00
	Oats: 83.33
	Soybean-notill: 94.97
	Soybean-mintill: 97.96
	Soybean-clean: 96.07
	Wheat: 99.46
	Woods: 98.77
	Buildings-Grass-Trees-Drives: 93.08
	Stone-Steel-Towers: 98.81
---
[ 97.56097561  97.58754864  99.06291834  92.48826291  98.16091954
  99.847793   100.         100.          83.33333333  94.97142857
  97.9638009   96.06741573  99.45945946  98.77085162  93.08357349
  98.80952381]---
AA: 96.70%
Kappa: 97.32
running an experiment with the basic_spa_spe_mamba model
run 10 / 10
train at epoch 1/300, loss=2.299370
epoch = 1: best acc = 0.3543
epoch = 2: best acc = 0.4875
epoch = 3: best acc = 0.5201
epoch = 4: best acc = 0.5570
epoch = 5: best acc = 0.6128
epoch = 6: best acc = 0.6360
epoch = 7: best acc = 0.6718
epoch = 8: best acc = 0.6854
epoch = 9: best acc = 0.7694
train at epoch 10/300, loss=0.725877
epoch = 16: best acc = 0.8551
train at epoch 20/300, loss=0.348111
epoch = 21: best acc = 0.8579
epoch = 22: best acc = 0.8601
epoch = 25: best acc = 0.8818
epoch = 26: best acc = 0.8833
epoch = 28: best acc = 0.8894
train at epoch 30/300, loss=0.204013
epoch = 31: best acc = 0.9137
epoch = 39: best acc = 0.9231
train at epoch 40/300, loss=0.180105
epoch = 41: best acc = 0.9250
epoch = 42: best acc = 0.9372
epoch = 47: best acc = 0.9446
train at epoch 50/300, loss=0.064670
epoch = 50: best acc = 0.9455
epoch = 55: best acc = 0.9501
train at epoch 60/300, loss=0.077033
train at epoch 70/300, loss=0.030363
epoch = 74: best acc = 0.9608
train at epoch 80/300, loss=0.019169
train at epoch 90/300, loss=0.025526
train at epoch 100/300, loss=0.014922
train at epoch 110/300, loss=0.022555
train at epoch 120/300, loss=0.009894
train at epoch 130/300, loss=0.014840
train at epoch 140/300, loss=0.017741
train at epoch 150/300, loss=0.018558
train at epoch 160/300, loss=0.003984
train at epoch 170/300, loss=0.011292
epoch = 179: best acc = 0.9626
train at epoch 180/300, loss=0.005434
train at epoch 190/300, loss=0.025045
train at epoch 200/300, loss=0.005398
train at epoch 210/300, loss=0.001202
train at epoch 220/300, loss=0.004875
train at epoch 230/300, loss=0.000989
train at epoch 240/300, loss=0.000839
train at epoch 250/300, loss=0.000804
epoch = 256: best acc = 0.9635
epoch = 257: best acc = 0.9640
train at epoch 260/300, loss=0.000950
epoch = 269: best acc = 0.9641
train at epoch 270/300, loss=0.000872
train at epoch 280/300, loss=0.000353
epoch = 283: best acc = 0.9642
epoch = 284: best acc = 0.9650
train at epoch 290/300, loss=0.000398
train at epoch 300/300, loss=0.000294
Confusion matrix :
[[  39    1    0    0    0    0    0    1    0    0    0    0    0    0
     0    0]
 [   0 1241    0    0    0    0    0    0    0   21   22    0    0    1
     0    0]
 [   0    4  732    7    0    0    0    0    0    0    2    2    0    0
     0    0]
 [   0    0   12  196    1    0    0    0    0    0    0    4    0    0
     0    0]
 [   0    5    0    0  426    1    1    0    0    0    0    2    0    0
     0    0]
 [   0    0    0    1   15  635    0    1    0    0    1    0    0    0
     4    0]
 [   0    0    0    0    0    0   24    1    0    0    0    0    0    0
     0    0]
 [   0    0    0    0    0    0    0  430    0    0    0    0    0    0
     0    0]
 [   0    0    8    0    1    0    0    0    8    0    0    0    1    0
     0    0]
 [   0    9    3    0    0    0    0    0    0  811   31   21    0    0
     0    0]
 [   0   21    2    4    2    5    0    0    0   32 2137    7    0    0
     0    0]
 [   0    5    7    2    0    0    0    0    0    0    6  506    0    0
     0    8]
 [   0    0    0    0    0    0    0    0    0    0    0    0  185    0
     0    0]
 [   0    0    0    0    1    0    0    0    0    0    0    0    0 1118
    20    0]
 [   0    2    0    0    0    2    0    0    0    0    0    6    0    7
   330    0]
 [   0    0    0    0    0    0    0    0    0    0    0    0    0    0
     0   84]]---
Accuracy : 96.50%
---
class acc :
	Alfalfa: 95.12
	Corn-notill: 96.58
	Corn-mintill: 97.99
	Corn: 92.02
	Grass-pasture: 97.93
	Grass-trees: 96.65
	Grass-pasture-mowed: 96.00
	Hay-windrowed: 100.00
	Oats: 44.44
	Soybean-notill: 92.69
	Soybean-mintill: 96.70
	Soybean-clean: 94.76
	Wheat: 100.00
	Woods: 98.16
	Buildings-Grass-Trees-Drives: 95.10
	Stone-Steel-Towers: 100.00
---
[ 95.12195122  96.57587549  97.99196787  92.01877934  97.93103448
  96.65144597  96.         100.          44.44444444  92.68571429
  96.69683258  94.75655431 100.          98.15627744  95.10086455
 100.        ]---
AA: 93.38%
Kappa: 96.01
Agregated results :
Confusion matrix :
[[3.7400e+01 5.0000e-01 0.0000e+00 0.0000e+00 1.0000e-01 0.0000e+00
  2.0000e-01 2.3000e+00 0.0000e+00 5.0000e-01 0.0000e+00 0.0000e+00
  0.0000e+00 0.0000e+00 0.0000e+00 0.0000e+00]
 [0.0000e+00 1.2419e+03 4.3000e+00 6.0000e-01 1.0000e-01 1.0000e-01
  0.0000e+00 2.0000e-01 0.0000e+00 1.5400e+01 1.9200e+01 1.5000e+00
  0.0000e+00 1.1000e+00 5.0000e-01 1.0000e-01]
 [0.0000e+00 3.2000e+00 7.2780e+02 1.0800e+01 1.0000e-01 0.0000e+00
  0.0000e+00 0.0000e+00 3.0000e-01 0.0000e+00 2.0000e+00 2.6000e+00
  1.0000e-01 0.0000e+00 1.0000e-01 0.0000e+00]
 [0.0000e+00 1.1000e+00 4.5000e+00 2.0450e+02 1.0000e-01 0.0000e+00
  0.0000e+00 0.0000e+00 0.0000e+00 0.0000e+00 1.0000e-01 2.7000e+00
  0.0000e+00 0.0000e+00 0.0000e+00 0.0000e+00]
 [3.0000e-01 2.6000e+00 2.0000e-01 3.2000e+00 4.1970e+02 1.5000e+00
  2.0000e-01 0.0000e+00 0.0000e+00 4.0000e-01 7.0000e-01 2.9000e+00
  0.0000e+00 1.9000e+00 1.4000e+00 0.0000e+00]
 [0.0000e+00 0.0000e+00 0.0000e+00 1.0000e-01 1.6000e+00 6.5320e+02
  0.0000e+00 1.0000e-01 0.0000e+00 0.0000e+00 5.0000e-01 0.0000e+00
  0.0000e+00 0.0000e+00 1.5000e+00 0.0000e+00]
 [0.0000e+00 0.0000e+00 0.0000e+00 0.0000e+00 2.0000e-01 0.0000e+00
  2.4300e+01 4.0000e-01 0.0000e+00 0.0000e+00 0.0000e+00 0.0000e+00
  0.0000e+00 1.0000e-01 0.0000e+00 0.0000e+00]
 [1.0000e-01 0.0000e+00 0.0000e+00 0.0000e+00 0.0000e+00 0.0000e+00
  3.0000e-01 4.2960e+02 0.0000e+00 0.0000e+00 0.0000e+00 0.0000e+00
  0.0000e+00 0.0000e+00 0.0000e+00 0.0000e+00]
 [0.0000e+00 0.0000e+00 2.9000e+00 2.0000e-01 4.0000e-01 0.0000e+00
  0.0000e+00 0.0000e+00 1.4300e+01 0.0000e+00 1.0000e-01 0.0000e+00
  1.0000e-01 0.0000e+00 0.0000e+00 0.0000e+00]
 [0.0000e+00 8.8000e+00 1.3000e+00 0.0000e+00 5.0000e-01 1.0000e-01
  0.0000e+00 0.0000e+00 0.0000e+00 8.2390e+02 3.3300e+01 6.0000e+00
  0.0000e+00 4.0000e-01 7.0000e-01 0.0000e+00]
 [0.0000e+00 1.3700e+01 1.9000e+00 5.0000e-01 1.2000e+00 1.6000e+00
  1.0000e-01 0.0000e+00 0.0000e+00 1.3600e+01 2.1719e+03 4.9000e+00
  0.0000e+00 0.0000e+00 6.0000e-01 0.0000e+00]
 [0.0000e+00 2.3000e+00 1.5000e+00 4.0000e-01 1.0000e-01 0.0000e+00
  0.0000e+00 0.0000e+00 0.0000e+00 2.0000e-01 3.7000e+00 5.2120e+02
  1.0000e-01 2.0000e-01 1.2000e+00 3.1000e+00]
 [0.0000e+00 0.0000e+00 3.0000e-01 0.0000e+00 0.0000e+00 0.0000e+00
  0.0000e+00 0.0000e+00 0.0000e+00 0.0000e+00 2.0000e-01 0.0000e+00
  1.8440e+02 0.0000e+00 1.0000e-01 0.0000e+00]
 [0.0000e+00 0.0000e+00 0.0000e+00 0.0000e+00 9.0000e-01 3.0000e-01
  0.0000e+00 0.0000e+00 0.0000e+00 0.0000e+00 0.0000e+00 0.0000e+00
  1.0000e-01 1.1141e+03 2.3600e+01 0.0000e+00]
 [0.0000e+00 1.4000e+00 0.0000e+00 1.0000e-01 5.0000e-01 1.9000e+00
  0.0000e+00 0.0000e+00 1.0000e-01 2.0000e-01 0.0000e+00 1.2000e+00
  2.0000e-01 1.9300e+01 3.2210e+02 0.0000e+00]
 [0.0000e+00 0.0000e+00 0.0000e+00 0.0000e+00 0.0000e+00 0.0000e+00
  0.0000e+00 0.0000e+00 0.0000e+00 0.0000e+00 0.0000e+00 1.0000e+00
  0.0000e+00 0.0000e+00 0.0000e+00 8.3000e+01]]---
Accuracy: 97.27 +- 0.53
---
class acc :
	Alfalfa: 91.22 +- 10.24
	Corn-notill: 96.65 +- 1.23
	Corn-mintill: 97.43 +- 1.07
	Corn: 96.01 +- 2.49
	Grass-pasture: 96.48 +- 2.04
	Grass-trees: 99.42 +- 0.94
	Grass-pasture-mowed: 97.20 +- 3.12
	Hay-windrowed: 99.91 +- 0.21
	Oats: 79.44 +- 23.58
	Soybean-notill: 94.16 +- 1.49
	Soybean-mintill: 98.28 +- 0.80
	Soybean-clean: 97.60 +- 1.19
	Wheat: 99.68 +- 0.55
	Woods: 97.81 +- 1.14
	Buildings-Grass-Trees-Drives: 92.82 +- 3.62
	Stone-Steel-Towers: 98.81 +- 1.51
---
[array([ 63.41463415,  97.27626459,  97.45649264,  99.53051643,
        94.94252874,  99.695586  , 100.        , 100.        ,
        88.88888889,  94.17142857,  98.14479638,  97.94007491,
       100.        ,  97.190518  ,  89.04899135, 100.        ]), array([ 85.36585366,  96.0311284 ,  96.38554217,  95.77464789,
        99.54022989,  99.695586  ,  96.        , 100.        ,
        88.88888889,  91.54285714,  98.14479638,  97.75280899,
        98.37837838,  96.4881475 ,  95.10086455,  95.23809524]), array([ 92.68292683,  94.78599222,  97.59036145,  93.89671362,
        96.32183908,  99.39117199,  92.        , 100.        ,
        44.44444444,  93.6       ,  98.19004525,  99.06367041,
       100.        ,  97.80509219,  94.23631124,  97.61904762]), array([ 97.56097561,  98.28793774,  96.9210174 ,  96.24413146,
        93.79310345,  99.847793  , 100.        , 100.        ,
       100.        ,  93.02857143,  99.04977376,  98.31460674,
       100.        ,  99.47322212,  83.86167147, 100.        ]), array([ 87.80487805,  97.66536965,  95.18072289,  99.06103286,
        98.85057471,  99.543379  , 100.        ,  99.76744186,
       100.        ,  94.4       ,  99.50226244,  97.94007491,
        98.91891892,  97.8928885 ,  97.11815562,  97.61904762]), array([ 97.56097561,  97.89883268,  98.66131191,  98.5915493 ,
        93.56321839, 100.        ,  96.        , 100.        ,
       100.        ,  97.02857143,  99.36651584,  97.94007491,
       100.        ,  98.94644425,  94.23631124, 100.        ]), array([ 95.12195122,  95.56420233,  97.05488621,  96.71361502,
        94.71264368, 100.        ,  92.        ,  99.30232558,
        44.44444444,  94.4       ,  97.60180995,  98.31460674,
       100.        ,  97.98068481,  94.52449568,  98.80952381]), array([100.        ,  94.78599222,  97.99196787,  95.77464789,
        97.01149425,  99.543379  , 100.        , 100.        ,
       100.        ,  95.77142857,  98.09954751,  97.94007491,
       100.        ,  95.43459175,  91.93083573, 100.        ]), array([ 97.56097561,  97.58754864,  99.06291834,  92.48826291,
        98.16091954,  99.847793  , 100.        , 100.        ,
        83.33333333,  94.97142857,  97.9638009 ,  96.06741573,
        99.45945946,  98.77085162,  93.08357349,  98.80952381]), array([ 95.12195122,  96.57587549,  97.99196787,  92.01877934,
        97.93103448,  96.65144597,  96.        , 100.        ,
        44.44444444,  92.68571429,  96.69683258,  94.75655431,
       100.        ,  98.15627744,  95.10086455, 100.        ])]---
AA: 95.81 +- 1.84
Kappa: 96.89 +- 0.61
