model_config:
%s
{
    "model": {
        "n_groups": [
            4
        ],
        "patch_size": 7,
        "in_chans": 200,
        "num_classes": 16,
        "dims": [
            64
        ],
        "ssm_d_state": 16,
        "ssm_ratio": 2,
        "ssm_dt_rank": "auto",
        "ssm_act_layer": "silu",
        "ssm_conv": 0,
        "ssm_conv_bias": true,
        "ssm_drop_rate": 0,
        "ssm_init": "v0",
        "forward_type": "v3noz"
    },
    "schedule": {
        "optimizer": {
            "name": "AdamW",
            "params": {
                "lr": 0.001
            }
        },
        "lr_decay": {
            "name": "StepLR",
            "params": {
                "step_size": 30,
                "gamma": 0.9
            }
        }
    }
}
experiments will run on GPU device 0
model = lightweight_spectral_mamba
dataset = ip
dataset folder = ./datasets
patch size = 7
batch size = 64
total epoch = 1
0.05 for training and 0.95 testing
running an experiment with the lightweight_spectral_mamba model
run 1 / 1
: 31144 parameters
pad: 0 parameters
group_emb: 28992 parameters
group_emb.proj: 28864 parameters
group_emb.batch_norm: 128 parameters
group_emb.relu: 0 parameters
dynamic_pos: 640 parameters
norm_spe: 128 parameters
op_spe: 216 parameters
op_spe.out_norm: 4 parameters
op_spe.in_proj: 2 parameters
op_spe.act: 0 parameters
op_spe.out_proj: 2 parameters
op_spe.dropout: 0 parameters
classifier: 1168 parameters
classifier.0: 128 parameters
classifier.1: 1040 parameters
params 31144 GFLOPs not reported for spectral-only ablation
train at epoch 1/1, loss=2.553943
epoch = 1: best acc = 0.1945
Confusion matrix :
[[   0   29    0    1    0    0    0   14    0    0    0    0    0    0
     0    0]
 [   0  892    1   63    0    0    0    2    0    0  399    0    0    0
     0    0]
 [   0  532    0   23    0    0    0    1    0    0  233    0    0    0
     0    0]
 [   0  181    0   42    0    0    0    0    0    0    2    0    0    0
     0    0]
 [   0   45    0   72    0    0    0  342    0    0    0    0    0    0
     0    0]
 [   0   11    0  339    0    0    0  343    0    0    0    0    0    0
     0    0]
 [   0   17    0    4    0    0    0    6    0    0    0    0    0    0
     0    0]
 [   0  320    0  118    0    0    0   16    0    0    0    0    0    0
     0    0]
 [   0    8    0   11    0    0    0    0    0    0    0    0    0    0
     0    0]
 [   0  400    0   50    0    0    0    0    0    0  473    0    0    0
     0    0]
 [   0 1276    3  108    0    0    0    1    0    0  944    0    0    0
     0    0]
 [   0  355    5   76    0    0    0    0    0    0  127    0    0    0
     0    0]
 [   0    1    0  134    0    0    0   60    0    0    0    0    0    0
     0    0]
 [   0    1   14    0    0    0    0 1187    0    0    0    0    0    0
     0    0]
 [   0   12    8  101    0    0    0  246    0    0    0    0    0    0
     0    0]
 [   0   46    0    0    0    0    0    0    0    0   42    0    0    0
     0    0]]---
Accuracy : 19.45%
---
class acc :
	Alfalfa: 0.00
	Corn-notill: 65.73
	Corn-mintill: 0.00
	Corn: 18.67
	Grass-pasture: 0.00
	Grass-trees: 0.00
	Grass-pasture-mowed: 0.00
	Hay-windrowed: 3.52
	Oats: 0.00
	Soybean-notill: 0.00
	Soybean-mintill: 40.48
	Soybean-clean: 0.00
	Wheat: 0.00
	Woods: 0.00
	Buildings-Grass-Trees-Drives: 0.00
	Stone-Steel-Towers: 0.00
---
[ 0.         65.73323508  0.         18.66666667  0.          0.
  0.          3.52422907  0.          0.         40.48027444  0.
  0.          0.          0.          0.        ]---
AA: 8.03%
Kappa: 7.71
