model_config:
%s
{
    "model": {
        "n_groups": [
            4
        ],
        "patch_size": 7,
        "in_chans": 200,
        "num_classes": 16,
        "dims": [
            64
        ],
        "ssm_d_state": 16,
        "ssm_ratio": 2,
        "ssm_dt_rank": "auto",
        "ssm_act_layer": "silu",
        "ssm_conv": 0,
        "ssm_conv_bias": true,
        "ssm_drop_rate": 0,
        "ssm_init": "v0",
        "forward_type": "v3noz"
    },
    "schedule": {
        "optimizer": {
            "name": "AdamW",
            "params": {
                "lr": 0.001
            }
        },
        "lr_decay": {
            "name": "StepLR",
            "params": {
                "step_size": 30,
                "gamma": 0.9
            }
        }
    }
}
experiments will run on GPU device 0
model = lightweight_spectral_mamba
dataset = ip
dataset folder = ./datasets
patch size = 7
batch size = 64
total epoch = 300
0.05 for training and 0.95 testing
running an experiment with the lightweight_spectral_mamba model
run 1 / 10
: 31144 parameters
pad: 0 parameters
group_emb: 28992 parameters
group_emb.proj: 28864 parameters
group_emb.batch_norm: 128 parameters
group_emb.relu: 0 parameters
dynamic_pos: 640 parameters
norm_spe: 128 parameters
op_spe: 216 parameters
op_spe.out_norm: 4 parameters
op_spe.in_proj: 2 parameters
op_spe.act: 0 parameters
op_spe.out_proj: 2 parameters
op_spe.dropout: 0 parameters
classifier: 1168 parameters
classifier.0: 128 parameters
classifier.1: 1040 parameters
params 31144 GFLOPs not reported for spectral-only ablation
train at epoch 1/300, loss=2.553943
epoch = 1: best acc = 0.1945
epoch = 2: best acc = 0.2880
epoch = 3: best acc = 0.4015
epoch = 4: best acc = 0.4213
epoch = 5: best acc = 0.4655
epoch = 6: best acc = 0.4689
epoch = 7: best acc = 0.4966
epoch = 8: best acc = 0.4966
epoch = 9: best acc = 0.5047
train at epoch 10/300, loss=1.402213
epoch = 10: best acc = 0.5100
epoch = 11: best acc = 0.5129
epoch = 13: best acc = 0.5292
epoch = 14: best acc = 0.5332
epoch = 15: best acc = 0.5361
epoch = 16: best acc = 0.5397
epoch = 17: best acc = 0.5521
epoch = 18: best acc = 0.5528
epoch = 19: best acc = 0.5579
train at epoch 20/300, loss=1.122653
epoch = 20: best acc = 0.5795
epoch = 22: best acc = 0.5847
epoch = 27: best acc = 0.5956
epoch = 29: best acc = 0.5985
train at epoch 30/300, loss=0.973778
epoch = 30: best acc = 0.6119
epoch = 36: best acc = 0.6129
epoch = 38: best acc = 0.6164
epoch = 39: best acc = 0.6289
train at epoch 40/300, loss=0.852192
epoch = 40: best acc = 0.6393
epoch = 48: best acc = 0.6435
train at epoch 50/300, loss=0.714079
epoch = 51: best acc = 0.6523
epoch = 52: best acc = 0.6642
epoch = 55: best acc = 0.6692
train at epoch 60/300, loss=0.615211
epoch = 62: best acc = 0.6824
epoch = 66: best acc = 0.6839
epoch = 67: best acc = 0.6869
train at epoch 70/300, loss=0.558918
epoch = 73: best acc = 0.6975
train at epoch 80/300, loss=0.548925
epoch = 89: best acc = 0.7247
train at epoch 90/300, loss=0.439088
epoch = 91: best acc = 0.7255
train at epoch 100/300, loss=0.359813
train at epoch 110/300, loss=0.294329
epoch = 113: best acc = 0.7274
epoch = 118: best acc = 0.7335
epoch = 119: best acc = 0.7386
train at epoch 120/300, loss=0.276929
epoch = 120: best acc = 0.7413
epoch = 122: best acc = 0.7430
epoch = 123: best acc = 0.7453
train at epoch 130/300, loss=0.246344
train at epoch 140/300, loss=0.294571
train at epoch 150/300, loss=0.233697
train at epoch 160/300, loss=0.194829
epoch = 160: best acc = 0.7509
train at epoch 170/300, loss=0.191656
epoch = 173: best acc = 0.7594
train at epoch 180/300, loss=0.186062
epoch = 188: best acc = 0.7614
train at epoch 190/300, loss=0.170804
epoch = 193: best acc = 0.7638
train at epoch 200/300, loss=0.160958
train at epoch 210/300, loss=0.133094
epoch = 212: best acc = 0.7663
train at epoch 220/300, loss=0.124218
epoch = 220: best acc = 0.7668
epoch = 225: best acc = 0.7761
train at epoch 230/300, loss=0.096175
train at epoch 240/300, loss=0.113258
epoch = 241: best acc = 0.7771
epoch = 243: best acc = 0.7792
train at epoch 250/300, loss=0.102238
epoch = 252: best acc = 0.7805
train at epoch 260/300, loss=0.117453
train at epoch 270/300, loss=0.103632
epoch = 273: best acc = 0.7821
epoch = 277: best acc = 0.7863
train at epoch 280/300, loss=0.066809
epoch = 287: best acc = 0.7868
train at epoch 290/300, loss=0.062493
train at epoch 300/300, loss=0.073731
Confusion matrix :
[[  13    0    0    1    1    0    0   29    0    0    0    0    0    0
     0    0]
 [   0 1048   33   35    5    0    0    0    0   90  134   10    1    0
     0    1]
 [   0   49  429   34    1    0    0    0    0   12  209   55    0    0
     0    0]
 [   0    8   11  189    0    0    0    1    0    0    9    7    0    0
     0    0]
 [   0    0    0   11  398   37    0    0    0    0    2    6    0    3
     2    0]
 [   0    0    0    3    1  668    0    0    0    0    4    0    0    1
    16    0]
 [   0    0    0    0    2    0    5   18    0    0    1    0    0    0
     1    0]
 [   0    0    0    0    0    0    0  454    0    0    0    0    0    0
     0    0]
 [   0    0    0    1    1    4    0    0   11    0    0    0    0    0
     2    0]
 [   0   55    3    1    2    2    0    0    0  645  209    6    0    0
     0    0]
 [   0  180   68    3    4    1    0    0    0  156 1861   58    0    0
     1    0]
 [   0   23   62    6    0    0    0    0    1   13   94  362    0    0
     0    2]
 [   0    0    5    1    0    1    0    0    0    0    0    0  185    0
     3    0]
 [   0    0    0    0   21    0    0    0    0    0    0    0    6 1146
    29    0]
 [   0    0    0    0   11   58    0    0    0    0    6    1   36   79
   176    0]
 [   0    6    1    0    0    0    0    0    0    2    3    5    0    0
     0   71]]---
Accuracy : 78.68%
---
class acc :
	Alfalfa: 29.55
	Corn-notill: 77.23
	Corn-mintill: 54.37
	Corn: 84.00
	Grass-pasture: 86.71
	Grass-trees: 96.39
	Grass-pasture-mowed: 18.52
	Hay-windrowed: 100.00
	Oats: 57.89
	Soybean-notill: 69.88
	Soybean-mintill: 79.80
	Soybean-clean: 64.30
	Wheat: 94.87
	Woods: 95.34
	Buildings-Grass-Trees-Drives: 47.96
	Stone-Steel-Towers: 80.68
---
[ 29.54545455  77.22918202  54.37262357  84.          86.71023965
  96.39249639  18.51851852 100.          57.89473684  69.8808234
  79.80274443  64.29840142  94.87179487  95.34109817  47.95640327
  80.68181818]---
AA: 71.09%
Kappa: 75.58
------Get classification maps successful-------
running an experiment with the lightweight_spectral_mamba model
run 2 / 10
train at epoch 1/300, loss=2.564285
epoch = 1: best acc = 0.2946
epoch = 2: best acc = 0.3623
epoch = 3: best acc = 0.3855
epoch = 4: best acc = 0.4301
epoch = 5: best acc = 0.4732
epoch = 6: best acc = 0.4959
epoch = 7: best acc = 0.4985
epoch = 8: best acc = 0.5058
train at epoch 10/300, loss=1.389890
epoch = 10: best acc = 0.5074
epoch = 11: best acc = 0.5095
epoch = 12: best acc = 0.5184
epoch = 13: best acc = 0.5375
epoch = 14: best acc = 0.5451
epoch = 15: best acc = 0.5527
epoch = 17: best acc = 0.5618
epoch = 18: best acc = 0.5802
train at epoch 20/300, loss=1.068557
epoch = 20: best acc = 0.5860
epoch = 21: best acc = 0.5894
epoch = 23: best acc = 0.5993
epoch = 29: best acc = 0.6023
train at epoch 30/300, loss=0.904486
epoch = 30: best acc = 0.6045
epoch = 31: best acc = 0.6089
epoch = 32: best acc = 0.6262
epoch = 33: best acc = 0.6295
epoch = 35: best acc = 0.6307
epoch = 36: best acc = 0.6423
epoch = 38: best acc = 0.6443
epoch = 39: best acc = 0.6484
train at epoch 40/300, loss=0.730346
train at epoch 50/300, loss=0.667989
epoch = 51: best acc = 0.6532
epoch = 53: best acc = 0.6624
train at epoch 60/300, loss=0.582748
epoch = 61: best acc = 0.6789
train at epoch 70/300, loss=0.504854
epoch = 72: best acc = 0.6804
epoch = 73: best acc = 0.6858
epoch = 76: best acc = 0.6897
epoch = 79: best acc = 0.7008
train at epoch 80/300, loss=0.381637
train at epoch 90/300, loss=0.378337
epoch = 99: best acc = 0.7103
train at epoch 100/300, loss=0.326048
train at epoch 110/300, loss=0.294072
epoch = 112: best acc = 0.7303
epoch = 117: best acc = 0.7306
train at epoch 120/300, loss=0.242131
epoch = 122: best acc = 0.7307
epoch = 128: best acc = 0.7365
train at epoch 130/300, loss=0.227165
train at epoch 140/300, loss=0.228723
train at epoch 150/300, loss=0.189521
train at epoch 160/300, loss=0.182635
epoch = 165: best acc = 0.7365
train at epoch 170/300, loss=0.137318
epoch = 179: best acc = 0.7384
train at epoch 180/300, loss=0.160902
epoch = 181: best acc = 0.7400
epoch = 182: best acc = 0.7466
train at epoch 190/300, loss=0.122513
epoch = 193: best acc = 0.7499
train at epoch 200/300, loss=0.129458
epoch = 209: best acc = 0.7515
train at epoch 210/300, loss=0.121506
train at epoch 220/300, loss=0.112963
epoch = 229: best acc = 0.7516
train at epoch 230/300, loss=0.089049
epoch = 232: best acc = 0.7525
epoch = 239: best acc = 0.7577
train at epoch 240/300, loss=0.106417
epoch = 244: best acc = 0.7578
train at epoch 250/300, loss=0.085570
train at epoch 260/300, loss=0.087453
epoch = 264: best acc = 0.7631
train at epoch 270/300, loss=0.101129
train at epoch 280/300, loss=0.064066
train at epoch 290/300, loss=0.061444
train at epoch 300/300, loss=0.067830
Confusion matrix :
[[  10    0    0    1    0    0    0   33    0    0    0    0    0    0
     0    0]
 [   0  878   50   62    5    0    0    0    0  149  192   18    1    0
     2    0]
 [   0   75  444   23    4    0    0    0    0   27  117   98    1    0
     0    0]
 [   0    9   37  157    1    0    0    0    0    0   12    9    0    0
     0    0]
 [   0    1    0    5  401   16    0    4    0    0    1   12    0   19
     0    0]
 [   0    0    0    0    3  682    0    0    0    0    0    0    1    2
     5    0]
 [   0    0    0    0    0    0    4   22    0    0    0    0    0    0
     1    0]
 [   0    0    0    0    0    0    1  453    0    0    0    0    0    0
     0    0]
 [   0    0    0    1    3    5    0    0    9    0    0    0    1    0
     0    0]
 [   0   58   16    8    4    2    0    0    0  652  179    4    0    0
     0    0]
 [   0  272   94    8   15    8    0    1    0  215 1660   58    0    0
     1    0]
 [   0   23   48   16    5    2    0    0    0    3   56  409    0    0
     0    1]
 [   0    0    0    0    1    0    0    0    0    0    0    0  194    0
     0    0]
 [   0    0    0    0    1    0    0    0    0    0    0    0    1 1158
    42    0]
 [   0    0    0    0    3   33    0    0    0    0    0    1   18   77
   235    0]
 [   0    4    0    0    0    0    0    0    0    0    0    0    0    0
     0   84]]---
Accuracy : 76.31%
---
class acc :
	Alfalfa: 22.73
	Corn-notill: 64.70
	Corn-mintill: 56.27
	Corn: 69.78
	Grass-pasture: 87.36
	Grass-trees: 98.41
	Grass-pasture-mowed: 14.81
	Hay-windrowed: 99.78
	Oats: 47.37
	Soybean-notill: 70.64
	Soybean-mintill: 71.18
	Soybean-clean: 72.65
	Wheat: 99.49
	Woods: 96.34
	Buildings-Grass-Trees-Drives: 64.03
	Stone-Steel-Towers: 95.45
---
[22.72727273 64.70154753 56.27376426 69.77777778 87.36383442 98.41269841
 14.81481481 99.77973568 47.36842105 70.63921993 71.18353345 72.64653641
 99.48717949 96.33943428 64.03269755 95.45454545]---
AA: 70.69%
Kappa: 73.04
running an experiment with the lightweight_spectral_mamba model
run 3 / 10
train at epoch 1/300, loss=2.525690
epoch = 1: best acc = 0.3030
epoch = 2: best acc = 0.4208
epoch = 3: best acc = 0.4713
epoch = 4: best acc = 0.4855
epoch = 5: best acc = 0.4965
epoch = 6: best acc = 0.5063
epoch = 7: best acc = 0.5121
epoch = 8: best acc = 0.5168
train at epoch 10/300, loss=1.344343
epoch = 10: best acc = 0.5198
epoch = 11: best acc = 0.5207
epoch = 12: best acc = 0.5232
epoch = 13: best acc = 0.5312
epoch = 14: best acc = 0.5488
epoch = 16: best acc = 0.5632
epoch = 19: best acc = 0.5687
train at epoch 20/300, loss=1.047755
epoch = 20: best acc = 0.5735
epoch = 21: best acc = 0.5761
epoch = 22: best acc = 0.5896
epoch = 25: best acc = 0.5993
epoch = 26: best acc = 0.6034
epoch = 28: best acc = 0.6183
train at epoch 30/300, loss=0.870324
epoch = 33: best acc = 0.6275
epoch = 35: best acc = 0.6386
train at epoch 40/300, loss=0.743863
epoch = 43: best acc = 0.6398
epoch = 44: best acc = 0.6575
train at epoch 50/300, loss=0.613417
epoch = 52: best acc = 0.6698
epoch = 55: best acc = 0.6762
train at epoch 60/300, loss=0.557336
epoch = 63: best acc = 0.6908
epoch = 64: best acc = 0.6969
train at epoch 70/300, loss=0.491890
epoch = 77: best acc = 0.7046
train at epoch 80/300, loss=0.356823
epoch = 85: best acc = 0.7161
train at epoch 90/300, loss=0.347199
epoch = 92: best acc = 0.7302
epoch = 93: best acc = 0.7332
train at epoch 100/300, loss=0.283207
epoch = 106: best acc = 0.7341
train at epoch 110/300, loss=0.281340
train at epoch 120/300, loss=0.224081
epoch = 125: best acc = 0.7387
train at epoch 130/300, loss=0.186154
train at epoch 140/300, loss=0.185657
epoch = 142: best acc = 0.7418
epoch = 143: best acc = 0.7505
epoch = 144: best acc = 0.7526
train at epoch 150/300, loss=0.160206
train at epoch 160/300, loss=0.156743
epoch = 162: best acc = 0.7529
train at epoch 170/300, loss=0.126274
train at epoch 180/300, loss=0.106245
train at epoch 190/300, loss=0.126004
epoch = 192: best acc = 0.7648
train at epoch 200/300, loss=0.100279
train at epoch 210/300, loss=0.092737
train at epoch 220/300, loss=0.086497
epoch = 228: best acc = 0.7692
train at epoch 230/300, loss=0.049184
epoch = 231: best acc = 0.7696
train at epoch 240/300, loss=0.065478
train at epoch 250/300, loss=0.069346
train at epoch 260/300, loss=0.054963
train at epoch 270/300, loss=0.050356
train at epoch 280/300, loss=0.035455
train at epoch 290/300, loss=0.037922
epoch = 290: best acc = 0.7705
epoch = 293: best acc = 0.7713
epoch = 296: best acc = 0.7773
train at epoch 300/300, loss=0.052662
Confusion matrix :
[[  10    0    0    2    0    4    0   28    0    0    0    0    0    0
     0    0]
 [   0 1014   11   19    0    0    0    0    0   68  236    9    0    0
     0    0]
 [   0   47  415   13    0    0    0    0    0    4  269   41    0    0
     0    0]
 [   0   49   21  114    1    0    0    0    0    0   31    7    2    0
     0    0]
 [   0    9    4   11  306   23    0    7    0    1    3    7    0   84
     4    0]
 [   0    0    0    3    6  674    0    0    0    0    2    0    0    1
     7    0]
 [   0    0    0    0    6    1    2   18    0    0    0    0    0    0
     0    0]
 [   1    0    0    0    0    2    9  440    0    0    1    0    0    0
     1    0]
 [   0    0    4    3    0    2    0    0    8    0    0    0    1    0
     1    0]
 [   0   43   13    7    0    1    0    0    0  635  220    4    0    0
     0    0]
 [   0  127   75    4    2    1    0    0    0  124 1961   35    1    0
     0    2]
 [   0   70   34    2    0    0    0    0    0    3   98  349    0    0
     0    7]
 [   0    0    1    0    0    0    0    0    0    1    0    0  190    2
     1    0]
 [   0    0    0    0   12    0    0    0    0    0    0    0    1 1146
    43    0]
 [   0    2    1    2    9   36    0    0    1    0    0    2    9   84
   221    0]
 [   0    2    0    0    0    0    0    0    0    0    0    2    0    0
     0   84]]---
Accuracy : 77.73%
---
class acc :
	Alfalfa: 22.73
	Corn-notill: 74.72
	Corn-mintill: 52.60
	Corn: 50.67
	Grass-pasture: 66.67
	Grass-trees: 97.26
	Grass-pasture-mowed: 7.41
	Hay-windrowed: 96.92
	Oats: 42.11
	Soybean-notill: 68.80
	Soybean-mintill: 84.09
	Soybean-clean: 61.99
	Wheat: 97.44
	Woods: 95.34
	Buildings-Grass-Trees-Drives: 60.22
	Stone-Steel-Towers: 95.45
---
[22.72727273 74.72365512 52.5982256  50.66666667 66.66666667 97.25829726
  7.40740741 96.91629956 42.10526316 68.79739978 84.09090909 61.98934281
 97.43589744 95.34109817 60.21798365 95.45454545]---
AA: 67.15%
Kappa: 74.33
running an experiment with the lightweight_spectral_mamba model
run 4 / 10
train at epoch 1/300, loss=2.619263
epoch = 1: best acc = 0.0563
epoch = 2: best acc = 0.1759
epoch = 3: best acc = 0.1912
epoch = 4: best acc = 0.3981
epoch = 5: best acc = 0.4710
epoch = 6: best acc = 0.4953
epoch = 7: best acc = 0.4996
epoch = 8: best acc = 0.5040
epoch = 9: best acc = 0.5110
train at epoch 10/300, loss=1.380433
epoch = 10: best acc = 0.5174
epoch = 11: best acc = 0.5235
epoch = 12: best acc = 0.5386
epoch = 13: best acc = 0.5566
epoch = 16: best acc = 0.5624
epoch = 17: best acc = 0.5689
epoch = 18: best acc = 0.5889
train at epoch 20/300, loss=1.067756
epoch = 21: best acc = 0.5984
epoch = 22: best acc = 0.5994
epoch = 25: best acc = 0.6131
epoch = 28: best acc = 0.6156
epoch = 29: best acc = 0.6227
train at epoch 30/300, loss=0.876390
epoch = 30: best acc = 0.6284
epoch = 33: best acc = 0.6372
epoch = 35: best acc = 0.6406
epoch = 37: best acc = 0.6423
train at epoch 40/300, loss=0.678112
epoch = 40: best acc = 0.6611
epoch = 42: best acc = 0.6667
train at epoch 50/300, loss=0.585016
epoch = 54: best acc = 0.6699
epoch = 57: best acc = 0.6720
epoch = 58: best acc = 0.6947
train at epoch 60/300, loss=0.541883
epoch = 63: best acc = 0.6973
epoch = 66: best acc = 0.7075
train at epoch 70/300, loss=0.498023
train at epoch 80/300, loss=0.408122
epoch = 82: best acc = 0.7088
epoch = 85: best acc = 0.7131
epoch = 86: best acc = 0.7178
train at epoch 90/300, loss=0.312222
epoch = 96: best acc = 0.7242
train at epoch 100/300, loss=0.322024
train at epoch 110/300, loss=0.251262
epoch = 112: best acc = 0.7258
epoch = 118: best acc = 0.7387
train at epoch 120/300, loss=0.251024
train at epoch 130/300, loss=0.194267
epoch = 136: best acc = 0.7402
train at epoch 140/300, loss=0.206425
epoch = 143: best acc = 0.7428
epoch = 149: best acc = 0.7437
train at epoch 150/300, loss=0.197941
epoch = 154: best acc = 0.7485
epoch = 156: best acc = 0.7533
epoch = 158: best acc = 0.7534
train at epoch 160/300, loss=0.149220
epoch = 166: best acc = 0.7626
train at epoch 170/300, loss=0.151286
train at epoch 180/300, loss=0.126898
train at epoch 190/300, loss=0.093069
train at epoch 200/300, loss=0.090665
train at epoch 210/300, loss=0.082561
epoch = 214: best acc = 0.7651
train at epoch 220/300, loss=0.072000
epoch = 220: best acc = 0.7712
train at epoch 230/300, loss=0.064798
train at epoch 240/300, loss=0.063438
epoch = 248: best acc = 0.7723
epoch = 249: best acc = 0.7782
train at epoch 250/300, loss=0.053517
train at epoch 260/300, loss=0.051405
train at epoch 270/300, loss=0.054569
train at epoch 280/300, loss=0.042239
train at epoch 290/300, loss=0.044259
train at epoch 300/300, loss=0.039996
Confusion matrix :
[[   2    2    0    0    0    0    0   40    0    0    0    0    0    0
     0    0]
 [   0  965   41    6    1    2    0    1    0  120  203   14    1    3
     0    0]
 [   0   11  502   13    1    0    0    0    0    1  207   50    0    0
     0    4]
 [   0    6   41  158    0    0    0    0    0    0   12    8    0    0
     0    0]
 [   1    4    0    5  380    5    0   12    0    0    4    4    0   43
     1    0]
 [   0    0    0    0   14  638    0   11    5    0    4    0    0    2
    19    0]
 [   0    0    0    0    5    0    4   18    0    0    0    0    0    0
     0    0]
 [   0    0    0    0    0    0    0  454    0    0    0    0    0    0
     0    0]
 [   0    0    0    0    0    4    0    0    6    0    0    5    1    0
     3    0]
 [   0   49   10    4    0    2    0    1    0  674  178    2    1    2
     0    0]
 [   0  140   85    7    2    2    0    2    0   57 1946   85    2    0
     2    2]
 [   0   21   84   15    0    0    0    0    0    8  140  288    1    0
     2    4]
 [   0    0    0    0    0    0    0    0    0    0    0    1  171    0
    23    0]
 [   0    0    0    0   34    1    0    0    0    0    0    0    2 1097
    68    0]
 [   0    0    0    0   17   33    0    3    0    0    1    2   14   89
   208    0]
 [   0    0    1    0    0    0    0    0    0    0    0    3    0    0
     0   84]]---
Accuracy : 77.82%
---
class acc :
	Alfalfa: 4.55
	Corn-notill: 71.11
	Corn-mintill: 63.62
	Corn: 70.22
	Grass-pasture: 82.79
	Grass-trees: 92.06
	Grass-pasture-mowed: 14.81
	Hay-windrowed: 100.00
	Oats: 31.58
	Soybean-notill: 73.02
	Soybean-mintill: 83.45
	Soybean-clean: 51.15
	Wheat: 87.69
	Woods: 91.26
	Buildings-Grass-Trees-Drives: 56.68
	Stone-Steel-Towers: 95.45
---
[  4.54545455  71.11274871  63.62484157  70.22222222  82.78867102
  92.06349206  14.81481481 100.          31.57894737  73.0227519
  83.44768439  51.15452931  87.69230769  91.26455907  56.67574932
  95.45454545]---
AA: 66.84%
Kappa: 74.54
running an experiment with the lightweight_spectral_mamba model
run 5 / 10
train at epoch 1/300, loss=2.543554
epoch = 1: best acc = 0.1238
epoch = 2: best acc = 0.3318
epoch = 3: best acc = 0.3673
epoch = 4: best acc = 0.4044
epoch = 5: best acc = 0.4463
epoch = 6: best acc = 0.4714
epoch = 7: best acc = 0.4855
epoch = 8: best acc = 0.4953
epoch = 9: best acc = 0.4958
train at epoch 10/300, loss=1.312212
epoch = 10: best acc = 0.5063
epoch = 11: best acc = 0.5132
epoch = 12: best acc = 0.5176
epoch = 13: best acc = 0.5428
epoch = 19: best acc = 0.5618
train at epoch 20/300, loss=0.990219
epoch = 20: best acc = 0.5701
epoch = 21: best acc = 0.5753
epoch = 22: best acc = 0.5828
epoch = 23: best acc = 0.5871
epoch = 24: best acc = 0.5955
epoch = 27: best acc = 0.6039
epoch = 28: best acc = 0.6040
train at epoch 30/300, loss=0.803080
epoch = 31: best acc = 0.6079
epoch = 33: best acc = 0.6118
epoch = 34: best acc = 0.6156
epoch = 35: best acc = 0.6337
epoch = 37: best acc = 0.6338
epoch = 39: best acc = 0.6442
train at epoch 40/300, loss=0.677832
epoch = 40: best acc = 0.6479
epoch = 44: best acc = 0.6616
epoch = 47: best acc = 0.6690
train at epoch 50/300, loss=0.594688
epoch = 53: best acc = 0.6721
epoch = 59: best acc = 0.6832
train at epoch 60/300, loss=0.483918
epoch = 61: best acc = 0.6894
epoch = 65: best acc = 0.6961
epoch = 68: best acc = 0.7002
train at epoch 70/300, loss=0.394296
epoch = 70: best acc = 0.7004
epoch = 72: best acc = 0.7095
epoch = 73: best acc = 0.7119
train at epoch 80/300, loss=0.379100
epoch = 84: best acc = 0.7201
train at epoch 90/300, loss=0.330091
train at epoch 100/300, loss=0.291646
epoch = 107: best acc = 0.7217
train at epoch 110/300, loss=0.228321
epoch = 111: best acc = 0.7390
train at epoch 120/300, loss=0.208113
train at epoch 130/300, loss=0.162885
train at epoch 140/300, loss=0.184923
epoch = 140: best acc = 0.7412
epoch = 143: best acc = 0.7469
epoch = 144: best acc = 0.7500
train at epoch 150/300, loss=0.147317
train at epoch 160/300, loss=0.130469
epoch = 165: best acc = 0.7595
train at epoch 170/300, loss=0.112260
epoch = 175: best acc = 0.7599
epoch = 177: best acc = 0.7663
train at epoch 180/300, loss=0.085324
train at epoch 190/300, loss=0.080176
epoch = 190: best acc = 0.7670
epoch = 197: best acc = 0.7716
train at epoch 200/300, loss=0.069273
epoch = 203: best acc = 0.7756
train at epoch 210/300, loss=0.054717
train at epoch 220/300, loss=0.050240
train at epoch 230/300, loss=0.047879
train at epoch 240/300, loss=0.071351
epoch = 241: best acc = 0.7781
train at epoch 250/300, loss=0.063087
epoch = 258: best acc = 0.7782
epoch = 259: best acc = 0.7811
train at epoch 260/300, loss=0.062674
epoch = 266: best acc = 0.7853
train at epoch 270/300, loss=0.038131
train at epoch 280/300, loss=0.039689
epoch = 280: best acc = 0.7929
train at epoch 290/300, loss=0.033347
train at epoch 300/300, loss=0.035887
Confusion matrix :
[[  15    0    0    0    7    0    0   21    0    0    0    1    0    0
     0    0]
 [   0  969   36   22    1    2    0    0    0  125  192    7    0    1
     2    0]
 [   0   38  536   30    0    0    0    0    0   23  122   39    1    0
     0    0]
 [   0   24   11  162    0    0    0    0    0    1    6   14    2    0
     5    0]
 [   0    1    2    0  395   17    0    1    3    3    0    5    1   21
    10    0]
 [   0    0    0    0    4  661    0    0    0    1    0    0    0    8
    19    0]
 [   0    0    0    0    6    0    6   12    0    1    2    0    0    0
     0    0]
 [   0    0    0    0    1    0    0  452    0    0    0    0    0    0
     1    0]
 [   0    0    0    1    0    3    0    0    9    0    0    0    0    0
     6    0]
 [   0   23    6    0    3    0    0    0    0  702  183    1    0    0
     5    0]
 [   0  137  102   23    3    4    0    2    1  209 1762   85    1    2
     1    0]
 [   0   34   22    6    0    1    0    0    2    3   51  433    1    0
     7    3]
 [   0    0    0    0    1   11    0    0    1    0    0    0  181    0
     1    0]
 [   0    0    0    0    6    0    0    0    0    0    0    0    0 1157
    39    0]
 [   0    0    0    0    3   34    0    0    0    0    0    0   11  111
   208    0]
 [   0    5    3    0    0    0    0    0    0    1    0    7    0    0
     0   72]]---
Accuracy : 79.29%
---
class acc :
	Alfalfa: 34.09
	Corn-notill: 71.41
	Corn-mintill: 67.93
	Corn: 72.00
	Grass-pasture: 86.06
	Grass-trees: 95.38
	Grass-pasture-mowed: 22.22
	Hay-windrowed: 99.56
	Oats: 47.37
	Soybean-notill: 76.06
	Soybean-mintill: 75.56
	Soybean-clean: 76.91
	Wheat: 92.82
	Woods: 96.26
	Buildings-Grass-Trees-Drives: 56.68
	Stone-Steel-Towers: 81.82
---
[34.09090909 71.40751658 67.93409379 72.         86.05664488 95.38239538
 22.22222222 99.55947137 47.36842105 76.05633803 75.55746141 76.90941385
 92.82051282 96.2562396  56.67574932 81.81818182]---
AA: 72.01%
Kappa: 76.38
running an experiment with the lightweight_spectral_mamba model
run 6 / 10
train at epoch 1/300, loss=2.545764
epoch = 1: best acc = 0.2355
epoch = 2: best acc = 0.3772
epoch = 3: best acc = 0.4750
epoch = 4: best acc = 0.4792
epoch = 7: best acc = 0.4867
epoch = 8: best acc = 0.4888
epoch = 9: best acc = 0.5005
train at epoch 10/300, loss=1.396316
epoch = 10: best acc = 0.5045
epoch = 11: best acc = 0.5090
epoch = 12: best acc = 0.5173
epoch = 13: best acc = 0.5208
epoch = 14: best acc = 0.5244
epoch = 15: best acc = 0.5437
epoch = 17: best acc = 0.5459
epoch = 19: best acc = 0.5546
train at epoch 20/300, loss=1.146806
epoch = 21: best acc = 0.5626
epoch = 22: best acc = 0.5715
epoch = 24: best acc = 0.5746
epoch = 25: best acc = 0.5852
train at epoch 30/300, loss=0.976635
epoch = 30: best acc = 0.5911
epoch = 31: best acc = 0.6104
epoch = 32: best acc = 0.6153
epoch = 33: best acc = 0.6359
epoch = 38: best acc = 0.6499
train at epoch 40/300, loss=0.831911
epoch = 47: best acc = 0.6706
train at epoch 50/300, loss=0.680651
train at epoch 60/300, loss=0.692999
epoch = 64: best acc = 0.6739
train at epoch 70/300, loss=0.586685
epoch = 73: best acc = 0.6795
epoch = 74: best acc = 0.6859
epoch = 75: best acc = 0.6954
epoch = 76: best acc = 0.6974
epoch = 79: best acc = 0.7008
train at epoch 80/300, loss=0.443360
epoch = 80: best acc = 0.7211
train at epoch 90/300, loss=0.418162
epoch = 98: best acc = 0.7352
train at epoch 100/300, loss=0.352958
train at epoch 110/300, loss=0.278598
epoch = 114: best acc = 0.7436
train at epoch 120/300, loss=0.308840
epoch = 122: best acc = 0.7550
train at epoch 130/300, loss=0.249120
train at epoch 140/300, loss=0.265505
train at epoch 150/300, loss=0.190658
epoch = 150: best acc = 0.7609
train at epoch 160/300, loss=0.160647
epoch = 161: best acc = 0.7676
train at epoch 170/300, loss=0.161165
epoch = 175: best acc = 0.7704
train at epoch 180/300, loss=0.147243
train at epoch 190/300, loss=0.130033
train at epoch 200/300, loss=0.104774
epoch = 209: best acc = 0.7846
train at epoch 210/300, loss=0.100002
train at epoch 220/300, loss=0.105240
train at epoch 230/300, loss=0.091613
train at epoch 240/300, loss=0.089465
train at epoch 250/300, loss=0.077965
train at epoch 260/300, loss=0.061298
train at epoch 270/300, loss=0.065720
epoch = 276: best acc = 0.7861
train at epoch 280/300, loss=0.046880
train at epoch 290/300, loss=0.047673
train at epoch 300/300, loss=0.045674
Confusion matrix :
[[   7    0    0    0    1    0    0   36    0    0    0    0    0    0
     0    0]
 [   0  983   54   13    0    2    0    0    0  133  160    9    0    2
     1    0]
 [   0   33  524   14    0    0    0    0    0    6  177   35    0    0
     0    0]
 [   0   19   96   88    0    0    0    0    0    0   16    6    0    0
     0    0]
 [   4    4    0    1  388   15    0    3    0    1    7   10    0   23
     3    0]
 [   0    0    0    0    8  675    0    0    0    0    2    0    0    1
     7    0]
 [   0    0    0    0    0    0    7   19    0    0    0    0    0    0
     1    0]
 [   2    0    0    0    0    2    1  449    0    0    0    0    0    0
     0    0]
 [   0    0    0    0    1    5    0    0   10    0    0    0    0    0
     3    0]
 [   0   23    7    4    0    0    0    0    1  726  156    4    0    1
     1    0]
 [   0  103   82   10    2    1    0    0    0  262 1852   17    0    2
     1    0]
 [   0   28   20    5    0    0    0    0    0    9  155  342    1    1
     0    2]
 [   0    0    2    1    0    0    0    0    0    0    4    4  181    2
     1    0]
 [   0    0    0    0    7    1    0    0    0    0    0    0    1 1157
    36    0]
 [   0    1    0    0   18   54    0    0    0    0    0    0    9  101
   183    1]
 [   0    4    1    0    0    0    0    0    0    0    0    1    0    0
     0   82]]---
Accuracy : 78.61%
---
class acc :
	Alfalfa: 15.91
	Corn-notill: 72.44
	Corn-mintill: 66.41
	Corn: 39.11
	Grass-pasture: 84.53
	Grass-trees: 97.40
	Grass-pasture-mowed: 25.93
	Hay-windrowed: 98.90
	Oats: 52.63
	Soybean-notill: 78.66
	Soybean-mintill: 79.42
	Soybean-clean: 60.75
	Wheat: 92.82
	Woods: 96.26
	Buildings-Grass-Trees-Drives: 49.86
	Stone-Steel-Towers: 93.18
---
[15.90909091 72.43920413 66.41318124 39.11111111 84.53159041 97.4025974
 25.92592593 98.89867841 52.63157895 78.65655471 79.41680961 60.74600355
 92.82051282 96.2562396  49.86376022 93.18181818]---
AA: 69.01%
Kappa: 75.48
running an experiment with the lightweight_spectral_mamba model
run 7 / 10
train at epoch 1/300, loss=2.613490
epoch = 1: best acc = 0.0866
epoch = 2: best acc = 0.1354
epoch = 3: best acc = 0.3813
epoch = 4: best acc = 0.4397
epoch = 5: best acc = 0.4521
epoch = 6: best acc = 0.4543
epoch = 7: best acc = 0.4568
epoch = 8: best acc = 0.4834
epoch = 9: best acc = 0.4877
train at epoch 10/300, loss=1.381147
epoch = 10: best acc = 0.4877
epoch = 11: best acc = 0.4993
epoch = 12: best acc = 0.5044
epoch = 13: best acc = 0.5046
epoch = 14: best acc = 0.5168
epoch = 15: best acc = 0.5282
epoch = 16: best acc = 0.5392
epoch = 17: best acc = 0.5560
train at epoch 20/300, loss=1.119667
epoch = 20: best acc = 0.5650
epoch = 25: best acc = 0.5655
epoch = 28: best acc = 0.5772
epoch = 29: best acc = 0.5804
train at epoch 30/300, loss=0.941019
epoch = 30: best acc = 0.5898
epoch = 33: best acc = 0.5993
epoch = 34: best acc = 0.6074
epoch = 35: best acc = 0.6085
train at epoch 40/300, loss=0.820585
epoch = 40: best acc = 0.6094
epoch = 41: best acc = 0.6182
epoch = 42: best acc = 0.6191
epoch = 45: best acc = 0.6472
epoch = 47: best acc = 0.6550
train at epoch 50/300, loss=0.713804
train at epoch 60/300, loss=0.630499
epoch = 61: best acc = 0.6596
epoch = 68: best acc = 0.6670
train at epoch 70/300, loss=0.522079
epoch = 70: best acc = 0.6686
epoch = 72: best acc = 0.6694
train at epoch 80/300, loss=0.511866
epoch = 82: best acc = 0.6720
epoch = 86: best acc = 0.6826
epoch = 88: best acc = 0.6872
train at epoch 90/300, loss=0.422275
train at epoch 100/300, loss=0.380843
epoch = 101: best acc = 0.6930
epoch = 107: best acc = 0.6954
epoch = 108: best acc = 0.7019
train at epoch 110/300, loss=0.354391
epoch = 119: best acc = 0.7143
train at epoch 120/300, loss=0.277571
train at epoch 130/300, loss=0.262940
train at epoch 140/300, loss=0.266148
epoch = 149: best acc = 0.7148
train at epoch 150/300, loss=0.179791
epoch = 151: best acc = 0.7186
train at epoch 160/300, loss=0.199540
epoch = 160: best acc = 0.7213
epoch = 161: best acc = 0.7247
epoch = 164: best acc = 0.7288
train at epoch 170/300, loss=0.178751
epoch = 173: best acc = 0.7339
train at epoch 180/300, loss=0.139149
train at epoch 190/300, loss=0.135361
epoch = 191: best acc = 0.7367
train at epoch 200/300, loss=0.140704
train at epoch 210/300, loss=0.111511
train at epoch 220/300, loss=0.089822
epoch = 224: best acc = 0.7377
train at epoch 230/300, loss=0.108827
epoch = 232: best acc = 0.7419
epoch = 233: best acc = 0.7443
epoch = 234: best acc = 0.7447
train at epoch 240/300, loss=0.088922
train at epoch 250/300, loss=0.072670
epoch = 256: best acc = 0.7453
train at epoch 260/300, loss=0.061326
epoch = 260: best acc = 0.7480
train at epoch 270/300, loss=0.065653
train at epoch 280/300, loss=0.094386
train at epoch 290/300, loss=0.061149
epoch = 290: best acc = 0.7518
train at epoch 300/300, loss=0.068658
Confusion matrix :
[[  15    0    0    0    2    0    0   27    0    0    0    0    0    0
     0    0]
 [   0 1017   31   10    2    2    0    0    0  122  143   29    0    0
     1    0]
 [   0   64  351    8    0    0    0    0    0   13  261   92    0    0
     0    0]
 [   0   38   54   80    0    2    0    0    0    1   36   13    1    0
     0    0]
 [   3    0    1    4  418   11    0    3    0    3    2    6    0    7
     1    0]
 [   0    0    0    0   15  665    0    0    0    0    0    0    0   12
     1    0]
 [   0    0    0    0    1    0    6   19    0    1    0    0    0    0
     0    0]
 [   0    0    0    0    1    0    0  452    0    0    0    0    0    0
     1    0]
 [   0    0    0    6    1    6    0    0    3    0    0    0    3    0
     0    0]
 [   0   33   14    3    3    0    0    0    0  658  209    3    0    0
     0    0]
 [   0  210   97    6    2    0    0    2    0  155 1693  166    0    0
     1    0]
 [   0   82   17   11    0    1    0    0    0    6   95  347    0    0
     0    4]
 [   0    0    0    0    0    0    0    0    0    0    1    0  194    0
     0    0]
 [   0    0    0    0   17    0    0    0    0    0    0    0    2 1138
    45    0]
 [   0    0    0    0   16   35    0    0    0    0    0    0    8   98
   210    0]
 [   0    7    0    0    0    0    0    0    0    0    0    8    0    0
     0   73]]---
Accuracy : 75.18%
---
class acc :
	Alfalfa: 34.09
	Corn-notill: 74.94
	Corn-mintill: 44.49
	Corn: 35.56
	Grass-pasture: 91.07
	Grass-trees: 95.96
	Grass-pasture-mowed: 22.22
	Hay-windrowed: 99.56
	Oats: 15.79
	Soybean-notill: 71.29
	Soybean-mintill: 72.60
	Soybean-clean: 61.63
	Wheat: 99.49
	Woods: 94.68
	Buildings-Grass-Trees-Drives: 57.22
	Stone-Steel-Towers: 82.95
---
[34.09090909 74.94473102 44.48669202 35.55555556 91.06753813 95.95959596
 22.22222222 99.55947137 15.78947368 71.28927411 72.59862779 61.63410302
 99.48717949 94.67554077 57.22070845 82.95454545]---
AA: 65.85%
Kappa: 71.58
running an experiment with the lightweight_spectral_mamba model
run 8 / 10
train at epoch 1/300, loss=2.522572
epoch = 1: best acc = 0.1589
epoch = 2: best acc = 0.4035
epoch = 3: best acc = 0.4805
epoch = 4: best acc = 0.4929
epoch = 5: best acc = 0.5034
epoch = 6: best acc = 0.5098
epoch = 8: best acc = 0.5098
epoch = 9: best acc = 0.5111
train at epoch 10/300, loss=1.367918
epoch = 10: best acc = 0.5170
epoch = 11: best acc = 0.5205
epoch = 12: best acc = 0.5291
epoch = 14: best acc = 0.5450
epoch = 15: best acc = 0.5487
epoch = 16: best acc = 0.5501
epoch = 17: best acc = 0.5538
epoch = 18: best acc = 0.5715
train at epoch 20/300, loss=1.082152
epoch = 20: best acc = 0.5721
epoch = 24: best acc = 0.5910
epoch = 25: best acc = 0.6007
epoch = 26: best acc = 0.6149
train at epoch 30/300, loss=0.875973
epoch = 33: best acc = 0.6349
epoch = 35: best acc = 0.6388
train at epoch 40/300, loss=0.737213
epoch = 40: best acc = 0.6545
epoch = 45: best acc = 0.6582
epoch = 47: best acc = 0.6640
train at epoch 50/300, loss=0.614169
epoch = 54: best acc = 0.6672
epoch = 56: best acc = 0.6774
epoch = 59: best acc = 0.6892
train at epoch 60/300, loss=0.517863
epoch = 66: best acc = 0.7034
train at epoch 70/300, loss=0.395224
epoch = 71: best acc = 0.7081
epoch = 72: best acc = 0.7163
epoch = 73: best acc = 0.7179
train at epoch 80/300, loss=0.353600
train at epoch 90/300, loss=0.372798
epoch = 94: best acc = 0.7271
train at epoch 100/300, loss=0.339086
epoch = 104: best acc = 0.7438
train at epoch 110/300, loss=0.265101
epoch = 117: best acc = 0.7446
train at epoch 120/300, loss=0.209620
epoch = 129: best acc = 0.7526
train at epoch 130/300, loss=0.208912
epoch = 138: best acc = 0.7528
train at epoch 140/300, loss=0.156058
train at epoch 150/300, loss=0.161785
train at epoch 160/300, loss=0.155068
train at epoch 170/300, loss=0.131532
epoch = 177: best acc = 0.7565
train at epoch 180/300, loss=0.119804
epoch = 184: best acc = 0.7600
train at epoch 190/300, loss=0.099230
epoch = 195: best acc = 0.7601
train at epoch 200/300, loss=0.116915
epoch = 204: best acc = 0.7603
epoch = 207: best acc = 0.7664
train at epoch 210/300, loss=0.082644
epoch = 213: best acc = 0.7679
train at epoch 220/300, loss=0.081981
train at epoch 230/300, loss=0.075768
train at epoch 240/300, loss=0.068165
train at epoch 250/300, loss=0.061911
epoch = 250: best acc = 0.7724
epoch = 254: best acc = 0.7767
train at epoch 260/300, loss=0.058866
train at epoch 270/300, loss=0.050586
epoch = 278: best acc = 0.7768
train at epoch 280/300, loss=0.047084
epoch = 280: best acc = 0.7773
epoch = 282: best acc = 0.7817
train at epoch 290/300, loss=0.047902
train at epoch 300/300, loss=0.051011
Confusion matrix :
[[  26    0    0    0    0    0    0   17    0    0    0    1    0    0
     0    0]
 [   0 1073   64    6    2    0    0    0    0   30  145   31    0    2
     2    2]
 [   0   23  510    5    1    0    0    0    0   13  172   65    0    0
     0    0]
 [   0    9   60  137    0    0    0    1    0    0    3   15    0    0
     0    0]
 [   0    3    0    2  346   21    0    0    0    3    0   11    0   72
     1    0]
 [   0    0    0    0    7  669    0    0    0    0    0    0    2    8
     7    0]
 [   0    0    0    0    2    0    3   22    0    0    0    0    0    0
     0    0]
 [   2    0    0    0    5    3    1  443    0    0    0    0    0    0
     0    0]
 [   0    0    0    1    3    3    0    0   10    0    0    0    0    0
     2    0]
 [   0   82   22    2    4    7    0    0    2  573  211   19    0    1
     0    0]
 [   0  229   88    8    7   19    2    1    0   88 1790   99    0    1
     0    0]
 [   0   19   32    4    0    1    0    0    0    2   78  422    0    0
     2    3]
 [   0    0    0    0    1    1    0    0    0    0    0    0  189    0
     4    0]
 [   0    0    0    0   11    0    0    0    0    0    0    0    0 1123
    68    0]
 [   0    0    0    0    2   33    0    0    0    0    0    1   15   99
   217    0]
 [   0    4    1    0    0    0    0    0    0    1    0    2    0    0
     0   80]]---
Accuracy : 78.17%
---
class acc :
	Alfalfa: 59.09
	Corn-notill: 79.07
	Corn-mintill: 64.64
	Corn: 60.89
	Grass-pasture: 75.38
	Grass-trees: 96.54
	Grass-pasture-mowed: 11.11
	Hay-windrowed: 97.58
	Oats: 52.63
	Soybean-notill: 62.08
	Soybean-mintill: 76.76
	Soybean-clean: 74.96
	Wheat: 96.92
	Woods: 93.43
	Buildings-Grass-Trees-Drives: 59.13
	Stone-Steel-Towers: 90.91
---
[59.09090909 79.07148121 64.63878327 60.88888889 75.38126362 96.53679654
 11.11111111 97.57709251 52.63157895 62.08017335 76.75814751 74.95559503
 96.92307692 93.42762063 59.1280654  90.90909091]---
AA: 71.94%
Kappa: 75.04
running an experiment with the lightweight_spectral_mamba model
run 9 / 10
train at epoch 1/300, loss=2.529969
epoch = 1: best acc = 0.0901
epoch = 2: best acc = 0.4175
epoch = 3: best acc = 0.4294
epoch = 4: best acc = 0.4619
epoch = 5: best acc = 0.4856
epoch = 6: best acc = 0.4948
epoch = 7: best acc = 0.4978
epoch = 8: best acc = 0.5015
epoch = 9: best acc = 0.5029
train at epoch 10/300, loss=1.401876
epoch = 10: best acc = 0.5080
epoch = 11: best acc = 0.5171
epoch = 13: best acc = 0.5297
epoch = 14: best acc = 0.5343
epoch = 15: best acc = 0.5382
epoch = 16: best acc = 0.5420
epoch = 17: best acc = 0.5464
epoch = 18: best acc = 0.5519
epoch = 19: best acc = 0.5545
train at epoch 20/300, loss=1.132322
epoch = 21: best acc = 0.5545
epoch = 22: best acc = 0.5591
epoch = 23: best acc = 0.5673
epoch = 26: best acc = 0.5739
epoch = 27: best acc = 0.5785
epoch = 28: best acc = 0.5789
train at epoch 30/300, loss=0.941254
epoch = 30: best acc = 0.5814
epoch = 31: best acc = 0.5865
epoch = 33: best acc = 0.6089
epoch = 34: best acc = 0.6120
train at epoch 40/300, loss=0.802423
epoch = 41: best acc = 0.6248
train at epoch 50/300, loss=0.703621
epoch = 50: best acc = 0.6304
epoch = 51: best acc = 0.6473
epoch = 57: best acc = 0.6527
epoch = 58: best acc = 0.6604
train at epoch 60/300, loss=0.596465
epoch = 64: best acc = 0.6615
train at epoch 70/300, loss=0.465638
epoch = 70: best acc = 0.6776
train at epoch 80/300, loss=0.426595
train at epoch 90/300, loss=0.346070
epoch = 90: best acc = 0.6813
epoch = 99: best acc = 0.6830
train at epoch 100/300, loss=0.346628
epoch = 103: best acc = 0.6877
epoch = 106: best acc = 0.6936
train at epoch 110/300, loss=0.255535
train at epoch 120/300, loss=0.258831
epoch = 121: best acc = 0.6960
epoch = 126: best acc = 0.6960
train at epoch 130/300, loss=0.176008
epoch = 137: best acc = 0.7075
train at epoch 140/300, loss=0.167196
train at epoch 150/300, loss=0.135411
epoch = 152: best acc = 0.7107
train at epoch 160/300, loss=0.145448
epoch = 167: best acc = 0.7151
train at epoch 170/300, loss=0.127860
train at epoch 180/300, loss=0.105292
epoch = 186: best acc = 0.7215
train at epoch 190/300, loss=0.097424
train at epoch 200/300, loss=0.101027
epoch = 207: best acc = 0.7287
train at epoch 210/300, loss=0.063596
train at epoch 220/300, loss=0.062214
train at epoch 230/300, loss=0.057962
train at epoch 240/300, loss=0.052428
train at epoch 250/300, loss=0.045372
epoch = 256: best acc = 0.7326
train at epoch 260/300, loss=0.043894
epoch = 268: best acc = 0.7330
train at epoch 270/300, loss=0.035969
epoch = 270: best acc = 0.7330
train at epoch 280/300, loss=0.036689
train at epoch 290/300, loss=0.022165
train at epoch 300/300, loss=0.035447
Confusion matrix :
[[   8    0    0    0    1    0    0   34    0    0    0    1    0    0
     0    0]
 [   0  958   62   17    0    0    0    0    0  124  183   12    0    0
     1    0]
 [   0  106  451    9    0    0    0    0    0   19  140   64    0    0
     0    0]
 [   0   48   44   94    0    1    0    0    0    2   16   19    0    0
     1    0]
 [   0    0    0    9  408    3    4    4    0    9    1    5    0   16
     0    0]
 [   0    0    0    0   13  656    0    0    0    1    0    0    0    2
    21    0]
 [   0    0    0    0    0    0    1   24    0    1    0    1    0    0
     0    0]
 [   0    0    0    0    3    0    1  447    0    0    1    1    0    1
     0    0]
 [   0    0    0    2    3    3    0    0    6    0    0    5    0    0
     0    0]
 [   0  145   14    0    0    0    0    0    0  541  222    1    0    0
     0    0]
 [   0  294   83   16    3    3    0    0    0  166 1685   82    0    0
     0    0]
 [   0   54   40    5    0    1    0    0    0   28  111  318    0    0
     0    6]
 [   0    1    0    0    0    0    0    0    0    0    0    0  186    0
     8    0]
 [   0    0    0    0   48    1    0    0    0    0    0    0    2 1113
    38    0]
 [   0    2    0    0    6   38    0    0    1    0    1    3   18  113
   185    0]
 [   0    3    4    0    0    0    0    0    0    0    0    1    0    0
     0   80]]---
Accuracy : 73.30%
---
class acc :
	Alfalfa: 18.18
	Corn-notill: 70.60
	Corn-mintill: 57.16
	Corn: 41.78
	Grass-pasture: 88.89
	Grass-trees: 94.66
	Grass-pasture-mowed: 3.70
	Hay-windrowed: 98.46
	Oats: 31.58
	Soybean-notill: 58.61
	Soybean-mintill: 72.26
	Soybean-clean: 56.48
	Wheat: 95.38
	Woods: 92.60
	Buildings-Grass-Trees-Drives: 50.41
	Stone-Steel-Towers: 90.91
---
[18.18181818 70.59690494 57.16096324 41.77777778 88.88888889 94.66089466
  3.7037037  98.45814978 31.57894737 58.61321777 72.25557461 56.48312611
 95.38461538 92.59567388 50.40871935 90.90909091]---
AA: 63.85%
Kappa: 69.44
running an experiment with the lightweight_spectral_mamba model
run 10 / 10
train at epoch 1/300, loss=2.588883
epoch = 1: best acc = 0.1394
epoch = 2: best acc = 0.1419
epoch = 3: best acc = 0.2898
epoch = 4: best acc = 0.4715
epoch = 5: best acc = 0.4919
epoch = 6: best acc = 0.4958
epoch = 7: best acc = 0.4991
epoch = 8: best acc = 0.5058
epoch = 9: best acc = 0.5059
train at epoch 10/300, loss=1.366317
epoch = 10: best acc = 0.5259
epoch = 11: best acc = 0.5278
epoch = 13: best acc = 0.5278
epoch = 14: best acc = 0.5392
epoch = 15: best acc = 0.5489
epoch = 17: best acc = 0.5688
train at epoch 20/300, loss=1.134169
epoch = 21: best acc = 0.5690
epoch = 22: best acc = 0.5694
epoch = 24: best acc = 0.5840
epoch = 26: best acc = 0.5883
epoch = 27: best acc = 0.5932
epoch = 28: best acc = 0.5949
train at epoch 30/300, loss=0.957673
epoch = 31: best acc = 0.6005
epoch = 32: best acc = 0.6232
epoch = 33: best acc = 0.6252
epoch = 38: best acc = 0.6323
epoch = 39: best acc = 0.6429
train at epoch 40/300, loss=0.853461
epoch = 41: best acc = 0.6472
train at epoch 50/300, loss=0.769774
train at epoch 60/300, loss=0.663017
epoch = 61: best acc = 0.6546
epoch = 62: best acc = 0.6625
epoch = 63: best acc = 0.6651
epoch = 65: best acc = 0.6699
epoch = 69: best acc = 0.6772
train at epoch 70/300, loss=0.554624
epoch = 71: best acc = 0.6822
epoch = 78: best acc = 0.6948
train at epoch 80/300, loss=0.510301
epoch = 84: best acc = 0.7037
train at epoch 90/300, loss=0.466102
epoch = 91: best acc = 0.7060
epoch = 93: best acc = 0.7077
epoch = 94: best acc = 0.7099
epoch = 96: best acc = 0.7112
epoch = 97: best acc = 0.7204
train at epoch 100/300, loss=0.383447
epoch = 100: best acc = 0.7221
epoch = 101: best acc = 0.7290
epoch = 102: best acc = 0.7347
epoch = 106: best acc = 0.7388
train at epoch 110/300, loss=0.352901
epoch = 113: best acc = 0.7391
epoch = 117: best acc = 0.7404
train at epoch 120/300, loss=0.344715
epoch = 127: best acc = 0.7453
epoch = 128: best acc = 0.7542
train at epoch 130/300, loss=0.294537
train at epoch 140/300, loss=0.250112
train at epoch 150/300, loss=0.252861
epoch = 150: best acc = 0.7585
train at epoch 160/300, loss=0.201873
train at epoch 170/300, loss=0.200748
epoch = 170: best acc = 0.7636
epoch = 171: best acc = 0.7651
train at epoch 180/300, loss=0.231785
epoch = 188: best acc = 0.7680
train at epoch 190/300, loss=0.160930
epoch = 197: best acc = 0.7701
train at epoch 200/300, loss=0.160398
epoch = 209: best acc = 0.7704
train at epoch 210/300, loss=0.153170
train at epoch 220/300, loss=0.144605
epoch = 221: best acc = 0.7746
train at epoch 230/300, loss=0.141853
epoch = 232: best acc = 0.7752
train at epoch 240/300, loss=0.135717
train at epoch 250/300, loss=0.096440
epoch = 252: best acc = 0.7753
epoch = 254: best acc = 0.7766
train at epoch 260/300, loss=0.159990
train at epoch 270/300, loss=0.100072
epoch = 275: best acc = 0.7792
train at epoch 280/300, loss=0.093788
train at epoch 290/300, loss=0.085008
epoch = 295: best acc = 0.7798
epoch = 296: best acc = 0.7801
train at epoch 300/300, loss=0.103826
Confusion matrix :
[[  19    1    0    0    0    0    0   22    0    0    0    0    0    2
     0    0]
 [   0  926   42   30    1    0    0    0    0  103  219   36    0    0
     0    0]
 [   0   32  515   11    0    0    0    0    0   17  178   36    0    0
     0    0]
 [   0   52   50   68    4    0    0    0    0    1   28   22    0    0
     0    0]
 [   0   11    0    4  390   10    2    0    0    0    0    2    0   37
     3    0]
 [   0    0    0    0   59  608    0    0    1    0    3    0    0    3
    19    0]
 [   0    0    0    0    0    0    1   25    0    0    0    0    0    1
     0    0]
 [   2    0    0    0    0    0    0  452    0    0    0    0    0    0
     0    0]
 [   0    0    0    0    6    3    0    0   10    0    0    0    0    0
     0    0]
 [   0   83    3    0    5    1    0    0    0  669  158    4    0    0
     0    0]
 [   0  167  169    1    4    0    0    0    0   76 1850   64    0    0
     0    1]
 [   0   24   46    9    3    3    0    0    0    3   19  451    1    0
     2    2]
 [   0    0    0    0    0    0    0    0    0    0    2    0  193    0
     0    0]
 [   0    0    0    0   10    0    0    0    0    0    0    0    1 1133
    58    0]
 [   0    1    0    0    7   28    0    0    0    0    1    0   13   93
   224    0]
 [   0    0    0    0    0    0    0    0    0    1    0    0    0    0
     0   87]]---
Accuracy : 78.01%
---
class acc :
	Alfalfa: 43.18
	Corn-notill: 68.24
	Corn-mintill: 65.27
	Corn: 30.22
	Grass-pasture: 84.97
	Grass-trees: 87.73
	Grass-pasture-mowed: 3.70
	Hay-windrowed: 99.56
	Oats: 52.63
	Soybean-notill: 72.48
	Soybean-mintill: 79.33
	Soybean-clean: 80.11
	Wheat: 98.97
	Woods: 94.26
	Buildings-Grass-Trees-Drives: 61.04
	Stone-Steel-Towers: 98.86
---
[43.18181818 68.23876197 65.27249683 30.22222222 84.96732026 87.73448773
  3.7037037  99.55947137 52.63157895 72.48104009 79.33104631 80.10657194
 98.97435897 94.25956739 61.03542234 98.86363636]---
AA: 70.04%
Kappa: 74.85
Agregated results :
Confusion matrix :
[[1.2500e+01 3.0000e-01 0.0000e+00 4.0000e-01 1.2000e+00 4.0000e-01
  0.0000e+00 2.8700e+01 0.0000e+00 0.0000e+00 0.0000e+00 3.0000e-01
  0.0000e+00 2.0000e-01 0.0000e+00 0.0000e+00]
 [0.0000e+00 9.8310e+02 4.2400e+01 2.2000e+01 1.7000e+00 8.0000e-01
  0.0000e+00 1.0000e-01 0.0000e+00 1.0640e+02 1.8070e+02 1.7500e+01
  3.0000e-01 8.0000e-01 9.0000e-01 3.0000e-01]
 [0.0000e+00 4.7800e+01 4.6770e+02 1.6000e+01 7.0000e-01 0.0000e+00
  0.0000e+00 0.0000e+00 0.0000e+00 1.3500e+01 1.8520e+02 5.7500e+01
  2.0000e-01 0.0000e+00 0.0000e+00 4.0000e-01]
 [0.0000e+00 2.6200e+01 4.2500e+01 1.2470e+02 6.0000e-01 3.0000e-01
  0.0000e+00 2.0000e-01 0.0000e+00 5.0000e-01 1.6900e+01 1.2000e+01
  5.0000e-01 0.0000e+00 6.0000e-01 0.0000e+00]
 [8.0000e-01 3.3000e+00 7.0000e-01 5.2000e+00 3.8300e+02 1.5800e+01
  6.0000e-01 3.4000e+00 3.0000e-01 2.0000e+00 2.0000e+00 6.8000e+00
  1.0000e-01 3.2500e+01 2.5000e+00 0.0000e+00]
 [0.0000e+00 0.0000e+00 0.0000e+00 6.0000e-01 1.3000e+01 6.5960e+02
  0.0000e+00 1.1000e+00 6.0000e-01 2.0000e-01 1.5000e+00 0.0000e+00
  3.0000e-01 4.0000e+00 1.2100e+01 0.0000e+00]
 [0.0000e+00 0.0000e+00 0.0000e+00 0.0000e+00 2.2000e+00 1.0000e-01
  3.9000e+00 1.9700e+01 0.0000e+00 3.0000e-01 3.0000e-01 1.0000e-01
  0.0000e+00 1.0000e-01 3.0000e-01 0.0000e+00]
 [7.0000e-01 0.0000e+00 0.0000e+00 0.0000e+00 1.0000e+00 7.0000e-01
  1.3000e+00 4.4960e+02 0.0000e+00 0.0000e+00 2.0000e-01 1.0000e-01
  0.0000e+00 1.0000e-01 3.0000e-01 0.0000e+00]
 [0.0000e+00 0.0000e+00 4.0000e-01 1.5000e+00 1.8000e+00 3.8000e+00
  0.0000e+00 0.0000e+00 8.2000e+00 0.0000e+00 0.0000e+00 1.0000e+00
  6.0000e-01 0.0000e+00 1.7000e+00 0.0000e+00]
 [0.0000e+00 5.9400e+01 1.0800e+01 2.9000e+00 2.1000e+00 1.5000e+00
  0.0000e+00 1.0000e-01 3.0000e-01 6.4750e+02 1.9250e+02 4.8000e+00
  1.0000e-01 4.0000e-01 6.0000e-01 0.0000e+00]
 [0.0000e+00 1.8590e+02 9.4300e+01 8.6000e+00 4.4000e+00 3.9000e+00
  2.0000e-01 8.0000e-01 1.0000e-01 1.5080e+02 1.8060e+03 7.4900e+01
  4.0000e-01 5.0000e-01 7.0000e-01 5.0000e-01]
 [0.0000e+00 3.7800e+01 4.0500e+01 7.9000e+00 8.0000e-01 9.0000e-01
  0.0000e+00 0.0000e+00 3.0000e-01 7.8000e+00 8.9700e+01 3.7210e+02
  4.0000e-01 1.0000e-01 1.3000e+00 3.4000e+00]
 [0.0000e+00 1.0000e-01 8.0000e-01 2.0000e-01 3.0000e-01 1.3000e+00
  0.0000e+00 0.0000e+00 1.0000e-01 1.0000e-01 7.0000e-01 5.0000e-01
  1.8640e+02 4.0000e-01 4.1000e+00 0.0000e+00]
 [0.0000e+00 0.0000e+00 0.0000e+00 0.0000e+00 1.6700e+01 3.0000e-01
  0.0000e+00 0.0000e+00 0.0000e+00 0.0000e+00 0.0000e+00 0.0000e+00
  1.6000e+00 1.1368e+03 4.6600e+01 0.0000e+00]
 [0.0000e+00 6.0000e-01 1.0000e-01 2.0000e-01 9.2000e+00 3.8200e+01
  0.0000e+00 3.0000e-01 2.0000e-01 0.0000e+00 9.0000e-01 1.0000e+00
  1.5100e+01 9.4400e+01 2.0670e+02 1.0000e-01]
 [0.0000e+00 3.5000e+00 1.1000e+00 0.0000e+00 0.0000e+00 0.0000e+00
  0.0000e+00 0.0000e+00 0.0000e+00 5.0000e-01 3.0000e-01 2.9000e+00
  0.0000e+00 0.0000e+00 0.0000e+00 7.9700e+01]]---
Accuracy: 77.31 +- 1.75
---
class acc :
	Alfalfa: 28.41 +- 14.56
	Corn-notill: 72.45 +- 4.03
	Corn-mintill: 59.28 +- 7.14
	Corn: 55.42 +- 17.47
	Grass-pasture: 83.44 +- 6.86
	Grass-trees: 95.18 +- 2.98
	Grass-pasture-mowed: 14.44 +- 7.49
	Hay-windrowed: 99.03 +- 1.01
	Oats: 43.16 +- 12.41
	Soybean-notill: 70.15 +- 5.68
	Soybean-mintill: 77.44 +- 4.32
	Soybean-clean: 66.09 +- 9.05
	Wheat: 95.59 +- 3.54
	Woods: 94.58 +- 1.62
	Buildings-Grass-Trees-Drives: 56.32 +- 5.02
	Stone-Steel-Towers: 90.57 +- 6.16
---
[array([ 29.54545455,  77.22918202,  54.37262357,  84.        ,
        86.71023965,  96.39249639,  18.51851852, 100.        ,
        57.89473684,  69.8808234 ,  79.80274443,  64.29840142,
        94.87179487,  95.34109817,  47.95640327,  80.68181818]), array([22.72727273, 64.70154753, 56.27376426, 69.77777778, 87.36383442,
       98.41269841, 14.81481481, 99.77973568, 47.36842105, 70.63921993,
       71.18353345, 72.64653641, 99.48717949, 96.33943428, 64.03269755,
       95.45454545]), array([22.72727273, 74.72365512, 52.5982256 , 50.66666667, 66.66666667,
       97.25829726,  7.40740741, 96.91629956, 42.10526316, 68.79739978,
       84.09090909, 61.98934281, 97.43589744, 95.34109817, 60.21798365,
       95.45454545]), array([  4.54545455,  71.11274871,  63.62484157,  70.22222222,
        82.78867102,  92.06349206,  14.81481481, 100.        ,
        31.57894737,  73.0227519 ,  83.44768439,  51.15452931,
        87.69230769,  91.26455907,  56.67574932,  95.45454545]), array([34.09090909, 71.40751658, 67.93409379, 72.        , 86.05664488,
       95.38239538, 22.22222222, 99.55947137, 47.36842105, 76.05633803,
       75.55746141, 76.90941385, 92.82051282, 96.2562396 , 56.67574932,
       81.81818182]), array([15.90909091, 72.43920413, 66.41318124, 39.11111111, 84.53159041,
       97.4025974 , 25.92592593, 98.89867841, 52.63157895, 78.65655471,
       79.41680961, 60.74600355, 92.82051282, 96.2562396 , 49.86376022,
       93.18181818]), array([34.09090909, 74.94473102, 44.48669202, 35.55555556, 91.06753813,
       95.95959596, 22.22222222, 99.55947137, 15.78947368, 71.28927411,
       72.59862779, 61.63410302, 99.48717949, 94.67554077, 57.22070845,
       82.95454545]), array([59.09090909, 79.07148121, 64.63878327, 60.88888889, 75.38126362,
       96.53679654, 11.11111111, 97.57709251, 52.63157895, 62.08017335,
       76.75814751, 74.95559503, 96.92307692, 93.42762063, 59.1280654 ,
       90.90909091]), array([18.18181818, 70.59690494, 57.16096324, 41.77777778, 88.88888889,
       94.66089466,  3.7037037 , 98.45814978, 31.57894737, 58.61321777,
       72.25557461, 56.48312611, 95.38461538, 92.59567388, 50.40871935,
       90.90909091]), array([43.18181818, 68.23876197, 65.27249683, 30.22222222, 84.96732026,
       87.73448773,  3.7037037 , 99.55947137, 52.63157895, 72.48104009,
       79.33104631, 80.10657194, 98.97435897, 94.25956739, 61.03542234,
       98.86363636])]---
AA: 68.85 +- 2.65
Kappa: 74.03 +- 2.00
